Component: ARM Compiler 5.06 update 5 (build 528) Tool: armlink [4d35e2]

==============================================================================

Section Cross References

    startup_stm32f10x_md.o(STACK) refers (Special) to heapauxi.o(.text) for __use_two_region_memory
    startup_stm32f10x_md.o(HEAP) refers (Special) to heapauxi.o(.text) for __use_two_region_memory
    startup_stm32f10x_md.o(RESET) refers (Special) to heapauxi.o(.text) for __use_two_region_memory
    startup_stm32f10x_md.o(RESET) refers to startup_stm32f10x_md.o(STACK) for __initial_sp
    startup_stm32f10x_md.o(RESET) refers to startup_stm32f10x_md.o(.text) for Reset_Handler
    startup_stm32f10x_md.o(RESET) refers to stm32f10x_it.o(i.NMI_Handler) for NMI_Handler
    startup_stm32f10x_md.o(RESET) refers to stm32f10x_it.o(i.HardFault_Handler) for HardFault_Handler
    startup_stm32f10x_md.o(RESET) refers to stm32f10x_it.o(i.MemManage_Handler) for MemManage_Handler
    startup_stm32f10x_md.o(RESET) refers to stm32f10x_it.o(i.BusFault_Handler) for BusFault_Handler
    startup_stm32f10x_md.o(RESET) refers to stm32f10x_it.o(i.UsageFault_Handler) for UsageFault_Handler
    startup_stm32f10x_md.o(RESET) refers to stm32f10x_it.o(i.SVC_Handler) for SVC_Handler
    startup_stm32f10x_md.o(RESET) refers to stm32f10x_it.o(i.DebugMon_Handler) for DebugMon_Handler
    startup_stm32f10x_md.o(RESET) refers to stm32f10x_it.o(i.PendSV_Handler) for PendSV_Handler
    startup_stm32f10x_md.o(RESET) refers to stm32f10x_it.o(i.SysTick_Handler) for SysTick_Handler
    startup_stm32f10x_md.o(RESET) refers to stm32f10x_it.o(i.USB_LP_CAN1_RX0_IRQHandler) for USB_LP_CAN1_RX0_IRQHandler
    startup_stm32f10x_md.o(RESET) refers to gamepad.o(i.USART1_IRQHandler) for USART1_IRQHandler
    startup_stm32f10x_md.o(RESET) refers to stm32f10x_it.o(i.USBWakeUp_IRQHandler) for USBWakeUp_IRQHandler
    startup_stm32f10x_md.o(.text) refers (Special) to heapauxi.o(.text) for __use_two_region_memory
    startup_stm32f10x_md.o(.text) refers to system_stm32f10x.o(i.SystemInit) for SystemInit
    startup_stm32f10x_md.o(.text) refers to __main.o(!!!main) for __main
    startup_stm32f10x_md.o(.text) refers to startup_stm32f10x_md.o(HEAP) for Heap_Mem
    startup_stm32f10x_md.o(.text) refers to startup_stm32f10x_md.o(STACK) for Stack_Mem
    system_stm32f10x.o(i.SetSysClock) refers to system_stm32f10x.o(i.SetSysClockTo72) for SetSysClockTo72
    system_stm32f10x.o(i.SystemCoreClockUpdate) refers to system_stm32f10x.o(.data) for SystemCoreClock
    system_stm32f10x.o(i.SystemInit) refers to system_stm32f10x.o(i.SetSysClock) for SetSysClock
    stm32f10x_adc.o(i.ADC_DeInit) refers to stm32f10x_rcc.o(i.RCC_APB2PeriphResetCmd) for RCC_APB2PeriphResetCmd
    stm32f10x_bkp.o(i.BKP_DeInit) refers to stm32f10x_rcc.o(i.RCC_BackupResetCmd) for RCC_BackupResetCmd
    stm32f10x_can.o(i.CAN_DeInit) refers to stm32f10x_rcc.o(i.RCC_APB1PeriphResetCmd) for RCC_APB1PeriphResetCmd
    stm32f10x_can.o(i.CAN_GetITStatus) refers to stm32f10x_can.o(i.CheckITStatus) for CheckITStatus
    stm32f10x_cec.o(i.CEC_DeInit) refers to stm32f10x_rcc.o(i.RCC_APB1PeriphResetCmd) for RCC_APB1PeriphResetCmd
    stm32f10x_dac.o(i.DAC_DeInit) refers to stm32f10x_rcc.o(i.RCC_APB1PeriphResetCmd) for RCC_APB1PeriphResetCmd
    stm32f10x_flash.o(i.FLASH_EnableWriteProtection) refers to stm32f10x_flash.o(i.FLASH_WaitForLastOperation) for FLASH_WaitForLastOperation
    stm32f10x_flash.o(i.FLASH_EraseAllBank1Pages) refers to stm32f10x_flash.o(i.FLASH_WaitForLastBank1Operation) for FLASH_WaitForLastBank1Operation
    stm32f10x_flash.o(i.FLASH_EraseAllPages) refers to stm32f10x_flash.o(i.FLASH_WaitForLastOperation) for FLASH_WaitForLastOperation
    stm32f10x_flash.o(i.FLASH_EraseOptionBytes) refers to stm32f10x_flash.o(i.FLASH_GetReadOutProtectionStatus) for FLASH_GetReadOutProtectionStatus
    stm32f10x_flash.o(i.FLASH_EraseOptionBytes) refers to stm32f10x_flash.o(i.FLASH_WaitForLastOperation) for FLASH_WaitForLastOperation
    stm32f10x_flash.o(i.FLASH_ErasePage) refers to stm32f10x_flash.o(i.FLASH_WaitForLastOperation) for FLASH_WaitForLastOperation
    stm32f10x_flash.o(i.FLASH_ProgramHalfWord) refers to stm32f10x_flash.o(i.FLASH_WaitForLastOperation) for FLASH_WaitForLastOperation
    stm32f10x_flash.o(i.FLASH_ProgramOptionByteData) refers to stm32f10x_flash.o(i.FLASH_WaitForLastOperation) for FLASH_WaitForLastOperation
    stm32f10x_flash.o(i.FLASH_ProgramWord) refers to stm32f10x_flash.o(i.FLASH_WaitForLastOperation) for FLASH_WaitForLastOperation
    stm32f10x_flash.o(i.FLASH_ReadOutProtection) refers to stm32f10x_flash.o(i.FLASH_WaitForLastOperation) for FLASH_WaitForLastOperation
    stm32f10x_flash.o(i.FLASH_UserOptionByteConfig) refers to stm32f10x_flash.o(i.FLASH_WaitForLastOperation) for FLASH_WaitForLastOperation
    stm32f10x_flash.o(i.FLASH_WaitForLastBank1Operation) refers to stm32f10x_flash.o(i.FLASH_GetBank1Status) for FLASH_GetBank1Status
[...]
    __rt_lib_init_lc_collate_1               0x080001a3   Thumb Code     0  libinit2.o(.ARM.Collect$$libinit$$00000011)
    __rt_lib_init_lc_ctype_1                 0x080001a3   Thumb Code     0  libinit2.o(.ARM.Collect$$libinit$$00000013)
    __rt_lib_init_lc_monetary_1              0x080001a3   Thumb Code     0  libinit2.o(.ARM.Collect$$libinit$$00000015)
    __rt_lib_init_lc_numeric_1               0x080001a3   Thumb Code     0  libinit2.o(.ARM.Collect$$libinit$$00000017)
    __rt_lib_init_lc_time_1                  0x080001a3   Thumb Code     0  libinit2.o(.ARM.Collect$$libinit$$00000019)
    __rt_lib_init_preinit_1                  0x080001a3   Thumb Code     0  libinit2.o(.ARM.Collect$$libinit$$00000004)
    __rt_lib_init_rand_1                     0x080001a3   Thumb Code     0  libinit2.o(.ARM.Collect$$libinit$$0000000E)
    __rt_lib_init_return                     0x080001a3   Thumb Code     0  libinit2.o(.ARM.Collect$$libinit$$00000033)
    __rt_lib_init_signal_1                   0x080001a3   Thumb Code     0  libinit2.o(.ARM.Collect$$libinit$$0000001D)
    __rt_lib_init_stdio_1                    0x080001a3   Thumb Code     0  libinit2.o(.ARM.Collect$$libinit$$00000025)
    __rt_lib_init_user_alloc_1               0x080001a3   Thumb Code     0  libinit2.o(.ARM.Collect$$libinit$$0000000C)
    __rt_lib_shutdown                        0x080001a5   Thumb Code     0  libshutdown.o(.ARM.Collect$$libshutdown$$00000000)
    __rt_lib_shutdown_cpp_1                  0x080001a7   Thumb Code     0  libshutdown2.o(.ARM.Collect$$libshutdown$$00000002)
    __rt_lib_shutdown_fp_trap_1              0x080001a7   Thumb Code     0  libshutdown2.o(.ARM.Collect$$libshutdown$$00000007)
    __rt_lib_shutdown_heap_1                 0x080001a7   Thumb Code     0  libshutdown2.o(.ARM.Collect$$libshutdown$$0000000F)
    __rt_lib_shutdown_return                 0x080001a7   Thumb Code     0  libshutdown2.o(.ARM.Collect$$libshutdown$$00000010)
    __rt_lib_shutdown_signal_1               0x080001a7   Thumb Code     0  libshutdown2.o(.ARM.Collect$$libshutdown$$0000000A)
    __rt_lib_shutdown_stdio_1                0x080001a7   Thumb Code     0  libshutdown2.o(.ARM.Collect$$libshutdown$$00000004)
    __rt_lib_shutdown_user_alloc_1           0x080001a7   Thumb Code     0  libshutdown2.o(.ARM.Collect$$libshutdown$$0000000C)
    __rt_entry                               0x080001a9   Thumb Code     0  __rtentry.o(.ARM.Collect$$rtentry$$00000000)
    __rt_entry_presh_1                       0x080001a9   Thumb Code     0  __rtentry2.o(.ARM.Collect$$rtentry$$00000002)
    __rt_entry_sh                            0x080001a9   Thumb Code     0  __rtentry4.o(.ARM.Collect$$rtentry$$00000004)
    __rt_entry_li                            0x080001af   Thumb Code     0  __rtentry2.o(.ARM.Collect$$rtentry$$0000000A)
    __rt_entry_postsh_1                      0x080001af   Thumb Code     0  __rtentry2.o(.ARM.Collect$$rtentry$$00000009)
    __rt_entry_main                          0x080001b3   Thumb Code     0  __rtentry2.o(.ARM.Collect$$rtentry$$0000000D)
    __rt_entry_postli_1                      0x080001b3   Thumb Code     0  __rtentry2.o(.ARM.Collect$$rtentry$$0000000C)
    __rt_exit                                0x080001bb   Thumb Code     0  rtexit.o(.ARM.Collect$$rtexit$$00000000)
    __rt_exit_ls                             0x080001bd   Thumb Code     0  rtexit2.o(.ARM.Collect$$rtexit$$00000003)
    __rt_exit_prels_1                        0x080001bd   Thumb Code     0  rtexit2.o(.ARM.Collect$$rtexit$$00000002)
    __rt_exit_exit                           0x080001c1   Thumb Code     0  rtexit2.o(.ARM.Collect$$rtexit$$00000004)
    Reset_Handler                            0x080001c9   Thumb Code     8  startup_stm32f10x_md.o(.text)
    ADC1_2_IRQHandler                        0x080001e3   Thumb Code     0  startup_stm32f10x_md.o(.text)
    CAN1_RX1_IRQHandler                      0x080001e3   Thumb Code     0  startup_stm32f10x_md.o(.text)
    CAN1_SCE_IRQHandler                      0x080001e3   Thumb Code     0  startup_stm32f10x_md.o(.text)
    DMA1_Channel1_IRQHandler                 0x080001e3   Thumb Code     0  startup_stm32f10x_md.o(.text)
    DMA1_Channel2_IRQHandler                 0x080001e3   Thumb Code     0  startup_stm32f10x_md.o(.text)
    DMA1_Channel3_IRQHandler                 0x080001e3   Thumb Code     0  startup_stm32f10x_md.o(.text)
    DMA1_Channel4_IRQHandler                 0x080001e3   Thumb Code     0  startup_stm32f10x_md.o(.text)
    DMA1_Channel5_IRQHandler                 0x080001e3   Thumb Code     0  startup_stm32f10x_md.o(.text)
    DMA1_Channel6_IRQHandler                 0x080001e3   Thumb Code     0  startup_stm32f10x_md.o(.text)
    DMA1_Channel7_IRQHandler                 0x080001e3   Thumb Code     0  startup_stm32f10x_md.o(.text)
    EXTI0_IRQHandler                         0x080001e3   Thumb Code     0  startup_stm32f10x_md.o(.text)
    EXTI15_10_IRQHandler                     0x080001e3   Thumb Code     0  startup_stm32f10x_md.o(.text)
    EXTI1_IRQHandler                         0x080001e3   Thumb Code     0  startup_stm32f10x_md.o(.text)
    EXTI2_IRQHandler                         0x080001e3   Thumb Code     0  startup_stm32f10x_md.o(.text)
    EXTI3_IRQHandler                         0x080001e3   Thumb Code     0  startup_stm32f10x_md.o(.text)
    EXTI4_IRQHandler                         0x080001e3   Thumb Code     0  startup_stm32f10x_md.o(.text)
    EXTI9_5_IRQHandler                       0x080001e3   Thumb Code     0  startup_stm32f10x_md.o(.text)
    FLASH_IRQHandler                         0x080001e3   Thumb Code     0  startup_stm32f10x_md.o(.text)
    I2C1_ER_IRQHandler                       0x080001e3   Thumb Code     0  startup_stm32f10x_md.o(.text)
    I2C1_EV_IRQHandler                       0x080001e3   Thumb Code     0  startup_stm32f10x_md.o(.text)
    I2C2_ER_IRQHandler                       0x080001e3   Thumb Code     0  startup_stm32f10x_md.o(.text)
    I2C2_EV_IRQHandler                       0x080001e3   Thumb Code     0  startup_stm32f10x_md.o(.text)
    PVD_IRQHandler                           0x080001e3   Thumb Code     0  startup_stm32f10x_md.o(.text)
    RCC_IRQHandler                           0x080001e3   Thumb Code     0  startup_stm32f10x_md.o(.text)
    RTCAlarm_IRQHandler                      0x080001e3   Thumb Code     0  startup_stm32f10x_md.o(.text)
    RTC_IRQHandler                           0x080001e3   Thumb Code     0  startup_stm32f10x_md.o(.text)
    SPI1_IRQHandler                          0x080001e3   Thumb Code     0  startup_stm32f10x_md.o(.text)
    SPI2_IRQHandler                          0x080001e3   Thumb Code     0  startup_stm32f10x_md.o(.text)
    TAMPER_IRQHandler                        0x080001e3   Thumb Code     0  startup_stm32f10x_md.o(.text)
    TIM1_BRK_IRQHandler                      0x080001e3   Thumb Code     0  startup_stm32f10x_md.o(.text)
    TIM1_CC_IRQHandler                       0x080001e3   Thumb Code     0  startup_stm32f10x_md.o(.text)
    TIM1_TRG_COM_IRQHandler                  0x080001e3   Thumb Code     0  startup_stm32f10x_md.o(.text)
    TIM1_UP_IRQHandler                       0x080001e3   Thumb Code     0  startup_stm32f10x_md.o(.text)
    TIM2_IRQHandler                          0x080001e3   Thumb Code     0  startup_stm32f10x_md.o(.text)
    TIM3_IRQHandler                          0x080001e3   Thumb Code     0  startup_stm32f10x_md.o(.text)
    TIM4_IRQHandler                          0x080001e3   Thumb Code     0  startup_stm32f10x_md.o(.text)
    USART2_IRQHandler                        0x080001e3   Thumb Code     0  startup_stm32f10x_md.o(.text)
    USART3_IRQHandler                        0x080001e3   Thumb Code     0  startup_stm32f10x_md.o(.text)
    USB_HP_CAN1_TX_IRQHandler                0x080001e3   Thumb Code     0  startup_stm32f10x_md.o(.text)
    WWDG_IRQHandler                          0x080001e3   Thumb Code     0  startup_stm32f10x_md.o(.text)
    __user_initial_stackheap                 0x080001e5   Thumb Code     0  startup_stm32f10x_md.o(.text)
    strchr                                   0x08000209   Thumb Code    20  strchr.o(.text)
    memcmp                                   0x0800021d   Thumb Code    88  memcmp.o(.text)
    __aeabi_memcpy                           0x08000275   Thumb Code     0  rt_memcpy_v6.o(.text)
    __rt_memcpy                              0x08000275   Thumb Code   138  rt_memcpy_v6.o(.text)
    _memcpy_lastbytes                        0x080002db   Thumb Code     0  rt_memcpy_v6.o(.text)
    __aeabi_memcpy4                          0x080002ff   Thumb Code     0  rt_memcpy_w.o(.text)
    __aeabi_memcpy8                          0x080002ff   Thumb Code     0  rt_memcpy_w.o(.text)
    __rt_memcpy_w                            0x080002ff   Thumb Code   100  rt_memcpy_w.o(.text)
    _memcpy_lastbytes_aligned                0x08000347   Thumb Code     0  rt_memcpy_w.o(.text)
    __aeabi_memset                           0x08000363   Thumb Code    16  aeabi_memset.o(.text)
    __aeabi_memclr                           0x08000373   Thumb Code     0  rt_memclr.o(.text)
    __rt_memclr                              0x08000373   Thumb Code    68  rt_memclr.o(.text)
    _memset                                  0x08000377   Thumb Code     0  rt_memclr.o(.text)
    __aeabi_memclr4                          0x080003b7   Thumb Code     0  rt_memclr_w.o(.text)
    __aeabi_memclr8                          0x080003b7   Thumb Code     0  rt_memclr_w.o(.text)
    __rt_memclr_w                            0x080003b7   Thumb Code    78  rt_memclr_w.o(.text)
    _memset_w                                0x080003bb   Thumb Code     0  rt_memclr_w.o(.text)
    __use_two_region_memory                  0x08000405   Thumb Code     2  heapauxi.o(.text)
    __rt_heap_escrow$2region                 0x08000407   Thumb Code     2  heapauxi.o(.text)
    __rt_heap_expand$2region                 0x08000409   Thumb Code     2  heapauxi.o(.text)
    __read_errno                             0x0800040b   Thumb Code    10  _rserrno.o(.text)
    __set_errno                              0x08000415   Thumb Code    12  _rserrno.o(.text)
    __aeabi_errno_addr                       0x08000421   Thumb Code     8  rt_errno_addr_intlibspace.o(.text)
    __errno$intlibspace                      0x08000421   Thumb Code     0  rt_errno_addr_intlibspace.o(.text)
    __rt_errno_addr$intlibspace              0x08000421   Thumb Code     0  rt_errno_addr_intlibspace.o(.text)
    __user_libspace                          0x08000429   Thumb Code     8  libspace.o(.text)
    __user_perproc_libspace                  0x08000429   Thumb Code     0  libspace.o(.text)
    __user_perthread_libspace                0x08000429   Thumb Code     0  libspace.o(.text)
    __user_setup_stackheap                   0x08000431   Thumb Code    74  sys_stackheap_outer.o(.text)
    exit                                     0x0800047b   Thumb Code    18  exit.o(.text)
    _sys_exit                                0x0800048d   Thumb Code     8  sys_exit.o(.text)
    __I$use$semihosting                      0x08000499   Thumb Code     0  use_no_semi.o(.text)
    __use_no_semihosting_swi                 0x08000499   Thumb Code     2  use_no_semi.o(.text)
    __semihosting_library_function           0x0800049b   Thumb Code     0  indicate_semi.o(.text)
    Album_Run                                0x0800058d   Thumb Code   232  album.o(i.Album_Run)
    BusFault_Handler                         0x08000899   Thumb Code     4  stm32f10x_it.o(i.BusFault_Handler)
    ByteSwap                                 0x0800089d   Thumb Code    12  usb_regs.o(i.ByteSwap)
    CDC_Send_DATA                            0x080008a9   Thumb Code    50  hw_config.o(i.CDC_Send_DATA)
    CTR_LP                                   0x080008e1   Thumb Code   616  usb_int.o(i.CTR_LP)
    ClearDTOG_RX                             0x08000b69   Thumb Code    48  usb_regs.o(i.ClearDTOG_RX)
    ClearDTOG_TX                             0x08000b9d   Thumb Code    48  usb_regs.o(i.ClearDTOG_TX)
    Clear_Status_Out                         0x08000bd1   Thumb Code    34  usb_regs.o(i.Clear_Status_Out)
    DebugMon_Handler                         0x08001179   Thumb Code     2  stm32f10x_it.o(i.DebugMon_Handler)
    Dino_Run                                 0x08001509   Thumb Code   270  gamedino.o(i.Dino_Run)
    EP1_IN_Callback                          0x080016c9   Thumb Code     8  usb_endp.o(i.EP1_IN_Callback)
    EP3_OUT_Callback                         0x080016d5   Thumb Code    36  usb_endp.o(i.EP3_OUT_Callback)
    EXTI_ClearITPendingBit                   0x08001705   Thumb Code     6  stm32f10x_exti.o(i.EXTI_ClearITPendingBit)
    EXTI_Init                                0x08001711   Thumb Code   142  stm32f10x_exti.o(i.EXTI_Init)
    GPIO_Init                                0x08001831   Thumb Code   278  stm32f10x_gpio.o(i.GPIO_Init)
    GPIO_ReadInputDataBit                    0x08001947   Thumb Code    18  stm32f10x_gpio.o(i.GPIO_ReadInputDataBit)
    GPIO_ResetBits                           0x08001959   Thumb Code     4  stm32f10x_gpio.o(i.GPIO_ResetBits)
    GPIO_SetBits                             0x0800195d   Thumb Code     4  stm32f10x_gpio.o(i.GPIO_SetBits)
    Gamepad_ButtonPressed                    0x08001c4d   Thumb Code    34  gamepad.o(i.Gamepad_ButtonPressed)
    Gamepad_GetDPad                          0x08001c75   Thumb Code     6  gamepad.o(i.Gamepad_GetDPad)
    Gamepad_GetDir                           0x08001c81   Thumb Code   124  gamepad.o(i.Gamepad_GetDir)
    Gamepad_GetLT                            0x08001d09   Thumb Code     6  gamepad.o(i.Gamepad_GetLT)
    Gamepad_GetRT                            0x08001d15   Thumb Code     6  gamepad.o(i.Gamepad_GetRT)
    Gamepad_Init                             0x08001d21   Thumb Code   180  gamepad.o(i.Gamepad_Init)
    GetEPRxAddr                              0x08001df1   Thumb Code    24  usb_regs.o(i.GetEPRxAddr)
    GetEPRxCount                             0x08001e11   Thumb Code    26  usb_regs.o(i.GetEPRxCount)
    GetEPTxAddr                              0x08001e35   Thumb Code    22  usb_regs.o(i.GetEPTxAddr)
    Get_SerialNum                            0x08001e55   Thumb Code    40  hw_config.o(i.Get_SerialNum)
    HardFault_Handler                        0x08001e85   Thumb Code     4  stm32f10x_it.o(i.HardFault_Handler)
    In0_Process                              0x08001e89   Thumb Code    98  usb_core.o(i.In0_Process)
    Leave_LowPowerMode                       0x08001ef9   Thumb Code    22  hw_config.o(i.Leave_LowPowerMode)
    MemManage_Handler                        0x08001f19   Thumb Code     4  stm32f10x_it.o(i.MemManage_Handler)
    Menu_Run                                 0x080020d1   Thumb Code   258  menu.o(i.Menu_Run)
    NMI_Handler                              0x08002275   Thumb Code     2  stm32f10x_it.o(i.NMI_Handler)
    NOP_Process                              0x08002277   Thumb Code     2  usb_core.o(i.NOP_Process)
    NVIC_Init                                0x080022a9   Thumb Code   100  misc.o(i.NVIC_Init)
    Out0_Process                             0x08002479   Thumb Code    70  usb_core.o(i.Out0_Process)
    PMAToUserBufferCopy                      0x080024c9   Thumb Code    34  usb_mem.o(i.PMAToUserBufferCopy)
    PendSV_Handler                           0x08002569   Thumb Code     2  stm32f10x_it.o(i.PendSV_Handler)
    Post0_Process                            0x0800256d   Thumb Code    54  usb_core.o(i.Post0_Process)
    PowerOn                                  0x080025b5   Thumb Code    54  usb_pwr.o(i.PowerOn)
    RCC_APB1PeriphClockCmd                   0x080025f5   Thumb Code    26  stm32f10x_rcc.o(i.RCC_APB1PeriphClockCmd)
    RCC_APB2PeriphClockCmd                   0x08002615   Thumb Code    26  stm32f10x_rcc.o(i.RCC_APB2PeriphClockCmd)
    RCC_GetClocksFreq                        0x08002635   Thumb Code   192  stm32f10x_rcc.o(i.RCC_GetClocksFreq)
    RCC_USBCLKConfig                         0x08002709   Thumb Code     6  stm32f10x_rcc.o(i.RCC_USBCLKConfig)
    Resume                                   0x08002a1d   Thumb Code   194  usb_pwr.o(i.Resume)
    Resume_Init                              0x08002aed   Thumb Code    30  usb_pwr.o(i.Resume_Init)
    SD_DL_Run                                0x08002b11   Thumb Code   952  sd_dl.o(i.SD_DL_Run)
    SD_GetSectorCount                        0x08002f75   Thumb Code     6  sd_spi.o(i.SD_GetSectorCount)
    SD_Init                                  0x08002f81   Thumb Code   322  sd_spi.o(i.SD_Init)
    SD_ReadCSD                               0x080030e1   Thumb Code   262  sd_spi.o(i.SD_ReadCSD)
    SD_ReadSector                            0x080031f5   Thumb Code   140  sd_spi.o(i.SD_ReadSector)
    SD_WriteSector                           0x08003405   Thumb Code   192  sd_spi.o(i.SD_WriteSector)
    SPI_Cmd                                  0x080034d5   Thumb Code    24  stm32f10x_spi.o(i.SPI_Cmd)
    SPI_I2S_GetFlagStatus                    0x080034ed   Thumb Code    18  stm32f10x_spi.o(i.SPI_I2S_GetFlagStatus)
    SPI_I2S_ReceiveData                      0x080034ff   Thumb Code     6  stm32f10x_spi.o(i.SPI_I2S_ReceiveData)
    SPI_I2S_SendData                         0x08003505   Thumb Code     4  stm32f10x_spi.o(i.SPI_I2S_SendData)
    SPI_Init                                 0x08003509   Thumb Code    60  stm32f10x_spi.o(i.SPI_Init)
    SPI_StructInit                           0x08003545   Thumb Code    24  stm32f10x_spi.o(i.SPI_StructInit)
    SSD1306_Clear                            0x08003585   Thumb Code    22  ssd1306.o(i.SSD1306_Clear)
    SSD1306_Display                          0x080035c9   Thumb Code    58  ssd1306.o(i.SSD1306_Display)
    SSD1306_DisplayRange                     0x0800360d   Thumb Code   118  ssd1306.o(i.SSD1306_DisplayRange)
    SSD1306_DrawLine                         0x0800368d   Thumb Code   158  ssd1306.o(i.SSD1306_DrawLine)
    SSD1306_DrawPixel                        0x0800372d   Thumb Code    96  ssd1306.o(i.SSD1306_DrawPixel)
    SSD1306_DrawRect                         0x08003791   Thumb Code    74  ssd1306.o(i.SSD1306_DrawRect)
    SSD1306_FillRect                         0x080037db   Thumb Code    86  ssd1306.o(i.SSD1306_FillRect)
    SSD1306_Init                             0x0800388d   Thumb Code   210  ssd1306.o(i.SSD1306_Init)
    SSD1306_ShowBitmap                       0x08003aa5   Thumb Code    36  ssd1306.o(i.SSD1306_ShowBitmap)
    SSD1306_ShowBitmapRegion                 0x08003acd   Thumb Code   178  ssd1306.o(i.SSD1306_ShowBitmapRegion)
    SSD1306_ShowChar                         0x08003b7f   Thumb Code   262  ssd1306.o(i.SSD1306_ShowChar)
    SSD1306_ShowHex                          0x08003c85   Thumb Code    78  ssd1306.o(i.SSD1306_ShowHex)
    SSD1306_ShowNum                          0x08003cd9   Thumb Code    84  ssd1306.o(i.SSD1306_ShowNum)
    SSD1306_ShowString                       0x08003d2d   Thumb Code   126  ssd1306.o(i.SSD1306_ShowString)
    SVC_Handler                              0x08003deb   Thumb Code     2  stm32f10x_it.o(i.SVC_Handler)
    Servo_Run                                0x08004051   Thumb Code   216  servo.o(i.Servo_Run)
    SetBTABLE                                0x08004219   Thumb Code    12  usb_regs.o(i.SetBTABLE)
    SetDeviceAddress                         0x08004229   Thumb Code    68  usb_core.o(i.SetDeviceAddress)
    SetEPRxAddr                              0x080042ad   Thumb Code    26  usb_regs.o(i.SetEPRxAddr)
    SetEPRxCount                             0x080042d1   Thumb Code    68  usb_regs.o(i.SetEPRxCount)
    SetEPRxStatus                            0x0800431d   Thumb Code    60  usb_regs.o(i.SetEPRxStatus)
    SetEPRxValid                             0x0800435d   Thumb Code    48  usb_regs.o(i.SetEPRxValid)
    SetEPTxAddr                              0x08004391   Thumb Code    24  usb_regs.o(i.SetEPTxAddr)
    SetEPTxCount                             0x080043b1   Thumb Code    20  usb_regs.o(i.SetEPTxCount)
    SetEPTxStatus                            0x080043cd   Thumb Code    60  usb_regs.o(i.SetEPTxStatus)
    SetEPTxValid                             0x0800440d   Thumb Code    48  usb_regs.o(i.SetEPTxValid)
    SetEPType                                0x08004441   Thumb Code    32  usb_regs.o(i.SetEPType)
    Set_System                               0x0800454d   Thumb Code    34  hw_config.o(i.Set_System)
    Set_USBClock                             0x08004575   Thumb Code    18  hw_config.o(i.Set_USBClock)
    Setup0_Process                           0x08004589   Thumb Code   170  usb_core.o(i.Setup0_Process)
    Signal_Run                               0x08004c69   Thumb Code   750  signal.o(i.Signal_Run)
    Snake_Run                                0x08005079   Thumb Code   186  gamesnake.o(i.Snake_Run)
    Standard_ClearFeature                    0x080051c9   Thumb Code   342  usb_core.o(i.Standard_ClearFeature)
    Standard_GetConfiguration                0x08005335   Thumb Code    34  usb_core.o(i.Standard_GetConfiguration)
    Standard_GetDescriptorData               0x08005361   Thumb Code    32  usb_core.o(i.Standard_GetDescriptorData)
    Standard_GetInterface                    0x08005385   Thumb Code    34  usb_core.o(i.Standard_GetInterface)
    Standard_GetStatus                       0x080053b1   Thumb Code   238  usb_core.o(i.Standard_GetStatus)
    Standard_SetConfiguration                0x080054b1   Thumb Code    60  usb_core.o(i.Standard_SetConfiguration)
    Standard_SetDeviceFeature                0x080054f9   Thumb Code    30  usb_core.o(i.Standard_SetDeviceFeature)
    Standard_SetEndPointFeature              0x08005521   Thumb Code   192  usb_core.o(i.Standard_SetEndPointFeature)
    Standard_SetInterface                    0x080055f1   Thumb Code    96  usb_core.o(i.Standard_SetInterface)
    Suspend                                  0x08005701   Thumb Code   296  usb_pwr.o(i.Suspend)
    SysTick_Handler                          0x08005841   Thumb Code    12  stm32f10x_it.o(i.SysTick_Handler)
    SystemInit                               0x08005851   Thumb Code    78  system_stm32f10x.o(i.SystemInit)
    TIM_Cmd                                  0x080058b1   Thumb Code    24  stm32f10x_tim.o(i.TIM_Cmd)
    TIM_OC3Init                              0x080058c9   Thumb Code   150  stm32f10x_tim.o(i.TIM_OC3Init)
    TIM_OC3PreloadConfig                     0x08005969   Thumb Code    18  stm32f10x_tim.o(i.TIM_OC3PreloadConfig)
    TIM_SetCompare3                          0x0800597b   Thumb Code     4  stm32f10x_tim.o(i.TIM_SetCompare3)
    TIM_TimeBaseInit                         0x08005981   Thumb Code   122  stm32f10x_tim.o(i.TIM_TimeBaseInit)
    USART1_IRQHandler                        0x08005a25   Thumb Code   330  gamepad.o(i.USART1_IRQHandler)
    USART_ClearFlag                          0x08005bad   Thumb Code    18  stm32f10x_usart.o(i.USART_ClearFlag)
    USART_ClearITPendingBit                  0x08005bbf   Thumb Code    30  stm32f10x_usart.o(i.USART_ClearITPendingBit)
    USART_Cmd                                0x08005bdd   Thumb Code    24  stm32f10x_usart.o(i.USART_Cmd)
    USART_GetFlagStatus                      0x08005bf5   Thumb Code    26  stm32f10x_usart.o(i.USART_GetFlagStatus)
    USART_GetITStatus                        0x08005c0f   Thumb Code    84  stm32f10x_usart.o(i.USART_GetITStatus)
    USART_ITConfig                           0x08005c63   Thumb Code    74  stm32f10x_usart.o(i.USART_ITConfig)
    USART_Init                               0x08005cad   Thumb Code   210  stm32f10x_usart.o(i.USART_Init)
    USART_ReceiveData                        0x08005d85   Thumb Code    10  stm32f10x_usart.o(i.USART_ReceiveData)
    USART_SendData                           0x08005d8f   Thumb Code     8  stm32f10x_usart.o(i.USART_SendData)
    USART_StructInit                         0x08005d97   Thumb Code    24  stm32f10x_usart.o(i.USART_StructInit)
    USBWakeUp_IRQHandler                     0x08005daf   Thumb Code    12  stm32f10x_it.o(i.USBWakeUp_IRQHandler)
    USB_Cable_Config                         0x08005dbb   Thumb Code     2  hw_config.o(i.USB_Cable_Config)
    USB_Init                                 0x08005dbd   Thumb Code    36  usb_init.o(i.USB_Init)
    USB_Interrupts_Config                    0x08005df9   Thumb Code    32  hw_config.o(i.USB_Interrupts_Config)
    USB_Istr                                 0x08005e19   Thumb Code   484  usb_istr.o(i.USB_Istr)
    USB_LP_CAN1_RX0_IRQHandler               0x08006025   Thumb Code     8  stm32f10x_it.o(i.USB_LP_CAN1_RX0_IRQHandler)
    USB_SIL_Init                             0x0800602d   Thumb Code    28  usb_sil.o(i.USB_SIL_Init)
    UsageFault_Handler                       0x08006145   Thumb Code     4  stm32f10x_it.o(i.UsageFault_Handler)
    UserToPMABufferCopy                      0x08006149   Thumb Code    52  usb_mem.o(i.UserToPMABufferCopy)
    Video_Run                                0x08006455   Thumb Code   528  video.o(i.Video_Run)
    Virtual_Com_Port_Data_Setup              0x08006795   Thumb Code    82  usb_prop.o(i.Virtual_Com_Port_Data_Setup)
    Virtual_Com_Port_GetConfigDescriptor     0x080067f9   Thumb Code    14  usb_prop.o(i.Virtual_Com_Port_GetConfigDescriptor)
    Virtual_Com_Port_GetDeviceDescriptor     0x0800680d   Thumb Code    14  usb_prop.o(i.Virtual_Com_Port_GetDeviceDescriptor)
    Virtual_Com_Port_GetLineCoding           0x08006821   Thumb Code    20  usb_prop.o(i.Virtual_Com_Port_GetLineCoding)
    Virtual_Com_Port_GetStringDescriptor     0x0800683d   Thumb Code    32  usb_prop.o(i.Virtual_Com_Port_GetStringDescriptor)
    Virtual_Com_Port_Get_Interface_Setting   0x08006865   Thumb Code    22  usb_prop.o(i.Virtual_Com_Port_Get_Interface_Setting)
    Virtual_Com_Port_NoData_Setup            0x0800687d   Thumb Code    36  usb_prop.o(i.Virtual_Com_Port_NoData_Setup)
    Virtual_Com_Port_Reset                   0x080068a5   Thumb Code   216  usb_prop.o(i.Virtual_Com_Port_Reset)
    Virtual_Com_Port_SetConfiguration        0x0800698d   Thumb Code    14  usb_prop.o(i.Virtual_Com_Port_SetConfiguration)
    Virtual_Com_Port_SetDeviceAddress        0x080069a5   Thumb Code     8  usb_prop.o(i.Virtual_Com_Port_SetDeviceAddress)
    Virtual_Com_Port_SetLineCoding           0x080069b1   Thumb Code    20  usb_prop.o(i.Virtual_Com_Port_SetLineCoding)
    Virtual_Com_Port_Status_In               0x080069cd   Thumb Code    16  usb_prop.o(i.Virtual_Com_Port_Status_In)
    Virtual_Com_Port_Status_Out              0x080069e1   Thumb Code     2  usb_prop.o(i.Virtual_Com_Port_Status_Out)
    Virtual_Com_Port_init                    0x080069e5   Thumb Code    30  usb_prop.o(i.Virtual_Com_Port_init)
    __mathlib_flt_infnan                     0x08006b05   Thumb Code     6  funder.o(i.__mathlib_flt_infnan)
    __mathlib_flt_invalid                    0x08006b0b   Thumb Code     8  funder.o(i.__mathlib_flt_invalid)
    __mathlib_rredf2                         0x08006b15   Thumb Code   344  rredf.o(i.__mathlib_rredf2)
    bsp_delay_init                           0x08006c7d   Thumb Code   104  bsp_delay.o(i.bsp_delay_init)
    bsp_delay_ms                             0x08006cf5   Thumb Code    18  bsp_delay.o(i.bsp_delay_ms)
    bsp_delay_us                             0x08006d0d   Thumb Code    34  bsp_delay.o(i.bsp_delay_us)
    bsp_delay_us_now                         0x08006d3d   Thumb Code    20  bsp_delay.o(i.bsp_delay_us_now)
    cosf                                     0x08006e59   Thumb Code   328  cosf.o(i.cosf)
    disk_initialize                          0x080076e7   Thumb Code    24  diskio.o(i.disk_initialize)
    disk_ioctl                               0x080076ff   Thumb Code    78  diskio.o(i.disk_ioctl)
    disk_read                                0x0800774d   Thumb Code    54  diskio.o(i.disk_read)
    disk_status                              0x08007783   Thumb Code    14  diskio.o(i.disk_status)
    disk_write                               0x08007791   Thumb Code    54  diskio.o(i.disk_write)
    f_close                                  0x080077c7   Thumb Code    34  ff.o(i.f_close)
    f_closedir                               0x080077e9   Thumb Code    24  ff.o(i.f_closedir)
    f_lseek                                  0x08007801   Thumb Code   388  ff.o(i.f_lseek)
    f_mkdir                                  0x08007985   Thumb Code   256  ff.o(i.f_mkdir)
    f_mkfs                                   0x08007a89   Thumb Code  1654  ff.o(i.f_mkfs)
    f_mount                                  0x08008135   Thumb Code    80  ff.o(i.f_mount)
    f_open                                   0x08008189   Thumb Code   492  ff.o(i.f_open)
    f_opendir                                0x08008379   Thumb Code   108  ff.o(i.f_opendir)
    f_read                                   0x080083e5   Thumb Code   412  ff.o(i.f_read)
    f_readdir                                0x08008581   Thumb Code    78  ff.o(i.f_readdir)
    f_stat                                   0x080085cf   Thumb Code    62  ff.o(i.f_stat)
    f_sync                                   0x0800860d   Thumb Code   156  ff.o(i.f_sync)
    f_unlink                                 0x080086ad   Thumb Code   170  ff.o(i.f_unlink)
    f_write                                  0x08008757   Thumb Code   478  ff.o(i.f_write)
    main                                     0x08008db9   Thumb Code   450  main.o(i.main)
    __aeabi_dadd                             0x080096e1   Thumb Code     0  daddsub_clz.o(x$fpl$dadd)
    _dadd                                    0x080096e1   Thumb Code   332  daddsub_clz.o(x$fpl$dadd)
    __aeabi_d2uiz                            0x08009831   Thumb Code     0  dfixu.o(x$fpl$dfixu)
    _dfixu                                   0x08009831   Thumb Code    90  dfixu.o(x$fpl$dfixu)
    __aeabi_ui2d                             0x0800988b   Thumb Code     0  dflt_clz.o(x$fpl$dfltu)
    _dfltu                                   0x0800988b   Thumb Code    38  dflt_clz.o(x$fpl$dfltu)
    __fpl_dnaninf                            0x080098b1   Thumb Code   156  dnaninf.o(x$fpl$dnaninf)
    __fpl_dretinf                            0x0800994d   Thumb Code    12  dretinf.o(x$fpl$dretinf)
    __aeabi_dsub                             0x08009959   Thumb Code     0  daddsub_clz.o(x$fpl$dsub)
    _dsub                                    0x08009959   Thumb Code   464  daddsub_clz.o(x$fpl$dsub)
    __aeabi_fadd                             0x08009b2d   Thumb Code     0  faddsub_clz.o(x$fpl$fadd)
    _fadd                                    0x08009b2d   Thumb Code   196  faddsub_clz.o(x$fpl$fadd)
    __fpl_fcheck_NaN1                        0x08009bf1   Thumb Code     6  fcheck1.o(x$fpl$fcheck1)
    __aeabi_fdiv                             0x08009bfd   Thumb Code     0  fdiv.o(x$fpl$fdiv)
    _fdiv                                    0x08009bfd   Thumb Code   384  fdiv.o(x$fpl$fdiv)
    __aeabi_f2iz                             0x08009d81   Thumb Code     0  ffix.o(x$fpl$ffix)
    _ffix                                    0x08009d81   Thumb Code    54  ffix.o(x$fpl$ffix)
    __aeabi_i2f                              0x08009db9   Thumb Code     0  fflt_clz.o(x$fpl$fflt)
    _fflt                                    0x08009db9   Thumb Code    48  fflt_clz.o(x$fpl$fflt)
    __aeabi_ui2f                             0x08009de9   Thumb Code     0  fflt_clz.o(x$fpl$ffltu)
    _ffltu                                   0x08009de9   Thumb Code    38  fflt_clz.o(x$fpl$ffltu)
    __aeabi_fmul                             0x08009e11   Thumb Code     0  fmul.o(x$fpl$fmul)
    _fmul                                    0x08009e11   Thumb Code   258  fmul.o(x$fpl$fmul)
    __fpl_fnaninf                            0x08009f13   Thumb Code   140  fnaninf.o(x$fpl$fnaninf)
    __fpl_fretinf                            0x08009f9f   Thumb Code    10  fretinf.o(x$fpl$fretinf)
    _frnd                                    0x08009fa9   Thumb Code    96  frnd.o(x$fpl$frnd)
    __aeabi_frsub                            0x0800a009   Thumb Code     0  faddsub_clz.o(x$fpl$frsb)
    _frsb                                    0x0800a009   Thumb Code    20  faddsub_clz.o(x$fpl$frsb)
    __aeabi_fsub                             0x0800a01d   Thumb Code     0  faddsub_clz.o(x$fpl$fsub)
    _fsub                                    0x0800a01d   Thumb Code   234  faddsub_clz.o(x$fpl$fsub)
    __fpl_return_NaN                         0x0800a107   Thumb Code   100  retnan.o(x$fpl$retnan)
    __ARM_scalbnf                            0x0800a16b   Thumb Code    76  scalbnf.o(x$fpl$scalbnf)
    __fpl_cmpreturn                          0x0800a1b7   Thumb Code    48  trapv.o(x$fpl$trapveneer)
    __I$use$fp                               0x0800a1e6   Number         0  usenofp.o(x$fpl$usenofp)
    font_8x16                                0x0800be0c   Data        1520  fonts.o(.constdata)
    font_8x8                                 0x0800c3fc   Data         760  fonts.o(.constdata)
    Virtual_Com_Port_DeviceDescriptor        0x0800c9f3   Data          18  usb_desc.o(.constdata)
    Virtual_Com_Port_ConfigDescriptor        0x0800ca05   Data          67  usb_desc.o(.constdata)
    Virtual_Com_Port_StringLangID            0x0800ca48   Data           4  usb_desc.o(.constdata)
    Virtual_Com_Port_StringVendor            0x0800ca4c   Data          38  usb_desc.o(.constdata)
    Virtual_Com_Port_StringProduct           0x0800ca72   Data          50  usb_desc.o(.constdata)
    Region$$Table$$Base                      0x0800cbb8   Number         0  anon$$obj.o(Region$$Table)
    Region$$Table$$Limit                     0x0800cbd8   Number         0  anon$$obj.o(Region$$Table)
    SystemCoreClock                          0x20000000   Data           4  system_stm32f10x.o(.data)
    AHBPrescTable                            0x20000004   Data          16  system_stm32f10x.o(.data)
    g_tick_ms                                0x200000d4   Data           4  bsp_delay.o(.data)
    sd_acmd41_r1                             0x200000e0   Data           1  sd_spi.o(.data)
    HSEStartUpStatus                         0x20000118   Data           1  hw_config.o(.data)
    EXTI_InitStructure                       0x2000011c   Data           8  hw_config.o(.data)
    packet_sent                              0x20000124   Data           4  hw_config.o(.data)
    packet_receive                           0x20000128   Data           4  hw_config.o(.data)
    StatusInfo                               0x2000012c   Data           2  usb_core.o(.data)
    Data_Mul_MaxPacketSize                   0x2000012e   Data           1  usb_core.o(.data)
    Virtual_Com_Port_StringSerial            0x2000012f   Data          26  usb_desc.o(.data)
    Receive_length                           0x2000014c   Data           4  usb_endp.o(.data)
    EPindex                                  0x20000150   Data           1  usb_init.o(.data)
    pInformation                             0x20000154   Data           4  usb_init.o(.data)
    pProperty                                0x20000158   Data           4  usb_init.o(.data)
    SaveState                                0x2000015c   Data           2  usb_init.o(.data)
    wInterrupt_Mask                          0x2000015e   Data           2  usb_init.o(.data)
    pUser_Standard_Requests                  0x20000160   Data           4  usb_init.o(.data)
    SaveRState                               0x20000164   Data           2  usb_int.o(.data)
    SaveTState                               0x20000166   Data           2  usb_int.o(.data)
    wIstr                                    0x20000168   Data           2  usb_istr.o(.data)
    bIntPackSOF                              0x2000016a   Data           1  usb_istr.o(.data)
    esof_counter                             0x2000016c   Data           4  usb_istr.o(.data)
    wCNTR                                    0x20000170   Data           4  usb_istr.o(.data)
    pEpInt_IN                                0x20000174   Data          28  usb_istr.o(.data)
    pEpInt_OUT                               0x20000190   Data          28  usb_istr.o(.data)
    Request                                  0x200001ac   Data           1  usb_prop.o(.data)
    linecoding                               0x200001b0   Data           8  usb_prop.o(.data)
    Device_Table                             0x200001b8   Data           2  usb_prop.o(.data)
    Device_Property                          0x200001bc   Data          48  usb_prop.o(.data)
    User_Standard_Requests                   0x200001ec   Data          36  usb_prop.o(.data)
    Device_Descriptor                        0x20000210   Data           8  usb_prop.o(.data)
    Config_Descriptor                        0x20000218   Data           8  usb_prop.o(.data)
    String_Descriptor                        0x20000220   Data          32  usb_prop.o(.data)
    bDeviceState                             0x20000240   Data           4  usb_pwr.o(.data)
    fSuspendEnabled                          0x20000244   Data           1  usb_pwr.o(.data)
    ResumeS                                  0x20000245   Data           2  usb_pwr.o(.data)
    remotewakeupon                           0x20000248   Data           4  usb_pwr.o(.data)
    Receive_Buffer                           0x20003c9b   Data          64  hw_config.o(.bss)
    Device_Info                              0x20003cdc   Data          28  usb_init.o(.bss)
    EP                                       0x20003cf8   Data          32  usb_pwr.o(.bss)
    __libspace_start                         0x20003d18   Data          96  libspace.o(.bss)
    __temporary_stack_top$libspace           0x20003d78   Data           0  libspace.o(.bss)



==============================================================================

Memory Map of the image

  Image Entry point : 0x080000ed

  Load Region LR_IROM1 (Base: 0x08000000, Size: 0x0000ce2c, Max: 0x00010000, ABSOLUTE, COMPRESSED[0x0000ccac])

    Execution Region ER_IROM1 (Exec base: 0x08000000, Load base: 0x08000000, Size: 0x0000cbd8, Max: 0x00010000, ABSOLUTE)

    Exec Addr    Load Addr    Size         Type   Attr      Idx    E Section Name        Object

    0x08000000   0x08000000   0x000000ec   Data   RO            3    RESET               startup_stm32f10x_md.o
    0x080000ec   0x080000ec   0x00000008   Code   RO         5502  * !!!main             c_w.l(__main.o)
    0x080000f4   0x080000f4   0x00000034   Code   RO         5760    !!!scatter          c_w.l(__scatter.o)
    0x08000128   0x08000128   0x0000005a   Code   RO         5758    !!dczerorl2         c_w.l(__dczerorl2.o)
    0x08000182   0x08000182   0x00000002   PAD
    0x08000184   0x08000184   0x0000001c   Code   RO         5762    !!handler_zi        c_w.l(__scatter_zi.o)
    0x080001a0   0x080001a0   0x00000002   Code   RO         5625    .ARM.Collect$$libinit$$00000000  c_w.l(libinit.o)
    0x080001a2   0x080001a2   0x00000000   Code   RO         5631    .ARM.Collect$$libinit$$00000002  c_w.l(libinit2.o)
    0x080001a2   0x080001a2   0x00000000   Code   RO         5633    .ARM.Collect$$libinit$$00000004  c_w.l(libinit2.o)
    0x080001a2   0x080001a2   0x00000000   Code   RO         5636    .ARM.Collect$$libinit$$0000000A  c_w.l(libinit2.o)
    0x080001a2   0x080001a2   0x00000000   Code   RO         5638    .ARM.Collect$$libinit$$0000000C  c_w.l(libinit2.o)
    0x080001a2   0x080001a2   0x00000000   Code   RO         5640    .ARM.Collect$$libinit$$0000000E  c_w.l(libinit2.o)
    0x080001a2   0x080001a2   0x00000000   Code   RO         5643    .ARM.Collect$$libinit$$00000011  c_w.l(libinit2.o)
    0x080001a2   0x080001a2   0x00000000   Code   RO         5645    .ARM.Collect$$libinit$$00000013  c_w.l(libinit2.o)
    0x080001a2   0x080001a2   0x00000000   Code   RO         5647    .ARM.Collect$$libinit$$00000015  c_w.l(libinit2.o)
    0x080001a2   0x080001a2   0x00000000   Code   RO         5649    .ARM.Collect$$libinit$$00000017  c_w.l(libinit2.o)
    0x080001a2   0x080001a2   0x00000000   Code   RO         5651    .ARM.Collect$$libinit$$00000019  c_w.l(libinit2.o)
    0x080001a2   0x080001a2   0x00000000   Code   RO         5653    .ARM.Collect$$libinit$$0000001B  c_w.l(libinit2.o)
    0x080001a2   0x080001a2   0x00000000   Code   RO         5655    .ARM.Collect$$libinit$$0000001D  c_w.l(libinit2.o)
    0x080001a2   0x080001a2   0x00000000   Code   RO         5657    .ARM.Collect$$libinit$$0000001F  c_w.l(libinit2.o)
    0x080001a2   0x080001a2   0x00000000   Code   RO         5659    .ARM.Collect$$libinit$$00000021  c_w.l(libinit2.o)
    0x080001a2   0x080001a2   0x00000000   Code   RO         5661    .ARM.Collect$$libinit$$00000023  c_w.l(libinit2.o)
    0x080001a2   0x080001a2   0x00000000   Code   RO         5663    .ARM.Collect$$libinit$$00000025  c_w.l(libinit2.o)
    0x080001a2   0x080001a2   0x00000000   Code   RO         5667    .ARM.Collect$$libinit$$0000002C  c_w.l(libinit2.o)
    0x080001a2   0x080001a2   0x00000000   Code   RO         5669    .ARM.Collect$$libinit$$0000002E  c_w.l(libinit2.o)
    0x080001a2   0x080001a2   0x00000000   Code   RO         5671    .ARM.Collect$$libinit$$00000030  c_w.l(libinit2.o)
    0x080001a2   0x080001a2   0x00000000   Code   RO         5673    .ARM.Collect$$libinit$$00000032  c_w.l(libinit2.o)
    0x080001a2   0x080001a2   0x00000002   Code   RO         5674    .ARM.Collect$$libinit$$00000033  c_w.l(libinit2.o)
    0x080001a4   0x080001a4   0x00000002   Code   RO         5698    .ARM.Collect$$libshutdown$$00000000  c_w.l(libshutdown.o)
    0x080001a6   0x080001a6   0x00000000   Code   RO         5711    .ARM.Collect$$libshutdown$$00000002  c_w.l(libshutdown2.o)
    0x080001a6   0x080001a6   0x00000000   Code   RO         5713    .ARM.Collect$$libshutdown$$00000004  c_w.l(libshutdown2.o)
    0x080001a6   0x080001a6   0x00000000   Code   RO         5716    .ARM.Collect$$libshutdown$$00000007  c_w.l(libshutdown2.o)
    0x080001a6   0x080001a6   0x00000000   Code   RO         5719    .ARM.Collect$$libshutdown$$0000000A  c_w.l(libshutdown2.o)
    0x080001a6   0x080001a6   0x00000000   Code   RO         5721    .ARM.Collect$$libshutdown$$0000000C  c_w.l(libshutdown2.o)
    0x080001a6   0x080001a6   0x00000000   Code   RO         5724    .ARM.Collect$$libshutdown$$0000000F  c_w.l(libshutdown2.o)
    0x080001a6   0x080001a6   0x00000002   Code   RO         5725    .ARM.Collect$$libshutdown$$00000010  c_w.l(libshutdown2.o)
    0x080001a8   0x080001a8   0x00000000   Code   RO         5558    .ARM.Collect$$rtentry$$00000000  c_w.l(__rtentry.o)
    0x080001a8   0x080001a8   0x00000000   Code   RO         5592    .ARM.Collect$$rtentry$$00000002  c_w.l(__rtentry2.o)
    0x080001a8   0x080001a8   0x00000006   Code   RO         5604    .ARM.Collect$$rtentry$$00000004  c_w.l(__rtentry4.o)
    0x080001ae   0x080001ae   0x00000000   Code   RO         5594    .ARM.Collect$$rtentry$$00000009  c_w.l(__rtentry2.o)
    0x080001ae   0x080001ae   0x00000004   Code   RO         5595    .ARM.Collect$$rtentry$$0000000A  c_w.l(__rtentry2.o)
    0x080001b2   0x080001b2   0x00000000   Code   RO         5597    .ARM.Collect$$rtentry$$0000000C  c_w.l(__rtentry2.o)
    0x080001b2   0x080001b2   0x00000008   Code   RO         5598    .ARM.Collect$$rtentry$$0000000D  c_w.l(__rtentry2.o)
    0x080001ba   0x080001ba   0x00000002   Code   RO         5628    .ARM.Collect$$rtexit$$00000000  c_w.l(rtexit.o)
    0x080001bc   0x080001bc   0x00000000   Code   RO         5678    .ARM.Collect$$rtexit$$00000002  c_w.l(rtexit2.o)
    0x080001bc   0x080001bc   0x00000004   Code   RO         5679    .ARM.Collect$$rtexit$$00000003  c_w.l(rtexit2.o)
    0x080001c0   0x080001c0   0x00000006   Code   RO         5680    .ARM.Collect$$rtexit$$00000004  c_w.l(rtexit2.o)
    0x080001c6   0x080001c6   0x00000002   PAD
    0x080001c8   0x080001c8   0x00000040   Code   RO            4    .text               startup_stm32f10x_md.o
    0x08000208   0x08000208   0x00000014   Code   RO         5486    .text               c_w.l(strchr.o)
    0x0800021c   0x0800021c   0x00000058   Code   RO         5488    .text               c_w.l(memcmp.o)
    0x08000274   0x08000274   0x0000008a   Code   RO         5490    .text               c_w.l(rt_memcpy_v6.o)
    0x080002fe   0x080002fe   0x00000064   Code   RO         5492    .text               c_w.l(rt_memcpy_w.o)
    0x08000362   0x08000362   0x00000010   Code   RO         5494    .text               c_w.l(aeabi_memset.o)
    0x08000372   0x08000372   0x00000044   Code   RO         5496    .text               c_w.l(rt_memclr.o)
    0x080003b6   0x080003b6   0x0000004e   Code   RO         5498    .text               c_w.l(rt_memclr_w.o)
    0x08000404   0x08000404   0x00000006   Code   RO         5500    .text               c_w.l(heapauxi.o)
    0x0800040a   0x0800040a   0x00000016   Code   RO         5559    .text               c_w.l(_rserrno.o)
    0x08000420   0x08000420   0x00000008   Code   RO         5609    .text               c_w.l(rt_errno_addr_intlibspace.o)
    0x08000428   0x08000428   0x00000008   Code   RO         5613    .text               c_w.l(libspace.o)
    0x08000430   0x08000430   0x0000004a   Code   RO         5616    .text               c_w.l(sys_stackheap_outer.o)
    0x0800047a   0x0800047a   0x00000012   Code   RO         5618    .text               c_w.l(exit.o)
    0x0800048c   0x0800048c   0x0000000c   Code   RO         5690    .text               c_w.l(sys_exit.o)
    0x08000498   0x08000498   0x00000002   Code   RO         5701    .text               c_w.l(use_no_semi.o)
    0x0800049a   0x0800049a   0x00000000   Code   RO         5703    .text               c_w.l(indicate_semi.o)
    0x0800049a   0x0800049a   0x0000004a   Code   RO         4035    i.Album_IsBin       album.o
    0x080004e4   0x080004e4   0x000000a8   Code   RO         4036    i.Album_Load        album.o
    0x0800058c   0x0800058c   0x00000124   Code   RO         4037    i.Album_Run         album.o
    0x080006b0   0x080006b0   0x000000a0   Code   RO         4038    i.Album_Scan        album.o
    0x08000750   0x08000750   0x00000044   Code   RO         4039    i.Album_Show        album.o
    0x08000794   0x08000794   0x00000104   Code   RO         3196    i.App_Game          main.o
    0x08000898   0x08000898   0x00000004   Code   RO         3528    i.BusFault_Handler  stm32f10x_it.o
    0x0800089c   0x0800089c   0x0000000c   Code   RO         4769    i.ByteSwap          usb_regs.o
    0x080008a8   0x080008a8   0x00000038   Code   RO         4247    i.CDC_Send_DATA     hw_config.o
    0x080008e0   0x080008e0   0x00000288   Code   RO         4560    i.CTR_LP            usb_int.o
    0x08000b68   0x08000b68   0x00000034   Code   RO         4770    i.ClearDTOG_RX      usb_regs.o
    0x08000b9c   0x08000b9c   0x00000034   Code   RO         4771    i.ClearDTOG_TX      usb_regs.o
    0x08000bd0   0x08000bd0   0x00000028   Code   RO         4776    i.Clear_Status_Out  usb_regs.o
    0x08000bf8   0x08000bf8   0x00000038   Code   RO         4212    i.DL_RxByte         sd_dl.o
    0x08000c30   0x08000c30   0x00000112   Code   RO         4213    i.DL_RxFrame        sd_dl.o
    0x08000d42   0x08000d42   0x00000002   PAD
    0x08000d44   0x08000d44   0x00000020   Code   RO         4214    i.DL_Tx             sd_dl.o
    0x08000d64   0x08000d64   0x000000c0   Code   RO         4379    i.DataStageIn       usb_core.o
    0x08000e24   0x08000e24   0x000000bc   Code   RO         4380    i.DataStageOut      usb_core.o
    0x08000ee0   0x08000ee0   0x00000298   Code   RO         4381    i.Data_Setup0       usb_core.o
    0x08001178   0x08001178   0x00000002   Code   RO         3529    i.DebugMon_Handler  stm32f10x_it.o
    0x0800117a   0x0800117a   0x00000002   PAD
    0x0800117c   0x0800117c   0x00000064   Code   RO         3340    i.Dino_Collide      gamedino.o
    0x080011e0   0x080011e0   0x00000074   Code   RO         3341    i.Dino_Draw         gamedino.o
    0x08001254   0x08001254   0x000000a0   Code   RO         3342    i.Dino_DrawDino     gamedino.o
    0x080012f4   0x080012f4   0x00000078   Code   RO         3343    i.Dino_DrawGameOver  gamedino.o
    0x0800136c   0x0800136c   0x00000022   Code   RO         3344    i.Dino_DrawObs      gamedino.o
    0x0800138e   0x0800138e   0x00000002   PAD
    0x08001390   0x08001390   0x0000005c   Code   RO         3345    i.Dino_GameInit     gamedino.o
    0x080013ec   0x080013ec   0x00000034   Code   RO         3346    i.Dino_Input        gamedino.o
    0x08001420   0x08001420   0x000000a0   Code   RO         3347    i.Dino_Obstacles    gamedino.o
    0x080014c0   0x080014c0   0x00000048   Code   RO         3348    i.Dino_Physics      gamedino.o
    0x08001508   0x08001508   0x00000130   Code   RO         3349    i.Dino_Run          gamedino.o
    0x08001638   0x08001638   0x00000090   Code   RO         3350    i.Dino_Spawn        gamedino.o
    0x080016c8   0x080016c8   0x0000000c   Code   RO         4511    i.EP1_IN_Callback   usb_endp.o
    0x080016d4   0x080016d4   0x00000030   Code   RO         4512    i.EP3_OUT_Callback  usb_endp.o
    0x08001704   0x08001704   0x0000000c   Code   RO          985    i.EXTI_ClearITPendingBit  stm32f10x_exti.o
    0x08001710   0x08001710   0x00000094   Code   RO          990    i.EXTI_Init         stm32f10x_exti.o
    0x080017a4   0x080017a4   0x0000008c   Code   RO         4146    i.Freq_Step         signal.o
    0x08001830   0x08001830   0x00000116   Code   RO         1347    i.GPIO_Init         stm32f10x_gpio.o
    0x08001946   0x08001946   0x00000012   Code   RO         1351    i.GPIO_ReadInputDataBit  stm32f10x_gpio.o
    0x08001958   0x08001958   0x00000004   Code   RO         1354    i.GPIO_ResetBits    stm32f10x_gpio.o
    0x0800195c   0x0800195c   0x00000004   Code   RO         1355    i.GPIO_SetBits      stm32f10x_gpio.o
    0x08001960   0x08001960   0x000000d8   Code   RO         3285    i.GameDraw          gamesnake.o
    0x08001a38   0x08001a38   0x00000054   Code   RO         3286    i.GameInit          gamesnake.o
    0x08001a8c   0x08001a8c   0x00000078   Code   RO         3287    i.GameOverDraw      gamesnake.o
    0x08001b04   0x08001b04   0x00000148   Code   RO         3288    i.GameStep          gamesnake.o
    0x08001c4c   0x08001c4c   0x00000028   Code   RO         3459    i.Gamepad_ButtonPressed  gamepad.o
    0x08001c74   0x08001c74   0x0000000c   Code   RO         3462    i.Gamepad_GetDPad   gamepad.o
    0x08001c80   0x08001c80   0x00000088   Code   RO         3463    i.Gamepad_GetDir    gamepad.o
    0x08001d08   0x08001d08   0x0000000c   Code   RO         3465    i.Gamepad_GetLT     gamepad.o
    0x08001d14   0x08001d14   0x0000000c   Code   RO         3466    i.Gamepad_GetRT     gamepad.o
    0x08001d20   0x08001d20   0x000000d0   Code   RO         3467    i.Gamepad_Init      gamepad.o
    0x08001df0   0x08001df0   0x00000020   Code   RO         4788    i.GetEPRxAddr       usb_regs.o
    0x08001e10   0x08001e10   0x00000024   Code   RO         4789    i.GetEPRxCount      usb_regs.o
    0x08001e34   0x08001e34   0x00000020   Code   RO         4791    i.GetEPTxAddr       usb_regs.o
    0x08001e54   0x08001e54   0x00000030   Code   RO         4249    i.Get_SerialNum     hw_config.o
    0x08001e84   0x08001e84   0x00000004   Code   RO         3530    i.HardFault_Handler  stm32f10x_it.o
    0x08001e88   0x08001e88   0x00000070   Code   RO         4382    i.In0_Process       usb_core.o
    0x08001ef8   0x08001ef8   0x00000020   Code   RO         4250    i.Leave_LowPowerMode  hw_config.o
    0x08001f18   0x08001f18   0x00000004   Code   RO         3531    i.MemManage_Handler  stm32f10x_it.o
    0x08001f1c   0x08001f1c   0x0000004c   Code   RO         3992    i.Menu_BuildList    menu.o
    0x08001f68   0x08001f68   0x000000ec   Code   RO         3993    i.Menu_DrawList     menu.o
    0x08002054   0x08002054   0x0000004c   Code   RO         3994    i.Menu_DrawPageAt   menu.o
    0x080020a0   0x080020a0   0x00000030   Code   RO         3995    i.Menu_EaseInOutSine  menu.o
    0x080020d0   0x080020d0   0x00000128   Code   RO         3996    i.Menu_Run          menu.o
    0x080021f8   0x080021f8   0x0000007c   Code   RO         3997    i.Menu_UpdateAnim   menu.o
    0x08002274   0x08002274   0x00000002   Code   RO         3532    i.NMI_Handler       stm32f10x_it.o
    0x08002276   0x08002276   0x00000002   Code   RO         4383    i.NOP_Process       usb_core.o
    0x08002278   0x08002278   0x00000018   Code   RO         4147    i.NVIC_DisableIRQ   signal.o
    0x08002290   0x08002290   0x00000016   Code   RO         4251    i.NVIC_EnableIRQ    hw_config.o
    0x080022a6   0x080022a6   0x00000002   PAD
    0x080022a8   0x080022a8   0x00000070   Code   RO          137    i.NVIC_Init         misc.o
    0x08002318   0x08002318   0x00000028   Code   RO         4252    i.NVIC_SetPriority  hw_config.o
    0x08002340   0x08002340   0x00000138   Code   RO         4384    i.NoData_Setup0     usb_core.o
    0x08002478   0x08002478   0x00000050   Code   RO         4385    i.Out0_Process      usb_core.o
    0x080024c8   0x080024c8   0x00000028   Code   RO         4607    i.PMAToUserBufferCopy  usb_mem.o
    0x080024f0   0x080024f0   0x00000078   Code   RO         3289    i.PauseScreen       gamesnake.o
    0x08002568   0x08002568   0x00000002   Code   RO         3533    i.PendSV_Handler    stm32f10x_it.o
    0x0800256a   0x0800256a   0x00000002   PAD
    0x0800256c   0x0800256c   0x00000048   Code   RO         4386    i.Post0_Process     usb_core.o
    0x080025b4   0x080025b4   0x00000040   Code   RO         4727    i.PowerOn           usb_pwr.o
    0x080025f4   0x080025f4   0x00000020   Code   RO         1775    i.RCC_APB1PeriphClockCmd  stm32f10x_rcc.o
    0x08002614   0x08002614   0x00000020   Code   RO         1777    i.RCC_APB2PeriphClockCmd  stm32f10x_rcc.o
    0x08002634   0x08002634   0x000000d4   Code   RO         1785    i.RCC_GetClocksFreq  stm32f10x_rcc.o
    0x08002708   0x08002708   0x0000000c   Code   RO         1803    i.RCC_USBCLKConfig  stm32f10x_rcc.o
    0x08002714   0x08002714   0x00000028   Code   RO         4070    i.Radar_Cos         servo.o
    0x0800273c   0x0800273c   0x000001fc   Code   RO         4071    i.Radar_Draw        servo.o
    0x08002938   0x08002938   0x0000008c   Code   RO         4072    i.Radar_Polar       servo.o
    0x080029c4   0x080029c4   0x00000024   Code   RO         4073    i.Radar_Sin         servo.o
    0x080029e8   0x080029e8   0x00000034   Code   RO         4074    i.Radar_Store       servo.o
    0x08002a1c   0x08002a1c   0x000000d0   Code   RO         4728    i.Resume            usb_pwr.o
    0x08002aec   0x08002aec   0x00000024   Code   RO         4729    i.Resume_Init       usb_pwr.o
    0x08002b10   0x08002b10   0x00000464   Code   RO         4215    i.SD_DL_Run         sd_dl.o
    0x08002f74   0x08002f74   0x0000000c   Code   RO         3920    i.SD_GetSectorCount  sd_spi.o
    0x08002f80   0x08002f80   0x00000154   Code   RO         3921    i.SD_Init           sd_spi.o
    0x080030d4   0x080030d4   0x0000000a   Code   RO         3922    i.SD_ReadByte       sd_spi.o
    0x080030de   0x080030de   0x00000002   PAD
    0x080030e0   0x080030e0   0x00000114   Code   RO         3923    i.SD_ReadCSD        sd_spi.o
    0x080031f4   0x080031f4   0x00000098   Code   RO         3924    i.SD_ReadSector     sd_spi.o
    0x0800328c   0x0800328c   0x00000060   Code   RO         3925    i.SD_SendCmd        sd_spi.o
    0x080032ec   0x080032ec   0x000000b4   Code   RO         3926    i.SD_SpiInit        sd_spi.o
    0x080033a0   0x080033a0   0x00000038   Code   RO         3927    i.SD_SpiTransfer    sd_spi.o
    0x080033d8   0x080033d8   0x00000020   Code   RO         3928    i.SD_WaitToken      sd_spi.o
    0x080033f8   0x080033f8   0x0000000c   Code   RO         3929    i.SD_WriteByte      sd_spi.o
    0x08003404   0x08003404   0x000000d0   Code   RO         3930    i.SD_WriteSector    sd_spi.o
    0x080034d4   0x080034d4   0x00000018   Code   RO         2263    i.SPI_Cmd           stm32f10x_spi.o
    0x080034ec   0x080034ec   0x00000012   Code   RO         2271    i.SPI_I2S_GetFlagStatus  stm32f10x_spi.o
    0x080034fe   0x080034fe   0x00000006   Code   RO         2274    i.SPI_I2S_ReceiveData  stm32f10x_spi.o
    0x08003504   0x08003504   0x00000004   Code   RO         2275    i.SPI_I2S_SendData  stm32f10x_spi.o
    0x08003508   0x08003508   0x0000003c   Code   RO         2276    i.SPI_Init          stm32f10x_spi.o
    0x08003544   0x08003544   0x00000018   Code   RO         2279    i.SPI_StructInit    stm32f10x_spi.o
    0x0800355c   0x0800355c   0x00000014   Code   RO         3697    i.SSD1306_CS_High   ssd1306.o
    0x08003570   0x08003570   0x00000014   Code   RO         3698    i.SSD1306_CS_Low    ssd1306.o
    0x08003584   0x08003584   0x0000001c   Code   RO         3699    i.SSD1306_Clear     ssd1306.o
    0x080035a0   0x080035a0   0x00000014   Code   RO         3700    i.SSD1306_DC_High   ssd1306.o
    0x080035b4   0x080035b4   0x00000014   Code   RO         3701    i.SSD1306_DC_Low    ssd1306.o
    0x080035c8   0x080035c8   0x00000044   Code   RO         3702    i.SSD1306_Display   ssd1306.o
    0x0800360c   0x0800360c   0x00000080   Code   RO         3703    i.SSD1306_DisplayRange  ssd1306.o
    0x0800368c   0x0800368c   0x0000009e   Code   RO         3705    i.SSD1306_DrawLine  ssd1306.o
    0x0800372a   0x0800372a   0x00000002   PAD
    0x0800372c   0x0800372c   0x00000064   Code   RO         3706    i.SSD1306_DrawPixel  ssd1306.o
    0x08003790   0x08003790   0x0000004a   Code   RO         3707    i.SSD1306_DrawRect  ssd1306.o
    0x080037da   0x080037da   0x00000056   Code   RO         3709    i.SSD1306_FillRect  ssd1306.o
    0x08003830   0x08003830   0x00000018   Code   RO         3710    i.SSD1306_FontAdvance  ssd1306.o
    0x08003848   0x08003848   0x00000044   Code   RO         3711    i.SSD1306_GetFont   ssd1306.o
    0x0800388c   0x0800388c   0x000000d2   Code   RO         3712    i.SSD1306_Init      ssd1306.o
    0x0800395e   0x0800395e   0x00000002   PAD
    0x08003960   0x08003960   0x00000014   Code   RO         3714    i.SSD1306_MOSI_High  ssd1306.o
    0x08003974   0x08003974   0x00000014   Code   RO         3715    i.SSD1306_MOSI_Low  ssd1306.o
    0x08003988   0x08003988   0x00000014   Code   RO         3716    i.SSD1306_RES_High  ssd1306.o
    0x0800399c   0x0800399c   0x00000014   Code   RO         3717    i.SSD1306_RES_Low   ssd1306.o
    0x080039b0   0x080039b0   0x00000014   Code   RO         3718    i.SSD1306_SCK_High  ssd1306.o
    0x080039c4   0x080039c4   0x00000014   Code   RO         3719    i.SSD1306_SCK_Low   ssd1306.o
    0x080039d8   0x080039d8   0x0000000a   Code   RO         3720    i.SSD1306_SPI_Delay  ssd1306.o
    0x080039e2   0x080039e2   0x00000002   PAD
    0x080039e4   0x080039e4   0x00000060   Code   RO         3721    i.SSD1306_SPI_Init  ssd1306.o
    0x08003a44   0x08003a44   0x0000003a   Code   RO         3722    i.SSD1306_SPI_SendByte  ssd1306.o
    0x08003a7e   0x08003a7e   0x00000026   Code   RO         3724    i.SSD1306_SetPos    ssd1306.o
    0x08003aa4   0x08003aa4   0x00000028   Code   RO         3725    i.SSD1306_ShowBitmap  ssd1306.o
    0x08003acc   0x08003acc   0x000000b2   Code   RO         3726    i.SSD1306_ShowBitmapRegion  ssd1306.o
    0x08003b7e   0x08003b7e   0x00000106   Code   RO         3727    i.SSD1306_ShowChar  ssd1306.o
    0x08003c84   0x08003c84   0x00000054   Code   RO         3729    i.SSD1306_ShowHex   ssd1306.o
    0x08003cd8   0x08003cd8   0x00000054   Code   RO         3731    i.SSD1306_ShowNum   ssd1306.o
    0x08003d2c   0x08003d2c   0x0000007e   Code   RO         3732    i.SSD1306_ShowString  ssd1306.o
    0x08003daa   0x08003daa   0x00000018   Code   RO         3733    i.SSD1306_WriteCmd  ssd1306.o
    0x08003dc2   0x08003dc2   0x00000028   Code   RO         3734    i.SSD1306_WriteData  ssd1306.o
    0x08003dea   0x08003dea   0x00000002   Code   RO         3534    i.SVC_Handler       stm32f10x_it.o
    0x08003dec   0x08003dec   0x000000a0   Code   RO         4075    i.Servo_AutoRadar   servo.o
    0x08003e8c   0x08003e8c   0x000000b0   Code   RO         4076    i.Servo_Draw        servo.o
    0x08003f3c   0x08003f3c   0x00000114   Code   RO         4077    i.Servo_Manual      servo.o
    0x08004050   0x08004050   0x0000010c   Code   RO         4078    i.Servo_Run         servo.o
    0x0800415c   0x0800415c   0x00000030   Code   RO         4079    i.Servo_SetAngle    servo.o
    0x0800418c   0x0800418c   0x0000008c   Code   RO         4080    i.Servo_TimInit     servo.o
    0x08004218   0x08004218   0x00000010   Code   RO         4799    i.SetBTABLE         usb_regs.o
    0x08004228   0x08004228   0x00000050   Code   RO         4387    i.SetDeviceAddress  usb_core.o
    0x08004278   0x08004278   0x00000034   Code   RO         3290    i.SetDir            gamesnake.o
    0x080042ac   0x080042ac   0x00000024   Code   RO         4813    i.SetEPRxAddr       usb_regs.o
    0x080042d0   0x080042d0   0x0000004c   Code   RO         4814    i.SetEPRxCount      usb_regs.o
    0x0800431c   0x0800431c   0x00000040   Code   RO         4815    i.SetEPRxStatus     usb_regs.o
    0x0800435c   0x0800435c   0x00000034   Code   RO         4816    i.SetEPRxValid      usb_regs.o
    0x08004390   0x08004390   0x00000020   Code   RO         4817    i.SetEPTxAddr       usb_regs.o
    0x080043b0   0x080043b0   0x0000001c   Code   RO         4818    i.SetEPTxCount      usb_regs.o
    0x080043cc   0x080043cc   0x00000040   Code   RO         4819    i.SetEPTxStatus     usb_regs.o
    0x0800440c   0x0800440c   0x00000034   Code   RO         4820    i.SetEPTxValid      usb_regs.o
    0x08004440   0x08004440   0x00000024   Code   RO         4821    i.SetEPType         usb_regs.o
    0x08004464   0x08004464   0x00000008   Code   RO           24    i.SetSysClock       system_stm32f10x.o
    0x0800446c   0x0800446c   0x000000e0   Code   RO           25    i.SetSysClockTo72   system_stm32f10x.o
    0x0800454c   0x0800454c   0x00000028   Code   RO         4253    i.Set_System        hw_config.o
    0x08004574   0x08004574   0x00000012   Code   RO         4254    i.Set_USBClock      hw_config.o
    0x08004586   0x08004586   0x00000002   PAD
    0x08004588   0x08004588   0x000000b8   Code   RO         4388    i.Setup0_Process    usb_core.o
    0x08004640   0x08004640   0x0000025c   Code   RO         4148    i.Signal_DrawUsb    signal.o
    0x0800489c   0x0800489c   0x00000038   Code   RO         4149    i.Signal_GpioInit   signal.o
    0x080048d4   0x080048d4   0x00000394   Code   RO         4150    i.Signal_GpioRun    signal.o
    0x08004c68   0x08004c68   0x00000350   Code   RO         4151    i.Signal_Run        signal.o
    0x08004fb8   0x08004fb8   0x0000006c   Code   RO         4152    i.Signal_UsbInit    signal.o
    0x08005024   0x08005024   0x00000054   Code   RO         4153    i.Signal_VofaPacket  signal.o
    0x08005078   0x08005078   0x000000c4   Code   RO         3291    i.Snake_Run         gamesnake.o
    0x0800513c   0x0800513c   0x0000008c   Code   RO         3292    i.SpawnFood         gamesnake.o
    0x080051c8   0x080051c8   0x0000016c   Code   RO         4389    i.Standard_ClearFeature  usb_core.o
    0x08005334   0x08005334   0x0000002c   Code   RO         4390    i.Standard_GetConfiguration  usb_core.o
    0x08005360   0x08005360   0x00000024   Code   RO         4391    i.Standard_GetDescriptorData  usb_core.o
    0x08005384   0x08005384   0x0000002c   Code   RO         4392    i.Standard_GetInterface  usb_core.o
    0x080053b0   0x080053b0   0x00000100   Code   RO         4393    i.Standard_GetStatus  usb_core.o
    0x080054b0   0x080054b0   0x00000048   Code   RO         4394    i.Standard_SetConfiguration  usb_core.o
    0x080054f8   0x080054f8   0x00000028   Code   RO         4395    i.Standard_SetDeviceFeature  usb_core.o
    0x08005520   0x08005520   0x000000d0   Code   RO         4396    i.Standard_SetEndPointFeature  usb_core.o
    0x080055f0   0x080055f0   0x0000006c   Code   RO         4397    i.Standard_SetInterface  usb_core.o
    0x0800565c   0x0800565c   0x000000a4   Code   RO         3293    i.StartScreen       gamesnake.o
    0x08005700   0x08005700   0x00000140   Code   RO         4730    i.Suspend           usb_pwr.o
    0x08005840   0x08005840   0x00000010   Code   RO         3535    i.SysTick_Handler   stm32f10x_it.o
    0x08005850   0x08005850   0x00000060   Code   RO           27    i.SystemInit        system_stm32f10x.o
    0x080058b0   0x080058b0   0x00000018   Code   RO         2421    i.TIM_Cmd           stm32f10x_tim.o
    0x080058c8   0x080058c8   0x000000a0   Code   RO         2460    i.TIM_OC3Init       stm32f10x_tim.o
    0x08005968   0x08005968   0x00000012   Code   RO         2463    i.TIM_OC3PreloadConfig  stm32f10x_tim.o
    0x0800597a   0x0800597a   0x00000004   Code   RO         2484    i.TIM_SetCompare3   stm32f10x_tim.o
    0x0800597e   0x0800597e   0x00000002   PAD
    0x08005980   0x08005980   0x000000a4   Code   RO         2492    i.TIM_TimeBaseInit  stm32f10x_tim.o
    0x08005a24   0x08005a24   0x00000188   Code   RO         3468    i.USART1_IRQHandler  gamepad.o
    0x08005bac   0x08005bac   0x00000012   Code   RO         2956    i.USART_ClearFlag   stm32f10x_usart.o
    0x08005bbe   0x08005bbe   0x0000001e   Code   RO         2957    i.USART_ClearITPendingBit  stm32f10x_usart.o
    0x08005bdc   0x08005bdc   0x00000018   Code   RO         2960    i.USART_Cmd         stm32f10x_usart.o
    0x08005bf4   0x08005bf4   0x0000001a   Code   RO         2963    i.USART_GetFlagStatus  stm32f10x_usart.o
    0x08005c0e   0x08005c0e   0x00000054   Code   RO         2964    i.USART_GetITStatus  stm32f10x_usart.o
    0x08005c62   0x08005c62   0x0000004a   Code   RO         2966    i.USART_ITConfig    stm32f10x_usart.o
    0x08005cac   0x08005cac   0x000000d8   Code   RO         2967    i.USART_Init        stm32f10x_usart.o
    0x08005d84   0x08005d84   0x0000000a   Code   RO         2974    i.USART_ReceiveData  stm32f10x_usart.o
    0x08005d8e   0x08005d8e   0x00000008   Code   RO         2977    i.USART_SendData    stm32f10x_usart.o
    0x08005d96   0x08005d96   0x00000018   Code   RO         2983    i.USART_StructInit  stm32f10x_usart.o
    0x08005dae   0x08005dae   0x0000000c   Code   RO         3536    i.USBWakeUp_IRQHandler  stm32f10x_it.o
    0x08005dba   0x08005dba   0x00000002   Code   RO         4255    i.USB_Cable_Config  hw_config.o
    0x08005dbc   0x08005dbc   0x0000003c   Code   RO         4536    i.USB_Init          usb_init.o
    0x08005df8   0x08005df8   0x00000020   Code   RO         4256    i.USB_Interrupts_Config  hw_config.o
    0x08005e18   0x08005e18   0x0000020c   Code   RO         4589    i.USB_Istr          usb_istr.o
    0x08006024   0x08006024   0x00000008   Code   RO         3537    i.USB_LP_CAN1_RX0_IRQHandler  stm32f10x_it.o
    0x0800602c   0x0800602c   0x00000024   Code   RO         5129    i.USB_SIL_Init      usb_sil.o
    0x08006050   0x08006050   0x00000048   Code   RO         4081    i.Ultra_Init        servo.o
    0x08006098   0x08006098   0x000000ac   Code   RO         4082    i.Ultra_MeasureCm   servo.o
    0x08006144   0x08006144   0x00000004   Code   RO         3538    i.UsageFault_Handler  stm32f10x_it.o
    0x08006148   0x08006148   0x00000038   Code   RO         4608    i.UserToPMABufferCopy  usb_mem.o
    0x08006180   0x08006180   0x000000f0   Code   RO         3405    i.Video_ConfirmDelete  video.o
    0x08006270   0x08006270   0x000000e8   Code   RO         3406    i.Video_DrawList    video.o
    0x08006358   0x08006358   0x0000004a   Code   RO         3407    i.Video_IsBin       video.o
    0x080063a2   0x080063a2   0x00000002   PAD
    0x080063a4   0x080063a4   0x00000074   Code   RO         3408    i.Video_Open        video.o
    0x08006418   0x08006418   0x0000003c   Code   RO         3409    i.Video_ParseFps    video.o
    0x08006454   0x08006454   0x00000244   Code   RO         3410    i.Video_Run         video.o
    0x08006698   0x08006698   0x000000b8   Code   RO         3411    i.Video_Scan        video.o
    0x08006750   0x08006750   0x00000044   Code   RO         3412    i.Video_ShowFrame   video.o
    0x08006794   0x08006794   0x00000064   Code   RO         4625    i.Virtual_Com_Port_Data_Setup  usb_prop.o
    0x080067f8   0x080067f8   0x00000014   Code   RO         4626    i.Virtual_Com_Port_GetConfigDescriptor  usb_prop.o
    0x0800680c   0x0800680c   0x00000014   Code   RO         4627    i.Virtual_Com_Port_GetDeviceDescriptor  usb_prop.o
    0x08006820   0x08006820   0x0000001c   Code   RO         4628    i.Virtual_Com_Port_GetLineCoding  usb_prop.o
    0x0800683c   0x0800683c   0x00000028   Code   RO         4629    i.Virtual_Com_Port_GetStringDescriptor  usb_prop.o
    0x08006864   0x08006864   0x00000016   Code   RO         4630    i.Virtual_Com_Port_Get_Interface_Setting  usb_prop.o
    0x0800687a   0x0800687a   0x00000002   PAD
    0x0800687c   0x0800687c   0x00000028   Code   RO         4631    i.Virtual_Com_Port_NoData_Setup  usb_prop.o
    0x080068a4   0x080068a4   0x000000e8   Code   RO         4632    i.Virtual_Com_Port_Reset  usb_prop.o
    0x0800698c   0x0800698c   0x00000018   Code   RO         4633    i.Virtual_Com_Port_SetConfiguration  usb_prop.o
    0x080069a4   0x080069a4   0x0000000c   Code   RO         4634    i.Virtual_Com_Port_SetDeviceAddress  usb_prop.o
    0x080069b0   0x080069b0   0x0000001c   Code   RO         4635    i.Virtual_Com_Port_SetLineCoding  usb_prop.o
    0x080069cc   0x080069cc   0x00000014   Code   RO         4636    i.Virtual_Com_Port_Status_In  usb_prop.o
    0x080069e0   0x080069e0   0x00000002   Code   RO         4637    i.Virtual_Com_Port_Status_Out  usb_prop.o
    0x080069e2   0x080069e2   0x00000002   PAD
    0x080069e4   0x080069e4   0x00000028   Code   RO         4638    i.Virtual_Com_Port_init  usb_prop.o
    0x08006a0c   0x08006a0c   0x000000f8   Code   RO         4154    i.Wave_Rebuild      signal.o
    0x08006b04   0x08006b04   0x00000006   Code   RO         5575    i.__mathlib_flt_infnan  m_ws.l(funder.o)
    0x08006b0a   0x08006b0a   0x00000008   Code   RO         5577    i.__mathlib_flt_invalid  m_ws.l(funder.o)
    0x08006b12   0x08006b12   0x00000002   PAD
    0x08006b14   0x08006b14   0x00000168   Code   RO         5588    i.__mathlib_rredf2  m_ws.l(rredf.o)
    0x08006c7c   0x08006c7c   0x00000078   Code   RO         3645    i.bsp_delay_init    bsp_delay.o
    0x08006cf4   0x08006cf4   0x00000018   Code   RO         3646    i.bsp_delay_ms      bsp_delay.o
    0x08006d0c   0x08006d0c   0x00000030   Code   RO         3647    i.bsp_delay_us      bsp_delay.o
    0x08006d3c   0x08006d3c   0x00000020   Code   RO         3648    i.bsp_delay_us_now  bsp_delay.o
    0x08006d5c   0x08006d5c   0x000000e0   Code   RO         5153    i.check_fs          ff.o
    0x08006e3c   0x08006e3c   0x0000001a   Code   RO         5154    i.clst2sect         ff.o
    0x08006e56   0x08006e56   0x00000002   PAD
    0x08006e58   0x08006e58   0x0000017c   Code   RO         5551    i.cosf              m_ws.l(cosf.o)
    0x08006fd4   0x08006fd4   0x00000120   Code   RO         5155    i.create_chain      ff.o
    0x080070f4   0x080070f4   0x0000011c   Code   RO         5156    i.create_name       ff.o
    0x08007210   0x08007210   0x0000015a   Code   RO         5157    i.create_partition  ff.o
    0x0800736a   0x0800736a   0x0000000c   Code   RO         5158    i.dbc_1st           ff.o
    0x08007376   0x08007376   0x0000000c   Code   RO         5159    i.dbc_2nd           ff.o
    0x08007382   0x08007382   0x00000060   Code   RO         5160    i.dir_alloc         ff.o
    0x080073e2   0x080073e2   0x0000005e   Code   RO         5161    i.dir_clear         ff.o
    0x08007440   0x08007440   0x0000006c   Code   RO         5162    i.dir_find          ff.o
    0x080074ac   0x080074ac   0x000000ca   Code   RO         5163    i.dir_next          ff.o
    0x08007576   0x08007576   0x00000074   Code   RO         5164    i.dir_read          ff.o
    0x080075ea   0x080075ea   0x00000042   Code   RO         5165    i.dir_register      ff.o
    0x0800762c   0x0800762c   0x00000020   Code   RO         5166    i.dir_remove        ff.o
    0x0800764c   0x0800764c   0x0000009a   Code   RO         5167    i.dir_sdi           ff.o
    0x080076e6   0x080076e6   0x00000018   Code   RO         5444    i.disk_initialize   diskio.o
    0x080076fe   0x080076fe   0x0000004e   Code   RO         5445    i.disk_ioctl        diskio.o
    0x0800774c   0x0800774c   0x00000036   Code   RO         5446    i.disk_read         diskio.o
    0x08007782   0x08007782   0x0000000e   Code   RO         5447    i.disk_status       diskio.o
    0x08007790   0x08007790   0x00000036   Code   RO         5448    i.disk_write        diskio.o
    0x080077c6   0x080077c6   0x00000022   Code   RO         5168    i.f_close           ff.o
    0x080077e8   0x080077e8   0x00000018   Code   RO         5169    i.f_closedir        ff.o
    0x08007800   0x08007800   0x00000184   Code   RO         5171    i.f_lseek           ff.o
    0x08007984   0x08007984   0x00000104   Code   RO         5172    i.f_mkdir           ff.o
    0x08007a88   0x08007a88   0x000006ac   Code   RO         5173    i.f_mkfs            ff.o
    0x08008134   0x08008134   0x00000054   Code   RO         5174    i.f_mount           ff.o
    0x08008188   0x08008188   0x000001f0   Code   RO         5175    i.f_open            ff.o
    0x08008378   0x08008378   0x0000006c   Code   RO         5176    i.f_opendir         ff.o
    0x080083e4   0x080083e4   0x0000019c   Code   RO         5177    i.f_read            ff.o
    0x08008580   0x08008580   0x0000004e   Code   RO         5178    i.f_readdir         ff.o
    0x080085ce   0x080085ce   0x0000003e   Code   RO         5180    i.f_stat            ff.o
    0x0800860c   0x0800860c   0x000000a0   Code   RO         5181    i.f_sync            ff.o
    0x080086ac   0x080086ac   0x000000aa   Code   RO         5183    i.f_unlink          ff.o
    0x08008756   0x08008756   0x000001de   Code   RO         5184    i.f_write           ff.o
    0x08008934   0x08008934   0x00000078   Code   RO         5185    i.find_volume       ff.o
    0x080089ac   0x080089ac   0x0000009e   Code   RO         5186    i.follow_path       ff.o
    0x08008a4a   0x08008a4a   0x000000e0   Code   RO         5187    i.get_fat           ff.o
    0x08008b2a   0x08008b2a   0x00000092   Code   RO         5188    i.get_fileinfo      ff.o
    0x08008bbc   0x08008bbc   0x0000004e   Code   RO         5189    i.get_ldnumber      ff.o
    0x08008c0a   0x08008c0a   0x00000002   PAD
    0x08008c0c   0x08008c0c   0x000000b0   Code   RO         3197    i.img_to_page       main.o
    0x08008cbc   0x08008cbc   0x00000050   Code   RO         3198    i.img_write_all     main.o
    0x08008d0c   0x08008d0c   0x00000060   Code   RO         3199    i.img_write_file    main.o
    0x08008d6c   0x08008d6c   0x00000026   Code   RO         5190    i.ld_clust          ff.o
    0x08008d92   0x08008d92   0x00000018   Code   RO         5191    i.ld_dword          ff.o
    0x08008daa   0x08008daa   0x0000000c   Code   RO         5192    i.ld_word           ff.o
    0x08008db6   0x08008db6   0x00000002   PAD
    0x08008db8   0x08008db8   0x00000280   Code   RO         3200    i.main              main.o
    0x08009038   0x08009038   0x000002a8   Code   RO         5193    i.mount_volume      ff.o
    0x080092e0   0x080092e0   0x00000034   Code   RO         5194    i.move_window       ff.o
    0x08009314   0x08009314   0x00000138   Code   RO         5195    i.put_fat           ff.o
    0x0800944c   0x0800944c   0x0000009a   Code   RO         5196    i.remove_chain      ff.o
    0x080094e6   0x080094e6   0x00000002   PAD
    0x080094e8   0x080094e8   0x0000009c   Code   RO         3201    i.sd_fs_init        main.o
    0x08009584   0x08009584   0x00000024   Code   RO         5197    i.st_clust          ff.o
    0x080095a8   0x080095a8   0x00000018   Code   RO         5198    i.st_dword          ff.o
    0x080095c0   0x080095c0   0x0000000c   Code   RO         5199    i.st_word           ff.o
    0x080095cc   0x080095cc   0x0000008c   Code   RO         5200    i.sync_fs           ff.o
    0x08009658   0x08009658   0x0000004a   Code   RO         5201    i.sync_window       ff.o
    0x080096a2   0x080096a2   0x0000003c   Code   RO         5202    i.validate          ff.o
    0x080096de   0x080096de   0x00000002   PAD
    0x080096e0   0x080096e0   0x00000150   Code   RO         5504    x$fpl$dadd          fz_ws.l(daddsub_clz.o)
    0x08009830   0x08009830   0x0000005a   Code   RO         5510    x$fpl$dfixu         fz_ws.l(dfixu.o)
    0x0800988a   0x0800988a   0x00000026   Code   RO         5514    x$fpl$dfltu         fz_ws.l(dflt_clz.o)
    0x080098b0   0x080098b0   0x0000009c   Code   RO         5561    x$fpl$dnaninf       fz_ws.l(dnaninf.o)
    0x0800994c   0x0800994c   0x0000000c   Code   RO         5563    x$fpl$dretinf       fz_ws.l(dretinf.o)
    0x08009958   0x08009958   0x000001d4   Code   RO         5506    x$fpl$dsub          fz_ws.l(daddsub_clz.o)
    0x08009b2c   0x08009b2c   0x000000c4   Code   RO         5520    x$fpl$fadd          fz_ws.l(faddsub_clz.o)
    0x08009bf0   0x08009bf0   0x0000000c   Code   RO         5626    x$fpl$fcheck1       fz_ws.l(fcheck1.o)
    0x08009bfc   0x08009bfc   0x00000184   Code   RO         5527    x$fpl$fdiv          fz_ws.l(fdiv.o)
    0x08009d80   0x08009d80   0x00000036   Code   RO         5530    x$fpl$ffix          fz_ws.l(ffix.o)
    0x08009db6   0x08009db6   0x00000002   PAD
    0x08009db8   0x08009db8   0x00000030   Code   RO         5539    x$fpl$fflt          fz_ws.l(fflt_clz.o)
    0x08009de8   0x08009de8   0x00000026   Code   RO         5538    x$fpl$ffltu         fz_ws.l(fflt_clz.o)
    0x08009e0e   0x08009e0e   0x00000002   PAD
    0x08009e10   0x08009e10   0x00000102   Code   RO         5546    x$fpl$fmul          fz_ws.l(fmul.o)
    0x08009f12   0x08009f12   0x0000008c   Code   RO         5567    x$fpl$fnaninf       fz_ws.l(fnaninf.o)
    0x08009f9e   0x08009f9e   0x0000000a   Code   RO         5569    x$fpl$fretinf       fz_ws.l(fretinf.o)
    0x08009fa8   0x08009fa8   0x00000060   Code   RO         5571    x$fpl$frnd          fz_ws.l(frnd.o)
    0x0800a008   0x0800a008   0x00000014   Code   RO         5521    x$fpl$frsb          fz_ws.l(faddsub_clz.o)
    0x0800a01c   0x0800a01c   0x000000ea   Code   RO         5522    x$fpl$fsub          fz_ws.l(faddsub_clz.o)
    0x0800a106   0x0800a106   0x00000064   Code   RO         5675    x$fpl$retnan        fz_ws.l(retnan.o)
    0x0800a16a   0x0800a16a   0x0000004c   Code   RO         5611    x$fpl$scalbnf       fz_ws.l(scalbnf.o)
    0x0800a1b6   0x0800a1b6   0x00000030   Code   RO         5688    x$fpl$trapveneer    fz_ws.l(trapv.o)
    0x0800a1e6   0x0800a1e6   0x00000000   Code   RO         5573    x$fpl$usenofp       fz_ws.l(usenofp.o)
    0x0800a1e6   0x0800a1e6   0x00000002   PAD
    0x0800a1e8   0x0800a1e8   0x00001c10   Data   RO         3203    .constdata          main.o
    0x0800bdf8   0x0800bdf8   0x00000014   Data   RO         3414    .constdata          video.o
    0x0800be0c   0x0800be0c   0x000008e8   Data   RO         3685    .constdata          fonts.o
    0x0800c6f4   0x0800c6f4   0x00000011   Data   RO         3736    .constdata          ssd1306.o
    0x0800c705   0x0800c705   0x00000001   PAD
    0x0800c706   0x0800c706   0x000000b6   Data   RO         4084    .constdata          servo.o
    0x0800c7bc   0x0800c7bc   0x00000224   Data   RO         4156    .constdata          signal.o
    0x0800c9e0   0x0800c9e0   0x0000000a   Data   RO         4217    .constdata          sd_dl.o
    0x0800c9ea   0x0800c9ea   0x00000009   Data   RO         4258    .constdata          hw_config.o
    0x0800c9f3   0x0800c9f3   0x000000b1   Data   RO         4498    .constdata          usb_desc.o
    0x0800caa4   0x0800caa4   0x000000ac   Data   RO         5203    .constdata          ff.o
    0x0800cb50   0x0800cb50   0x00000020   Data   RO         5589    .constdata          m_ws.l(rredf.o)
    0x0800cb70   0x0800cb70   0x00000036   Data   RO         3204    .conststring        main.o
    0x0800cba6   0x0800cba6   0x00000002   PAD
    0x0800cba8   0x0800cba8   0x00000010   Data   RO         4157    .conststring        signal.o
    0x0800cbb8   0x0800cbb8   0x00000020   Data   RO         5756    Region$$Table       anon$$obj.o


    Execution Region RW_IRAM1 (Exec base: 0x20000000, Load base: 0x0800cbd8, Size: 0x00004378, Max: 0x00005000, ABSOLUTE, COMPRESSED[0x000000d4])

    Exec Addr    Load Addr    Size         Type   Attr      Idx    E Section Name        Object

    0x20000000   COMPRESSED   0x00000014   Data   RW           28    .data               system_stm32f10x.o
    0x20000014   COMPRESSED   0x00000014   Data   RW         1805    .data               stm32f10x_rcc.o
    0x20000028   COMPRESSED   0x00000068   Data   RW         3205    .data               main.o
    0x20000090   COMPRESSED   0x0000000d   Data   RW         3295    .data               gamesnake.o
    0x2000009d   COMPRESSED   0x00000003   PAD
    0x200000a0   COMPRESSED   0x00000010   Data   RW         3352    .data               gamedino.o
    0x200000b0   COMPRESSED   0x00000009   Data   RW         3415    .data               video.o
    0x200000b9   COMPRESSED   0x00000001   PAD
    0x200000ba   COMPRESSED   0x00000017   Data   RW         3470    .data               gamepad.o
    0x200000d1   COMPRESSED   0x00000003   PAD
    0x200000d4   COMPRESSED   0x00000004   Data   RW         3649    .data               bsp_delay.o
    0x200000d8   COMPRESSED   0x00000009   Data   RW         3931    .data               sd_spi.o
    0x200000e1   COMPRESSED   0x00000003   PAD
    0x200000e4   COMPRESSED   0x00000010   Data   RW         3998    .data               menu.o
    0x200000f4   COMPRESSED   0x00000002   Data   RW         4041    .data               album.o
    0x200000f6   COMPRESSED   0x00000002   PAD
    0x200000f8   COMPRESSED   0x0000000c   Data   RW         4085    .data               servo.o
    0x20000104   COMPRESSED   0x00000010   Data   RW         4158    .data               signal.o
    0x20000114   COMPRESSED   0x00000004   Data   RW         4218    .data               sd_dl.o
    0x20000118   COMPRESSED   0x00000014   Data   RW         4259    .data               hw_config.o
    0x2000012c   COMPRESSED   0x00000003   Data   RW         4398    .data               usb_core.o
    0x2000012f   COMPRESSED   0x0000001a   Data   RW         4499    .data               usb_desc.o
    0x20000149   COMPRESSED   0x00000003   PAD
    0x2000014c   COMPRESSED   0x00000004   Data   RW         4513    .data               usb_endp.o
    0x20000150   COMPRESSED   0x00000014   Data   RW         4538    .data               usb_init.o
    0x20000164   COMPRESSED   0x00000004   Data   RW         4561    .data               usb_int.o
    0x20000168   COMPRESSED   0x00000044   Data   RW         4590    .data               usb_istr.o
    0x200001ac   COMPRESSED   0x00000094   Data   RW         4639    .data               usb_prop.o
    0x20000240   COMPRESSED   0x0000000c   Data   RW         4732    .data               usb_pwr.o
    0x2000024c   COMPRESSED   0x00000006   Data   RW         5204    .data               ff.o
    0x20000252   COMPRESSED   0x00000002   PAD
    0x20000254        -       0x00002230   Zero   RW         3202    .bss                main.o
    0x20002484        -       0x000000e0   Zero   RW         3294    .bss                gamesnake.o
    0x20002564        -       0x00000010   Zero   RW         3351    .bss                gamedino.o
    0x20002574        -       0x000006a8   Zero   RW         3413    .bss                video.o
    0x20002c1c        -       0x00000012   Zero   RW         3469    .bss                gamepad.o
    0x20002c2e        -       0x00000800   Zero   RW         3735    .bss                ssd1306.o
    0x2000342e        -       0x00000480   Zero   RW         4040    .bss                album.o
    0x200038ae        -       0x000001e0   Zero   RW         4083    .bss                servo.o
    0x20003a8e        -       0x00000200   Zero   RW         4155    .bss                signal.o
    0x20003c8e        -       0x0000000d   Zero   RW         4216    .bss                sd_dl.o
    0x20003c9b        -       0x00000040   Zero   RW         4257    .bss                hw_config.o
    0x20003cdb   COMPRESSED   0x00000001   PAD
    0x20003cdc        -       0x0000001c   Zero   RW         4537    .bss                usb_init.o
    0x20003cf8        -       0x00000020   Zero   RW         4731    .bss                usb_pwr.o
    0x20003d18        -       0x00000060   Zero   RW         5614    .bss                c_w.l(libspace.o)
    0x20003d78        -       0x00000200   Zero   RW            2    HEAP                startup_stm32f10x_md.o
    0x20003f78        -       0x00000400   Zero   RW            1    STACK               startup_stm32f10x_md.o


==============================================================================

Image component sizes


      Code (inc. data)   RO Data    RW Data    ZI Data      Debug   Object Name

       762        106          0          2       1152       3836   album.o
       224         48          0          4          0      17741   bsp_delay.o
         0          0          0          0          0       4572   core_cm3.o
       224          0          0          0          0       3538   diskio.o
      8866        170        172          6          0      55699   ff.o
         0          0       2280          0          0        549   fonts.o
      1354        206          0         16         16       6411   gamedino.o
       812        126          0         23         18       4758   gamepad.o
      1420        258          0         13        224       5844   gamesnake.o
       290         38          9         20         64      24315   hw_config.o
      1408        310       7238        104       8752       8543   main.o
       856        104          0         16          0       4355   menu.o
       112         12          0          0          0     206476   misc.o
      1486        184         10          4         13       4368   sd_dl.o
      1374         84          0          9          0       7947   sd_spi.o
      2088        176        182         12        480       8988   servo.o
      3028        388        564         16        512      22634   signal.o
      2184        116         17          0       2048      19485   ssd1306.o
        64         26        236          0       1536        828   startup_stm32f10x_md.o
         0          0          0          0          0       1660   stm32f10x_adc.o
       160         12          0          0          0       3537   stm32f10x_exti.o
       304          0          0          0          0      11812   stm32f10x_gpio.o
        60          4          0          0          0       4714   stm32f10x_it.o
       288         38          0         20          0      13481   stm32f10x_rcc.o
       136          0          0          0          0      11003   stm32f10x_spi.o
       370         52          0          0          0      23700   stm32f10x_tim.o
       514          6          0          0          0      13540   stm32f10x_usart.o
       328         28          0         20          0      52425   system_stm32f10x.o
      3058        288          0          3          0      13679   usb_core.o
         0          0        177         26          0       1019   usb_desc.o
        60         16          0          4          0       1122   usb_endp.o
        60         24          0         20         28       3950   usb_init.o
       648         32          0          4          0       1624   usb_int.o
       524         40          0         68          0       1631   usb_istr.o
        96         10          0          0          0       1636   usb_mem.o
       628        102          0        148          0      11301   usb_prop.o
       628         62          0         12         32       3768   usb_pwr.o
       712        100          0          0          0       9095   usb_regs.o
        36          8          0          0          0        451   usb_sil.o
      1554        190         20          9       1704       6504   video.o

    ----------------------------------------------------------------------
     36754       3364      10940        596      16580     602539   Object Totals
         0          0         32          0          0          0   (incl. Generated)
        38          0          3         17          1          0   (incl. Padding)

    ----------------------------------------------------------------------

      Code (inc. data)   RO Data    RW Data    ZI Data      Debug   Library Member Name

        90          0          0          0          0          0   __dczerorl2.o
         8          0          0          0          0         68   __main.o
         0          0          0          0          0          0   __rtentry.o
        12          0          0          0          0          0   __rtentry2.o
         6          0          0          0          0          0   __rtentry4.o
        52          8          0          0          0          0   __scatter.o
        28          0          0          0          0          0   __scatter_zi.o
        22          0          0          0          0        100   _rserrno.o
        16          0          0          0          0         68   aeabi_memset.o
        18          0          0          0          0         80   exit.o
         6          0          0          0          0        152   heapauxi.o
         0          0          0          0          0          0   indicate_semi.o
         2          0          0          0          0          0   libinit.o
         2          0          0          0          0          0   libinit2.o
         2          0          0          0          0          0   libshutdown.o
         2          0          0          0          0          0   libshutdown2.o
         8          4          0          0         96         68   libspace.o
        88          0          0          0          0         76   memcmp.o
         8          4          0          0          0         68   rt_errno_addr_intlibspace.o
        68          0          0          0          0         68   rt_memclr.o
        78          0          0          0          0         80   rt_memclr_w.o
       138          0          0          0          0         68   rt_memcpy_v6.o
       100          0          0          0          0         80   rt_memcpy_w.o
         2          0          0          0          0          0   rtexit.o
        10          0          0          0          0          0   rtexit2.o
        20          0          0          0          0         68   strchr.o
        12          4          0          0          0         68   sys_exit.o
        74          0          0          0          0         80   sys_stackheap_outer.o
         2          0          0          0          0         68   use_no_semi.o
       804         16          0          0          0        272   daddsub_clz.o
        90          4          0          0          0         92   dfixu.o
        38          0          0          0          0         68   dflt_clz.o
       156          4          0          0          0         92   dnaninf.o
        12          0          0          0          0         68   dretinf.o
       450          8          0          0          0        236   faddsub_clz.o
        12          4          0          0          0         68   fcheck1.o
       388         76          0          0          0         96   fdiv.o
        54          4          0          0          0         84   ffix.o
        86          0          0          0          0        136   fflt_clz.o
       258          4          0          0          0         84   fmul.o
       140          4          0          0          0         84   fnaninf.o
        10          0          0          0          0         68   fretinf.o
        96          4          0          0          0         76   frnd.o
       100          0          0          0          0         68   retnan.o
        76          0          0          0          0         68   scalbnf.o
        48          0          0          0          0         68   trapv.o
         0          0          0          0          0          0   usenofp.o
       380         52          0          0          0        124   cosf.o
        14          0          0          0          0        136   funder.o
       360         16         32          0          0         88   rredf.o

    ----------------------------------------------------------------------
      4458        216         32          0         96       3336   Library Totals
        12          0          0          0          0          0   (incl. Padding)

    ----------------------------------------------------------------------

      Code (inc. data)   RO Data    RW Data    ZI Data      Debug   Library Name

       874         20          0          0         96       1260   c_w.l
      2818        128          0          0          0       1728   fz_ws.l
       754         68         32          0          0        348   m_ws.l

    ----------------------------------------------------------------------
      4458        216         32          0         96       3336   Library Totals

    ----------------------------------------------------------------------

==============================================================================


      Code (inc. data)   RO Data    RW Data    ZI Data      Debug   

     41212       3580      10972        596      16676     588919   Grand Totals
     41212       3580      10972        212      16676     588919   ELF Image Totals (compressed)
     41212       3580      10972        212          0          0   ROM Totals

==============================================================================

    Total RO  Size (Code + RO Data)                52184 (  50.96kB)
    Total RW  Size (RW Data + ZI Data)             17272 (  16.87kB)
    Total ROM Size (Code + RO Data + RW Data)      52396 (  51.17kB)

==============================================================================

