Component: ARM Compiler 5.06 update 5 (build 528) Tool: armlink [4d35e2]

==============================================================================

Section Cross References

    startup_stm32f10x_md.o(STACK) refers (Special) to heapauxi.o(.text) for __use_two_region_memory
    startup_stm32f10x_md.o(HEAP) refers (Special) to heapauxi.o(.text) for __use_two_region_memory
    startup_stm32f10x_md.o(RESET) refers (Special) to heapauxi.o(.text) for __use_two_region_memory
    startup_stm32f10x_md.o(RESET) refers to startup_stm32f10x_md.o(STACK) for __initial_sp
    startup_stm32f10x_md.o(RESET) refers to startup_stm32f10x_md.o(.text) for Reset_Handler
    startup_stm32f10x_md.o(RESET) refers to stm32f10x_it.o(i.NMI_Handler) for NMI_Handler
    startup_stm32f10x_md.o(RESET) refers to stm32f10x_it.o(i.HardFault_Handler) for HardFault_Handler
    startup_stm32f10x_md.o(RESET) refers to stm32f10x_it.o(i.MemManage_Handler) for MemManage_Handler
    startup_stm32f10x_md.o(RESET) refers to stm32f10x_it.o(i.BusFault_Handler) for BusFault_Handler
    startup_stm32f10x_md.o(RESET) refers to stm32f10x_it.o(i.UsageFault_Handler) for UsageFault_Handler
    startup_stm32f10x_md.o(RESET) refers to stm32f10x_it.o(i.SVC_Handler) for SVC_Handler
    startup_stm32f10x_md.o(RESET) refers to stm32f10x_it.o(i.DebugMon_Handler) for DebugMon_Handler
    startup_stm32f10x_md.o(RESET) refers to stm32f10x_it.o(i.PendSV_Handler) for PendSV_Handler
    startup_stm32f10x_md.o(RESET) refers to stm32f10x_it.o(i.SysTick_Handler) for SysTick_Handler
    startup_stm32f10x_md.o(RESET) refers to gamepad.o(i.USART1_IRQHandler) for USART1_IRQHandler
    startup_stm32f10x_md.o(.text) refers (Special) to heapauxi.o(.text) for __use_two_region_memory
    startup_stm32f10x_md.o(.text) refers to system_stm32f10x.o(i.SystemInit) for SystemInit
    startup_stm32f10x_md.o(.text) refers to __main.o(!!!main) for __main
    startup_stm32f10x_md.o(.text) refers to startup_stm32f10x_md.o(HEAP) for Heap_Mem
    startup_stm32f10x_md.o(.text) refers to startup_stm32f10x_md.o(STACK) for Stack_Mem
    system_stm32f10x.o(i.SetSysClock) refers to system_stm32f10x.o(i.SetSysClockTo72) for SetSysClockTo72
    system_stm32f10x.o(i.SystemCoreClockUpdate) refers to system_stm32f10x.o(.data) for SystemCoreClock
    system_stm32f10x.o(i.SystemInit) refers to system_stm32f10x.o(i.SetSysClock) for SetSysClock
    stm32f10x_adc.o(i.ADC_DeInit) refers to stm32f10x_rcc.o(i.RCC_APB2PeriphResetCmd) for RCC_APB2PeriphResetCmd
    stm32f10x_bkp.o(i.BKP_DeInit) refers to stm32f10x_rcc.o(i.RCC_BackupResetCmd) for RCC_BackupResetCmd
    stm32f10x_can.o(i.CAN_DeInit) refers to stm32f10x_rcc.o(i.RCC_APB1PeriphResetCmd) for RCC_APB1PeriphResetCmd
    stm32f10x_can.o(i.CAN_GetITStatus) refers to stm32f10x_can.o(i.CheckITStatus) for CheckITStatus
    stm32f10x_cec.o(i.CEC_DeInit) refers to stm32f10x_rcc.o(i.RCC_APB1PeriphResetCmd) for RCC_APB1PeriphResetCmd
    stm32f10x_dac.o(i.DAC_DeInit) refers to stm32f10x_rcc.o(i.RCC_APB1PeriphResetCmd) for RCC_APB1PeriphResetCmd
    stm32f10x_flash.o(i.FLASH_EnableWriteProtection) refers to stm32f10x_flash.o(i.FLASH_WaitForLastOperation) for FLASH_WaitForLastOperation
    stm32f10x_flash.o(i.FLASH_EraseAllBank1Pages) refers to stm32f10x_flash.o(i.FLASH_WaitForLastBank1Operation) for FLASH_WaitForLastBank1Operation
    stm32f10x_flash.o(i.FLASH_EraseAllPages) refers to stm32f10x_flash.o(i.FLASH_WaitForLastOperation) for FLASH_WaitForLastOperation
    stm32f10x_flash.o(i.FLASH_EraseOptionBytes) refers to stm32f10x_flash.o(i.FLASH_GetReadOutProtectionStatus) for FLASH_GetReadOutProtectionStatus
    stm32f10x_flash.o(i.FLASH_EraseOptionBytes) refers to stm32f10x_flash.o(i.FLASH_WaitForLastOperation) for FLASH_WaitForLastOperation
    stm32f10x_flash.o(i.FLASH_ErasePage) refers to stm32f10x_flash.o(i.FLASH_WaitForLastOperation) for FLASH_WaitForLastOperation
    stm32f10x_flash.o(i.FLASH_ProgramHalfWord) refers to stm32f10x_flash.o(i.FLASH_WaitForLastOperation) for FLASH_WaitForLastOperation
    stm32f10x_flash.o(i.FLASH_ProgramOptionByteData) refers to stm32f10x_flash.o(i.FLASH_WaitForLastOperation) for FLASH_WaitForLastOperation
    stm32f10x_flash.o(i.FLASH_ProgramWord) refers to stm32f10x_flash.o(i.FLASH_WaitForLastOperation) for FLASH_WaitForLastOperation
    stm32f10x_flash.o(i.FLASH_ReadOutProtection) refers to stm32f10x_flash.o(i.FLASH_WaitForLastOperation) for FLASH_WaitForLastOperation
    stm32f10x_flash.o(i.FLASH_UserOptionByteConfig) refers to stm32f10x_flash.o(i.FLASH_WaitForLastOperation) for FLASH_WaitForLastOperation
    stm32f10x_flash.o(i.FLASH_WaitForLastBank1Operation) refers to stm32f10x_flash.o(i.FLASH_GetBank1Status) for FLASH_GetBank1Status
    stm32f10x_flash.o(i.FLASH_WaitForLastOperation) refers to stm32f10x_flash.o(i.FLASH_GetBank1Status) for FLASH_GetBank1Status
    stm32f10x_gpio.o(i.GPIO_AFIODeInit) refers to stm32f10x_rcc.o(i.RCC_APB2PeriphResetCmd) for RCC_APB2PeriphResetCmd
[...]
    SSD1306_SCK_High                         0x08002299   Thumb Code    14  ssd1306.o(i.SSD1306_SCK_High)
    i.SSD1306_SCK_Low                        0x080022ac   Section        0  ssd1306.o(i.SSD1306_SCK_Low)
    SSD1306_SCK_Low                          0x080022ad   Thumb Code    14  ssd1306.o(i.SSD1306_SCK_Low)
    i.SSD1306_SPI_Delay                      0x080022c0   Section        0  ssd1306.o(i.SSD1306_SPI_Delay)
    SSD1306_SPI_Delay                        0x080022c1   Thumb Code    10  ssd1306.o(i.SSD1306_SPI_Delay)
    i.SSD1306_SPI_Init                       0x080022cc   Section        0  ssd1306.o(i.SSD1306_SPI_Init)
    SSD1306_SPI_Init                         0x080022cd   Thumb Code    88  ssd1306.o(i.SSD1306_SPI_Init)
    i.SSD1306_SPI_SendByte                   0x0800232c   Section        0  ssd1306.o(i.SSD1306_SPI_SendByte)
    SSD1306_SPI_SendByte                     0x0800232d   Thumb Code    58  ssd1306.o(i.SSD1306_SPI_SendByte)
    i.SSD1306_SetPos                         0x08002366   Section        0  ssd1306.o(i.SSD1306_SetPos)
    SSD1306_SetPos                           0x08002367   Thumb Code    38  ssd1306.o(i.SSD1306_SetPos)
    i.SSD1306_ShowBitmap                     0x0800238c   Section        0  ssd1306.o(i.SSD1306_ShowBitmap)
    i.SSD1306_ShowBitmapRegion               0x080023b4   Section        0  ssd1306.o(i.SSD1306_ShowBitmapRegion)
    i.SSD1306_ShowChar                       0x08002466   Section        0  ssd1306.o(i.SSD1306_ShowChar)
    i.SSD1306_ShowNum                        0x0800256c   Section        0  ssd1306.o(i.SSD1306_ShowNum)
    i.SSD1306_ShowString                     0x080025c0   Section        0  ssd1306.o(i.SSD1306_ShowString)
    i.SSD1306_WriteCmd                       0x0800263e   Section        0  ssd1306.o(i.SSD1306_WriteCmd)
    SSD1306_WriteCmd                         0x0800263f   Thumb Code    24  ssd1306.o(i.SSD1306_WriteCmd)
    i.SSD1306_WriteData                      0x08002656   Section        0  ssd1306.o(i.SSD1306_WriteData)
    SSD1306_WriteData                        0x08002657   Thumb Code    40  ssd1306.o(i.SSD1306_WriteData)
    i.SVC_Handler                            0x0800267e   Section        0  stm32f10x_it.o(i.SVC_Handler)
    i.SetDir                                 0x08002680   Section        0  gamesnake.o(i.SetDir)
    SetDir                                   0x08002681   Thumb Code    44  gamesnake.o(i.SetDir)
    i.SetSysClock                            0x080026b4   Section        0  system_stm32f10x.o(i.SetSysClock)
    SetSysClock                              0x080026b5   Thumb Code     8  system_stm32f10x.o(i.SetSysClock)
    i.SetSysClockTo72                        0x080026bc   Section        0  system_stm32f10x.o(i.SetSysClockTo72)
    SetSysClockTo72                          0x080026bd   Thumb Code   214  system_stm32f10x.o(i.SetSysClockTo72)
    i.Snake_Run                              0x0800279c   Section        0  gamesnake.o(i.Snake_Run)
    i.SpawnFood                              0x08002860   Section        0  gamesnake.o(i.SpawnFood)
    SpawnFood                                0x08002861   Thumb Code   114  gamesnake.o(i.SpawnFood)
    i.StartScreen                            0x080028ec   Section        0  gamesnake.o(i.StartScreen)
    StartScreen                              0x080028ed   Thumb Code   108  gamesnake.o(i.StartScreen)
    i.SysTick_Handler                        0x08002990   Section        0  stm32f10x_it.o(i.SysTick_Handler)
    i.SystemInit                             0x080029a0   Section        0  system_stm32f10x.o(i.SystemInit)
    i.USART1_IRQHandler                      0x08002a00   Section        0  gamepad.o(i.USART1_IRQHandler)
    i.USART_Cmd                              0x08002b88   Section        0  stm32f10x_usart.o(i.USART_Cmd)
    i.USART_GetITStatus                      0x08002ba0   Section        0  stm32f10x_usart.o(i.USART_GetITStatus)
    i.USART_ITConfig                         0x08002bf4   Section        0  stm32f10x_usart.o(i.USART_ITConfig)
    i.USART_Init                             0x08002c40   Section        0  stm32f10x_usart.o(i.USART_Init)
    i.USART_ReceiveData                      0x08002d18   Section        0  stm32f10x_usart.o(i.USART_ReceiveData)
    i.USART_StructInit                       0x08002d22   Section        0  stm32f10x_usart.o(i.USART_StructInit)
    i.UsageFault_Handler                     0x08002d3a   Section        0  stm32f10x_it.o(i.UsageFault_Handler)
    i.Video_DrawList                         0x08002d40   Section        0  video.o(i.Video_DrawList)
    Video_DrawList                           0x08002d41   Thumb Code   118  video.o(i.Video_DrawList)
    i.Video_IsBin                            0x08002de4   Section        0  video.o(i.Video_IsBin)
    Video_IsBin                              0x08002de5   Thumb Code    74  video.o(i.Video_IsBin)
    i.Video_Open                             0x08002e30   Section        0  video.o(i.Video_Open)
    Video_Open                               0x08002e31   Thumb Code   102  video.o(i.Video_Open)
    i.Video_ParseFps                         0x08002ea4   Section        0  video.o(i.Video_ParseFps)
    Video_ParseFps                           0x08002ea5   Thumb Code    60  video.o(i.Video_ParseFps)
    i.Video_Run                              0x08002ee0   Section        0  video.o(i.Video_Run)
    i.Video_Scan                             0x08003120   Section        0  video.o(i.Video_Scan)
    Video_Scan                               0x08003121   Thumb Code   158  video.o(i.Video_Scan)
    i.Video_ShowFrame                        0x080031d8   Section        0  video.o(i.Video_ShowFrame)
    Video_ShowFrame                          0x080031d9   Thumb Code    60  video.o(i.Video_ShowFrame)
    i.__mathlib_flt_infnan                   0x0800321c   Section        0  funder.o(i.__mathlib_flt_infnan)
    i.__mathlib_flt_invalid                  0x08003222   Section        0  funder.o(i.__mathlib_flt_invalid)
    i.__mathlib_rredf2                       0x0800322c   Section        0  rredf.o(i.__mathlib_rredf2)
    i.bsp_delay_init                         0x08003394   Section        0  bsp_delay.o(i.bsp_delay_init)
    i.bsp_delay_ms                           0x0800340c   Section        0  bsp_delay.o(i.bsp_delay_ms)
    i.bsp_delay_us                           0x08003424   Section        0  bsp_delay.o(i.bsp_delay_us)
    i.check_fs                               0x08003454   Section        0  ff.o(i.check_fs)
    check_fs                                 0x08003455   Thumb Code   210  ff.o(i.check_fs)
    i.clst2sect                              0x08003534   Section        0  ff.o(i.clst2sect)
    clst2sect                                0x08003535   Thumb Code    26  ff.o(i.clst2sect)
    i.cosf                                   0x08003550   Section        0  cosf.o(i.cosf)
    i.create_chain                           0x080036cc   Section        0  ff.o(i.create_chain)
    create_chain                             0x080036cd   Thumb Code   288  ff.o(i.create_chain)
    i.create_name                            0x080037ec   Section        0  ff.o(i.create_name)
    create_name                              0x080037ed   Thumb Code   264  ff.o(i.create_name)
    i.create_partition                       0x08003908   Section        0  ff.o(i.create_partition)
    create_partition                         0x08003909   Thumb Code   346  ff.o(i.create_partition)
    i.dbc_1st                                0x08003a62   Section        0  ff.o(i.dbc_1st)
    dbc_1st                                  0x08003a63   Thumb Code    12  ff.o(i.dbc_1st)
    i.dbc_2nd                                0x08003a6e   Section        0  ff.o(i.dbc_2nd)
    dbc_2nd                                  0x08003a6f   Thumb Code    12  ff.o(i.dbc_2nd)
    i.dir_alloc                              0x08003a7a   Section        0  ff.o(i.dir_alloc)
    dir_alloc                                0x08003a7b   Thumb Code    96  ff.o(i.dir_alloc)
    i.dir_clear                              0x08003ada   Section        0  ff.o(i.dir_clear)
    dir_clear                                0x08003adb   Thumb Code    94  ff.o(i.dir_clear)
    i.dir_find                               0x08003b38   Section        0  ff.o(i.dir_find)
    dir_find                                 0x08003b39   Thumb Code   108  ff.o(i.dir_find)
    i.dir_next                               0x08003ba4   Section        0  ff.o(i.dir_next)
    dir_next                                 0x08003ba5   Thumb Code   202  ff.o(i.dir_next)
    i.dir_read                               0x08003c6e   Section        0  ff.o(i.dir_read)
    dir_read                                 0x08003c6f   Thumb Code   116  ff.o(i.dir_read)
    i.dir_register                           0x08003ce2   Section        0  ff.o(i.dir_register)
    dir_register                             0x08003ce3   Thumb Code    66  ff.o(i.dir_register)
    i.dir_sdi                                0x08003d24   Section        0  ff.o(i.dir_sdi)
    dir_sdi                                  0x08003d25   Thumb Code   154  ff.o(i.dir_sdi)
    i.disk_initialize                        0x08003dbe   Section        0  diskio.o(i.disk_initialize)
    i.disk_ioctl                             0x08003dd6   Section        0  diskio.o(i.disk_ioctl)
    i.disk_read                              0x08003e24   Section        0  diskio.o(i.disk_read)
    i.disk_status                            0x08003e5a   Section        0  diskio.o(i.disk_status)
    i.disk_write                             0x08003e68   Section        0  diskio.o(i.disk_write)
    i.f_close                                0x08003e9e   Section        0  ff.o(i.f_close)
    i.f_closedir                             0x08003ec0   Section        0  ff.o(i.f_closedir)
    i.f_lseek                                0x08003ed8   Section        0  ff.o(i.f_lseek)
    i.f_mkdir                                0x0800405c   Section        0  ff.o(i.f_mkdir)
    i.f_mkfs                                 0x08004160   Section        0  ff.o(i.f_mkfs)
    i.f_mount                                0x0800480c   Section        0  ff.o(i.f_mount)
    i.f_open                                 0x08004860   Section        0  ff.o(i.f_open)
    i.f_opendir                              0x08004a50   Section        0  ff.o(i.f_opendir)
    i.f_read                                 0x08004abc   Section        0  ff.o(i.f_read)
    i.f_readdir                              0x08004c58   Section        0  ff.o(i.f_readdir)
    i.f_stat                                 0x08004ca6   Section        0  ff.o(i.f_stat)
    i.f_sync                                 0x08004ce4   Section        0  ff.o(i.f_sync)
    i.f_write                                0x08004d84   Section        0  ff.o(i.f_write)
    i.find_volume                            0x08004f62   Section        0  ff.o(i.find_volume)
    find_volume                              0x08004f63   Thumb Code   120  ff.o(i.find_volume)
    i.follow_path                            0x08004fda   Section        0  ff.o(i.follow_path)
    follow_path                              0x08004fdb   Thumb Code   158  ff.o(i.follow_path)
    i.get_fat                                0x08005078   Section        0  ff.o(i.get_fat)
    get_fat                                  0x08005079   Thumb Code   224  ff.o(i.get_fat)
    i.get_fileinfo                           0x08005158   Section        0  ff.o(i.get_fileinfo)
    get_fileinfo                             0x08005159   Thumb Code   146  ff.o(i.get_fileinfo)
    i.get_ldnumber                           0x080051ea   Section        0  ff.o(i.get_ldnumber)
    get_ldnumber                             0x080051eb   Thumb Code    78  ff.o(i.get_ldnumber)
    i.img_to_page                            0x08005238   Section        0  main.o(i.img_to_page)
    img_to_page                              0x08005239   Thumb Code   170  main.o(i.img_to_page)
    i.img_write_all                          0x080052e8   Section        0  main.o(i.img_write_all)
    img_write_all                            0x080052e9   Thumb Code    28  main.o(i.img_write_all)
    i.img_write_file                         0x08005338   Section        0  main.o(i.img_write_file)
    img_write_file                           0x08005339   Thumb Code    92  main.o(i.img_write_file)
    i.ld_clust                               0x08005398   Section        0  ff.o(i.ld_clust)
    ld_clust                                 0x08005399   Thumb Code    38  ff.o(i.ld_clust)
    i.ld_dword                               0x080053be   Section        0  ff.o(i.ld_dword)
    ld_dword                                 0x080053bf   Thumb Code    24  ff.o(i.ld_dword)
    i.ld_word                                0x080053d6   Section        0  ff.o(i.ld_word)
    ld_word                                  0x080053d7   Thumb Code    12  ff.o(i.ld_word)
    i.main                                   0x080053e4   Section        0  main.o(i.main)
    i.mount_volume                           0x080054f0   Section        0  ff.o(i.mount_volume)
    mount_volume                             0x080054f1   Thumb Code   658  ff.o(i.mount_volume)
    i.move_window                            0x08005798   Section        0  ff.o(i.move_window)
    move_window                              0x08005799   Thumb Code    52  ff.o(i.move_window)
    i.put_fat                                0x080057cc   Section        0  ff.o(i.put_fat)
    put_fat                                  0x080057cd   Thumb Code   312  ff.o(i.put_fat)
    i.remove_chain                           0x08005904   Section        0  ff.o(i.remove_chain)
    remove_chain                             0x08005905   Thumb Code   154  ff.o(i.remove_chain)
    i.sd_fs_init                             0x080059a0   Section        0  main.o(i.sd_fs_init)
    sd_fs_init                               0x080059a1   Thumb Code   104  main.o(i.sd_fs_init)
    i.st_clust                               0x08005a14   Section        0  ff.o(i.st_clust)
    st_clust                                 0x08005a15   Thumb Code    36  ff.o(i.st_clust)
    i.st_dword                               0x08005a38   Section        0  ff.o(i.st_dword)
    st_dword                                 0x08005a39   Thumb Code    24  ff.o(i.st_dword)
    i.st_word                                0x08005a50   Section        0  ff.o(i.st_word)
    st_word                                  0x08005a51   Thumb Code    12  ff.o(i.st_word)
    i.sync_fs                                0x08005a5c   Section        0  ff.o(i.sync_fs)
    sync_fs                                  0x08005a5d   Thumb Code   132  ff.o(i.sync_fs)
    i.sync_window                            0x08005ae8   Section        0  ff.o(i.sync_window)
    sync_window                              0x08005ae9   Thumb Code    74  ff.o(i.sync_window)
    i.validate                               0x08005b32   Section        0  ff.o(i.validate)
    validate                                 0x08005b33   Thumb Code    60  ff.o(i.validate)
    x$fpl$fadd                               0x08005b70   Section      196  faddsub_clz.o(x$fpl$fadd)
    _fadd1                                   0x08005b7f   Thumb Code     0  faddsub_clz.o(x$fpl$fadd)
    x$fpl$fcheck1                            0x08005c34   Section       12  fcheck1.o(x$fpl$fcheck1)
    x$fpl$fdiv                               0x08005c40   Section      388  fdiv.o(x$fpl$fdiv)
    _fdiv1                                   0x08005c41   Thumb Code     0  fdiv.o(x$fpl$fdiv)
    x$fpl$ffix                               0x08005dc4   Section       54  ffix.o(x$fpl$ffix)
    x$fpl$fflt                               0x08005dfc   Section       48  fflt_clz.o(x$fpl$fflt)
    x$fpl$ffltu                              0x08005e2c   Section       38  fflt_clz.o(x$fpl$ffltu)
    x$fpl$fmul                               0x08005e54   Section      258  fmul.o(x$fpl$fmul)
    x$fpl$fnaninf                            0x08005f56   Section      140  fnaninf.o(x$fpl$fnaninf)
    x$fpl$fretinf                            0x08005fe2   Section       10  fretinf.o(x$fpl$fretinf)
    x$fpl$frnd                               0x08005fec   Section       96  frnd.o(x$fpl$frnd)
    x$fpl$frsb                               0x0800604c   Section       20  faddsub_clz.o(x$fpl$frsb)
    x$fpl$fsub                               0x08006060   Section      234  faddsub_clz.o(x$fpl$fsub)
    _fsub1                                   0x0800606f   Thumb Code     0  faddsub_clz.o(x$fpl$fsub)
    x$fpl$retnan                             0x0800614a   Section      100  retnan.o(x$fpl$retnan)
    x$fpl$scalbnf                            0x080061ae   Section       76  scalbnf.o(x$fpl$scalbnf)
    x$fpl$trapveneer                         0x080061fa   Section       48  trapv.o(x$fpl$trapveneer)
    x$fpl$usenofp                            0x0800622a   Section        0  usenofp.o(x$fpl$usenofp)
    .constdata                               0x0800622c   Section     4112  main.o(.constdata)
    s_img_snake                              0x0800622c   Data        1024  main.o(.constdata)
    s_img_whale                              0x0800662c   Data        1024  main.o(.constdata)
    s_img_screen                             0x08006a2c   Data        1024  main.o(.constdata)
    s_img_cmd                                0x08006e2c   Data        1024  main.o(.constdata)
    s_app_list                               0x0800722c   Data          16  main.o(.constdata)
    .constdata                               0x0800723c   Section       10  video.o(.constdata)
    pre                                      0x0800723c   Data          10  video.o(.constdata)
    .constdata                               0x08007246   Section     2280  fonts.o(.constdata)
    .constdata                               0x08007b30   Section      172  ff.o(.constdata)
    ExCvt                                    0x08007b30   Data         128  ff.o(.constdata)
    cst                                      0x08007bb0   Data          14  ff.o(.constdata)
    cst32                                    0x08007bbe   Data          14  ff.o(.constdata)
    defopt                                   0x08007bcc   Data          16  ff.o(.constdata)
    .constdata                               0x08007bdc   Section       32  rredf.o(.constdata)
    twooverpi                                0x08007bdc   Data          32  rredf.o(.constdata)
    .conststring                             0x08007bfc   Section       39  main.o(.conststring)
    .data                                    0x20000000   Section       20  system_stm32f10x.o(.data)
    .data                                    0x20000014   Section       20  stm32f10x_rcc.o(.data)
    APBAHBPrescTable                         0x20000014   Data          16  stm32f10x_rcc.o(.data)
    ADCPrescTable                            0x20000024   Data           4  stm32f10x_rcc.o(.data)
    .data                                    0x20000028   Section       64  main.o(.data)
    s_sd_ok                                  0x20000028   Data           1  main.o(.data)
    s_menu_items                             0x2000002c   Data          60  main.o(.data)
    .data                                    0x20000068   Section       13  gamesnake.o(.data)
    s_len                                    0x20000068   Data           2  gamesnake.o(.data)
    s_dir                                    0x2000006a   Data           1  gamesnake.o(.data)
    s_food_x                                 0x2000006b   Data           1  gamesnake.o(.data)
    s_food_y                                 0x2000006c   Data           1  gamesnake.o(.data)
    s_score                                  0x20000070   Data           4  gamesnake.o(.data)
    s_game_over                              0x20000074   Data           1  gamesnake.o(.data)
    .data                                    0x20000078   Section       16  gamedino.o(.data)
    s_dino_y                                 0x20000078   Data           2  gamedino.o(.data)
    s_dino_vy                                0x2000007a   Data           2  gamedino.o(.data)
    s_jumping                                0x2000007c   Data           1  gamedino.o(.data)
    s_score                                  0x20000080   Data           4  gamedino.o(.data)
    s_over                                   0x20000084   Data           1  gamedino.o(.data)
    s_obs_cnt                                0x20000085   Data           1  gamedino.o(.data)
    s_spawn_wait                             0x20000086   Data           2  gamedino.o(.data)
    .data                                    0x20000088   Section       10  video.o(.data)
    s_count                                  0x20000088   Data           1  video.o(.data)
    s_sel                                    0x20000089   Data           1  video.o(.data)
    s_fps                                    0x2000008a   Data           8  video.o(.data)
    .data                                    0x20000092   Section       23  gamepad.o(.data)
    s_idx                                    0x20000092   Data           1  gamepad.o(.data)
    s_state                                  0x20000093   Data           1  gamepad.o(.data)
    s_lx                                     0x20000094   Data           2  gamepad.o(.data)
    s_ly                                     0x20000096   Data           2  gamepad.o(.data)
    s_rx                                     0x20000098   Data           2  gamepad.o(.data)
    s_ry                                     0x2000009a   Data           2  gamepad.o(.data)
    s_lt                                     0x2000009c   Data           2  gamepad.o(.data)
    s_rt                                     0x2000009e   Data           2  gamepad.o(.data)
    s_buttons                                0x200000a0   Data           2  gamepad.o(.data)
    s_dpad                                   0x200000a2   Data           1  gamepad.o(.data)
    s_prev_buttons                           0x200000a4   Data           2  gamepad.o(.data)
    s_pressed_latch                          0x200000a6   Data           2  gamepad.o(.data)
    s_connected                              0x200000a8   Data           1  gamepad.o(.data)
    .data                                    0x200000ac   Section        4  bsp_delay.o(.data)
    .data                                    0x200000b0   Section        8  sd_spi.o(.data)
    s_sdhc                                   0x200000b0   Data           1  sd_spi.o(.data)
    s_sector_count                           0x200000b4   Data           4  sd_spi.o(.data)
    .data                                    0x200000b8   Section       16  menu.o(.data)
    s_items                                  0x200000b8   Data           4  menu.o(.data)
    s_count                                  0x200000bc   Data           1  menu.o(.data)
    s_sel                                    0x200000bd   Data           1  menu.o(.data)
    s_target                                 0x200000be   Data           1  menu.o(.data)
    s_dir                                    0x200000bf   Data           1  menu.o(.data)
    s_state                                  0x200000c0   Data           1  menu.o(.data)
    s_anim_offset                            0x200000c2   Data           2  menu.o(.data)
    s_anim_start                             0x200000c4   Data           4  menu.o(.data)
    .data                                    0x200000c8   Section        2  album.o(.data)
    s_count                                  0x200000c8   Data           1  album.o(.data)
    s_index                                  0x200000c9   Data           1  album.o(.data)
    .data                                    0x200000cc   Section        6  ff.o(.data)
    FatFs                                    0x200000cc   Data           4  ff.o(.data)
    Fsid                                     0x200000d0   Data           2  ff.o(.data)
    .bss                                     0x200000d4   Section     6704  main.o(.bss)
    s_sd_fs                                  0x200000d4   Data         560  main.o(.bss)
    s_mkfs_work                              0x20000304   Data        2048  main.o(.bss)
    s_img_page                               0x20000b04   Data        1024  main.o(.bss)
    s_page_game                              0x20000f04   Data        1024  main.o(.bss)
    s_page_album                             0x20001304   Data        1024  main.o(.bss)
    s_page_video                             0x20001704   Data        1024  main.o(.bss)
    .bss                                     0x20001b04   Section      224  gamesnake.o(.bss)
    s_snake_x                                0x20001b04   Data         112  gamesnake.o(.bss)
    s_snake_y                                0x20001b74   Data         112  gamesnake.o(.bss)
    .bss                                     0x20001be4   Section       16  gamedino.o(.bss)
    s_obs                                    0x20001be4   Data          16  gamedino.o(.bss)
    .bss                                     0x20001bf4   Section     1704  video.o(.bss)
    s_names                                  0x20001bf4   Data         128  video.o(.bss)
    s_frame                                  0x20001c74   Data        1024  video.o(.bss)
    s_file                                   0x20002074   Data         552  video.o(.bss)
    .bss                                     0x2000229c   Section       18  gamepad.o(.bss)
    s_buf                                    0x2000229c   Data          18  gamepad.o(.bss)
    .bss                                     0x200022ae   Section     2048  ssd1306.o(.bss)
    s_fb                                     0x200022ae   Data        1024  ssd1306.o(.bss)
    s_tx                                     0x200026ae   Data        1024  ssd1306.o(.bss)
    .bss                                     0x20002aae   Section     1152  album.o(.bss)
    s_names                                  0x20002aae   Data         128  album.o(.bss)
    s_buf                                    0x20002b2e   Data        1024  album.o(.bss)
    .bss                                     0x20002f30   Section       96  libspace.o(.bss)
    HEAP                                     0x20002f90   Section      512  startup_stm32f10x_md.o(HEAP)
    Heap_Mem                                 0x20002f90   Data         512  startup_stm32f10x_md.o(HEAP)
    STACK                                    0x20003190   Section     1024  startup_stm32f10x_md.o(STACK)
    Stack_Mem                                0x20003190   Data        1024  startup_stm32f10x_md.o(STACK)
    __initial_sp                             0x20003590   Data           0  startup_stm32f10x_md.o(STACK)

    Global Symbols

    Symbol Name                              Value     Ov Type        Size  Object(Section)

    BuildAttributes$$THM_ISAv4$P$D$K$B$S$PE$A:L22UL41UL21$X:L11$S22US41US21$IEEE1$IW$USESV6$~STKCKD$USESV7$~SHL$OTIME$ROPI$IEEEX$EBA8$UX$STANDARDLIB$REQ8$PRES8$EABIv2 0x00000000   Number         0  anon$$obj.o ABSOLUTE
    __ARM_use_no_argv                        0x00000000   Number         0  main.o ABSOLUTE
    __ARM_exceptions_init                     - Undefined Weak Reference
    __alloca_initialize                       - Undefined Weak Reference
    __arm_preinit_                            - Undefined Weak Reference
    __cpp_initialize__aeabi_                  - Undefined Weak Reference
    __cxa_finalize                            - Undefined Weak Reference
    __rt_locale                               - Undefined Weak Reference
    __sigvec_lookup                           - Undefined Weak Reference
    _atexit_init                              - Undefined Weak Reference
    _call_atexit_fns                          - Undefined Weak Reference
    _clock_init                               - Undefined Weak Reference
    _fp_trap_init                             - Undefined Weak Reference
    _fp_trap_shutdown                         - Undefined Weak Reference
    _get_lc_collate                           - Undefined Weak Reference
    _get_lc_ctype                             - Undefined Weak Reference
    _get_lc_monetary                          - Undefined Weak Reference
    _get_lc_numeric                           - Undefined Weak Reference
    _get_lc_time                              - Undefined Weak Reference
    _getenv_init                              - Undefined Weak Reference
    _handle_redirection                       - Undefined Weak Reference
    _init_alloc                               - Undefined Weak Reference
    _init_user_alloc                          - Undefined Weak Reference
    _initio                                   - Undefined Weak Reference
    _rand_init                                - Undefined Weak Reference
    _signal_finish                            - Undefined Weak Reference
    _signal_init                              - Undefined Weak Reference
    _terminate_alloc                          - Undefined Weak Reference
    _terminate_user_alloc                     - Undefined Weak Reference
    _terminateio                              - Undefined Weak Reference
    __Vectors_Size                           0x000000ec   Number         0  startup_stm32f10x_md.o ABSOLUTE
    __Vectors                                0x08000000   Data           4  startup_stm32f10x_md.o(RESET)
    __Vectors_End                            0x080000ec   Data           0  startup_stm32f10x_md.o(RESET)
    __main                                   0x080000ed   Thumb Code     8  __main.o(!!!main)
    __scatterload                            0x080000f5   Thumb Code     0  __scatter.o(!!!scatter)
    __scatterload_rt2                        0x080000f5   Thumb Code    44  __scatter.o(!!!scatter)
    __scatterload_rt2_thumb_only             0x080000f5   Thumb Code     0  __scatter.o(!!!scatter)
    __scatterload_null                       0x08000103   Thumb Code     0  __scatter.o(!!!scatter)
    __scatterload_copy                       0x08000129   Thumb Code    26  __scatter_copy.o(!!handler_copy)
    __scatterload_zeroinit                   0x08000145   Thumb Code    28  __scatter_zi.o(!!handler_zi)
    __rt_lib_init                            0x08000161   Thumb Code     0  libinit.o(.ARM.Collect$$libinit$$00000000)
    __rt_lib_init_alloca_1                   0x08000163   Thumb Code     0  libinit2.o(.ARM.Collect$$libinit$$0000002E)
    __rt_lib_init_argv_1                     0x08000163   Thumb Code     0  libinit2.o(.ARM.Collect$$libinit$$0000002C)
    __rt_lib_init_atexit_1                   0x08000163   Thumb Code     0  libinit2.o(.ARM.Collect$$libinit$$0000001B)
    __rt_lib_init_clock_1                    0x08000163   Thumb Code     0  libinit2.o(.ARM.Collect$$libinit$$00000021)
    __rt_lib_init_cpp_1                      0x08000163   Thumb Code     0  libinit2.o(.ARM.Collect$$libinit$$00000032)
    __rt_lib_init_exceptions_1               0x08000163   Thumb Code     0  libinit2.o(.ARM.Collect$$libinit$$00000030)
    __rt_lib_init_fp_1                       0x08000163   Thumb Code     0  libinit2.o(.ARM.Collect$$libinit$$00000002)
    __rt_lib_init_fp_trap_1                  0x08000163   Thumb Code     0  libinit2.o(.ARM.Collect$$libinit$$0000001F)
    __rt_lib_init_getenv_1                   0x08000163   Thumb Code     0  libinit2.o(.ARM.Collect$$libinit$$00000023)
    __rt_lib_init_heap_1                     0x08000163   Thumb Code     0  libinit2.o(.ARM.Collect$$libinit$$0000000A)
    __rt_lib_init_lc_collate_1               0x08000163   Thumb Code     0  libinit2.o(.ARM.Collect$$libinit$$00000011)
    __rt_lib_init_lc_ctype_1                 0x08000163   Thumb Code     0  libinit2.o(.ARM.Collect$$libinit$$00000013)
    __rt_lib_init_lc_monetary_1              0x08000163   Thumb Code     0  libinit2.o(.ARM.Collect$$libinit$$00000015)
    __rt_lib_init_lc_numeric_1               0x08000163   Thumb Code     0  libinit2.o(.ARM.Collect$$libinit$$00000017)
    __rt_lib_init_lc_time_1                  0x08000163   Thumb Code     0  libinit2.o(.ARM.Collect$$libinit$$00000019)
    __rt_lib_init_preinit_1                  0x08000163   Thumb Code     0  libinit2.o(.ARM.Collect$$libinit$$00000004)
    __rt_lib_init_rand_1                     0x08000163   Thumb Code     0  libinit2.o(.ARM.Collect$$libinit$$0000000E)
    __rt_lib_init_return                     0x08000163   Thumb Code     0  libinit2.o(.ARM.Collect$$libinit$$00000033)
    __rt_lib_init_signal_1                   0x08000163   Thumb Code     0  libinit2.o(.ARM.Collect$$libinit$$0000001D)
    __rt_lib_init_stdio_1                    0x08000163   Thumb Code     0  libinit2.o(.ARM.Collect$$libinit$$00000025)
    __rt_lib_init_user_alloc_1               0x08000163   Thumb Code     0  libinit2.o(.ARM.Collect$$libinit$$0000000C)
    __rt_lib_shutdown                        0x08000165   Thumb Code     0  libshutdown.o(.ARM.Collect$$libshutdown$$00000000)
    __rt_lib_shutdown_cpp_1                  0x08000167   Thumb Code     0  libshutdown2.o(.ARM.Collect$$libshutdown$$00000002)
    __rt_lib_shutdown_fp_trap_1              0x08000167   Thumb Code     0  libshutdown2.o(.ARM.Collect$$libshutdown$$00000007)
    __rt_lib_shutdown_heap_1                 0x08000167   Thumb Code     0  libshutdown2.o(.ARM.Collect$$libshutdown$$0000000F)
    __rt_lib_shutdown_return                 0x08000167   Thumb Code     0  libshutdown2.o(.ARM.Collect$$libshutdown$$00000010)
    __rt_lib_shutdown_signal_1               0x08000167   Thumb Code     0  libshutdown2.o(.ARM.Collect$$libshutdown$$0000000A)
    __rt_lib_shutdown_stdio_1                0x08000167   Thumb Code     0  libshutdown2.o(.ARM.Collect$$libshutdown$$00000004)
    __rt_lib_shutdown_user_alloc_1           0x08000167   Thumb Code     0  libshutdown2.o(.ARM.Collect$$libshutdown$$0000000C)
    __rt_entry                               0x08000169   Thumb Code     0  __rtentry.o(.ARM.Collect$$rtentry$$00000000)
    __rt_entry_presh_1                       0x08000169   Thumb Code     0  __rtentry2.o(.ARM.Collect$$rtentry$$00000002)
    __rt_entry_sh                            0x08000169   Thumb Code     0  __rtentry4.o(.ARM.Collect$$rtentry$$00000004)
    __rt_entry_li                            0x0800016f   Thumb Code     0  __rtentry2.o(.ARM.Collect$$rtentry$$0000000A)
    __rt_entry_postsh_1                      0x0800016f   Thumb Code     0  __rtentry2.o(.ARM.Collect$$rtentry$$00000009)
    __rt_entry_main                          0x08000173   Thumb Code     0  __rtentry2.o(.ARM.Collect$$rtentry$$0000000D)
    __rt_entry_postli_1                      0x08000173   Thumb Code     0  __rtentry2.o(.ARM.Collect$$rtentry$$0000000C)
    __rt_exit                                0x0800017b   Thumb Code     0  rtexit.o(.ARM.Collect$$rtexit$$00000000)
    __rt_exit_ls                             0x0800017d   Thumb Code     0  rtexit2.o(.ARM.Collect$$rtexit$$00000003)
    __rt_exit_prels_1                        0x0800017d   Thumb Code     0  rtexit2.o(.ARM.Collect$$rtexit$$00000002)
    __rt_exit_exit                           0x08000181   Thumb Code     0  rtexit2.o(.ARM.Collect$$rtexit$$00000004)
    Reset_Handler                            0x08000189   Thumb Code     8  startup_stm32f10x_md.o(.text)
    ADC1_2_IRQHandler                        0x080001a3   Thumb Code     0  startup_stm32f10x_md.o(.text)
    CAN1_RX1_IRQHandler                      0x080001a3   Thumb Code     0  startup_stm32f10x_md.o(.text)
    CAN1_SCE_IRQHandler                      0x080001a3   Thumb Code     0  startup_stm32f10x_md.o(.text)
    DMA1_Channel1_IRQHandler                 0x080001a3   Thumb Code     0  startup_stm32f10x_md.o(.text)
    DMA1_Channel2_IRQHandler                 0x080001a3   Thumb Code     0  startup_stm32f10x_md.o(.text)
    DMA1_Channel3_IRQHandler                 0x080001a3   Thumb Code     0  startup_stm32f10x_md.o(.text)
    DMA1_Channel4_IRQHandler                 0x080001a3   Thumb Code     0  startup_stm32f10x_md.o(.text)
    DMA1_Channel5_IRQHandler                 0x080001a3   Thumb Code     0  startup_stm32f10x_md.o(.text)
    DMA1_Channel6_IRQHandler                 0x080001a3   Thumb Code     0  startup_stm32f10x_md.o(.text)
    DMA1_Channel7_IRQHandler                 0x080001a3   Thumb Code     0  startup_stm32f10x_md.o(.text)
    EXTI0_IRQHandler                         0x080001a3   Thumb Code     0  startup_stm32f10x_md.o(.text)
    EXTI15_10_IRQHandler                     0x080001a3   Thumb Code     0  startup_stm32f10x_md.o(.text)
    EXTI1_IRQHandler                         0x080001a3   Thumb Code     0  startup_stm32f10x_md.o(.text)
    EXTI2_IRQHandler                         0x080001a3   Thumb Code     0  startup_stm32f10x_md.o(.text)
    EXTI3_IRQHandler                         0x080001a3   Thumb Code     0  startup_stm32f10x_md.o(.text)
    EXTI4_IRQHandler                         0x080001a3   Thumb Code     0  startup_stm32f10x_md.o(.text)
    EXTI9_5_IRQHandler                       0x080001a3   Thumb Code     0  startup_stm32f10x_md.o(.text)
    FLASH_IRQHandler                         0x080001a3   Thumb Code     0  startup_stm32f10x_md.o(.text)
    I2C1_ER_IRQHandler                       0x080001a3   Thumb Code     0  startup_stm32f10x_md.o(.text)
    I2C1_EV_IRQHandler                       0x080001a3   Thumb Code     0  startup_stm32f10x_md.o(.text)
    I2C2_ER_IRQHandler                       0x080001a3   Thumb Code     0  startup_stm32f10x_md.o(.text)
    I2C2_EV_IRQHandler                       0x080001a3   Thumb Code     0  startup_stm32f10x_md.o(.text)
    PVD_IRQHandler                           0x080001a3   Thumb Code     0  startup_stm32f10x_md.o(.text)
    RCC_IRQHandler                           0x080001a3   Thumb Code     0  startup_stm32f10x_md.o(.text)
    RTCAlarm_IRQHandler                      0x080001a3   Thumb Code     0  startup_stm32f10x_md.o(.text)
    RTC_IRQHandler                           0x080001a3   Thumb Code     0  startup_stm32f10x_md.o(.text)
    SPI1_IRQHandler                          0x080001a3   Thumb Code     0  startup_stm32f10x_md.o(.text)
    SPI2_IRQHandler                          0x080001a3   Thumb Code     0  startup_stm32f10x_md.o(.text)
    TAMPER_IRQHandler                        0x080001a3   Thumb Code     0  startup_stm32f10x_md.o(.text)
    TIM1_BRK_IRQHandler                      0x080001a3   Thumb Code     0  startup_stm32f10x_md.o(.text)
    TIM1_CC_IRQHandler                       0x080001a3   Thumb Code     0  startup_stm32f10x_md.o(.text)
    TIM1_TRG_COM_IRQHandler                  0x080001a3   Thumb Code     0  startup_stm32f10x_md.o(.text)
    TIM1_UP_IRQHandler                       0x080001a3   Thumb Code     0  startup_stm32f10x_md.o(.text)
    TIM2_IRQHandler                          0x080001a3   Thumb Code     0  startup_stm32f10x_md.o(.text)
    TIM3_IRQHandler                          0x080001a3   Thumb Code     0  startup_stm32f10x_md.o(.text)
    TIM4_IRQHandler                          0x080001a3   Thumb Code     0  startup_stm32f10x_md.o(.text)
    USART2_IRQHandler                        0x080001a3   Thumb Code     0  startup_stm32f10x_md.o(.text)
    USART3_IRQHandler                        0x080001a3   Thumb Code     0  startup_stm32f10x_md.o(.text)
    USBWakeUp_IRQHandler                     0x080001a3   Thumb Code     0  startup_stm32f10x_md.o(.text)
    USB_HP_CAN1_TX_IRQHandler                0x080001a3   Thumb Code     0  startup_stm32f10x_md.o(.text)
    USB_LP_CAN1_RX0_IRQHandler               0x080001a3   Thumb Code     0  startup_stm32f10x_md.o(.text)
    WWDG_IRQHandler                          0x080001a3   Thumb Code     0  startup_stm32f10x_md.o(.text)
    __user_initial_stackheap                 0x080001a5   Thumb Code     0  startup_stm32f10x_md.o(.text)
    strchr                                   0x080001c9   Thumb Code    20  strchr.o(.text)
    memcmp                                   0x080001dd   Thumb Code    88  memcmp.o(.text)
    __aeabi_memcpy                           0x08000235   Thumb Code     0  rt_memcpy_v6.o(.text)
    __rt_memcpy                              0x08000235   Thumb Code   138  rt_memcpy_v6.o(.text)
    _memcpy_lastbytes                        0x0800029b   Thumb Code     0  rt_memcpy_v6.o(.text)
    __aeabi_memcpy4                          0x080002bf   Thumb Code     0  rt_memcpy_w.o(.text)
    __aeabi_memcpy8                          0x080002bf   Thumb Code     0  rt_memcpy_w.o(.text)
    __rt_memcpy_w                            0x080002bf   Thumb Code   100  rt_memcpy_w.o(.text)
    _memcpy_lastbytes_aligned                0x08000307   Thumb Code     0  rt_memcpy_w.o(.text)
    __aeabi_memset                           0x08000323   Thumb Code    16  aeabi_memset.o(.text)
    __aeabi_memclr                           0x08000333   Thumb Code     0  rt_memclr.o(.text)
    __rt_memclr                              0x08000333   Thumb Code    68  rt_memclr.o(.text)
    _memset                                  0x08000337   Thumb Code     0  rt_memclr.o(.text)
    __aeabi_memclr4                          0x08000377   Thumb Code     0  rt_memclr_w.o(.text)
    __aeabi_memclr8                          0x08000377   Thumb Code     0  rt_memclr_w.o(.text)
    __rt_memclr_w                            0x08000377   Thumb Code    78  rt_memclr_w.o(.text)
    _memset_w                                0x0800037b   Thumb Code     0  rt_memclr_w.o(.text)
    __use_two_region_memory                  0x080003c5   Thumb Code     2  heapauxi.o(.text)
    __rt_heap_escrow$2region                 0x080003c7   Thumb Code     2  heapauxi.o(.text)
    __rt_heap_expand$2region                 0x080003c9   Thumb Code     2  heapauxi.o(.text)
    __read_errno                             0x080003cb   Thumb Code    10  _rserrno.o(.text)
    __set_errno                              0x080003d5   Thumb Code    12  _rserrno.o(.text)
    __aeabi_errno_addr                       0x080003e1   Thumb Code     8  rt_errno_addr_intlibspace.o(.text)
    __errno$intlibspace                      0x080003e1   Thumb Code     0  rt_errno_addr_intlibspace.o(.text)
    __rt_errno_addr$intlibspace              0x080003e1   Thumb Code     0  rt_errno_addr_intlibspace.o(.text)
    __user_libspace                          0x080003e9   Thumb Code     8  libspace.o(.text)
    __user_perproc_libspace                  0x080003e9   Thumb Code     0  libspace.o(.text)
    __user_perthread_libspace                0x080003e9   Thumb Code     0  libspace.o(.text)
    __user_setup_stackheap                   0x080003f1   Thumb Code    74  sys_stackheap_outer.o(.text)
    exit                                     0x0800043b   Thumb Code    18  exit.o(.text)
    _sys_exit                                0x0800044d   Thumb Code     8  sys_exit.o(.text)
    __I$use$semihosting                      0x08000459   Thumb Code     0  use_no_semi.o(.text)
    __use_no_semihosting_swi                 0x08000459   Thumb Code     2  use_no_semi.o(.text)
    __semihosting_library_function           0x0800045b   Thumb Code     0  indicate_semi.o(.text)
    Album_Run                                0x0800054d   Thumb Code   228  album.o(i.Album_Run)
    BusFault_Handler                         0x08000851   Thumb Code     4  stm32f10x_it.o(i.BusFault_Handler)
    DebugMon_Handler                         0x08000855   Thumb Code     2  stm32f10x_it.o(i.DebugMon_Handler)
    Dino_Run                                 0x08000be5   Thumb Code   270  gamedino.o(i.Dino_Run)
    GPIO_Init                                0x08000da5   Thumb Code   278  stm32f10x_gpio.o(i.GPIO_Init)
    GPIO_ResetBits                           0x08000ebb   Thumb Code     4  stm32f10x_gpio.o(i.GPIO_ResetBits)
    GPIO_SetBits                             0x08000ebf   Thumb Code     4  stm32f10x_gpio.o(i.GPIO_SetBits)
    Gamepad_ButtonPressed                    0x080011b1   Thumb Code    34  gamepad.o(i.Gamepad_ButtonPressed)
    Gamepad_GetDPad                          0x080011d9   Thumb Code     6  gamepad.o(i.Gamepad_GetDPad)
    Gamepad_GetDir                           0x080011e5   Thumb Code   124  gamepad.o(i.Gamepad_GetDir)
    Gamepad_GetLT                            0x0800126d   Thumb Code     6  gamepad.o(i.Gamepad_GetLT)
    Gamepad_GetRT                            0x08001279   Thumb Code     6  gamepad.o(i.Gamepad_GetRT)
    Gamepad_Init                             0x08001285   Thumb Code   180  gamepad.o(i.Gamepad_Init)
    HardFault_Handler                        0x08001355   Thumb Code     4  stm32f10x_it.o(i.HardFault_Handler)
    MemManage_Handler                        0x08001359   Thumb Code     4  stm32f10x_it.o(i.MemManage_Handler)
    Menu_Run                                 0x08001511   Thumb Code   254  menu.o(i.Menu_Run)
    NMI_Handler                              0x080016b1   Thumb Code     2  stm32f10x_it.o(i.NMI_Handler)
    NVIC_Init                                0x080016b5   Thumb Code   100  misc.o(i.NVIC_Init)
    PendSV_Handler                           0x0800179d   Thumb Code     2  stm32f10x_it.o(i.PendSV_Handler)
    RCC_APB2PeriphClockCmd                   0x080017a1   Thumb Code    26  stm32f10x_rcc.o(i.RCC_APB2PeriphClockCmd)
    RCC_GetClocksFreq                        0x080017c1   Thumb Code   192  stm32f10x_rcc.o(i.RCC_GetClocksFreq)
    SD_GetSectorCount                        0x08001895   Thumb Code     6  sd_spi.o(i.SD_GetSectorCount)
    SD_Init                                  0x080018a1   Thumb Code   274  sd_spi.o(i.SD_Init)
    SD_ReadCSD                               0x080019cd   Thumb Code   262  sd_spi.o(i.SD_ReadCSD)
    SD_ReadSector                            0x08001ae1   Thumb Code   140  sd_spi.o(i.SD_ReadSector)
    SD_WriteSector                           0x08001ced   Thumb Code   192  sd_spi.o(i.SD_WriteSector)
    SPI_Cmd                                  0x08001dbd   Thumb Code    24  stm32f10x_spi.o(i.SPI_Cmd)
    SPI_I2S_GetFlagStatus                    0x08001dd5   Thumb Code    18  stm32f10x_spi.o(i.SPI_I2S_GetFlagStatus)
    SPI_I2S_ReceiveData                      0x08001de7   Thumb Code     6  stm32f10x_spi.o(i.SPI_I2S_ReceiveData)
    SPI_I2S_SendData                         0x08001ded   Thumb Code     4  stm32f10x_spi.o(i.SPI_I2S_SendData)
    SPI_Init                                 0x08001df1   Thumb Code    60  stm32f10x_spi.o(i.SPI_Init)
    SPI_StructInit                           0x08001e2d   Thumb Code    24  stm32f10x_spi.o(i.SPI_StructInit)
    SSD1306_Clear                            0x08001e6d   Thumb Code    22  ssd1306.o(i.SSD1306_Clear)
    SSD1306_Display                          0x08001eb1   Thumb Code    58  ssd1306.o(i.SSD1306_Display)
    SSD1306_DisplayRange                     0x08001ef5   Thumb Code   118  ssd1306.o(i.SSD1306_DisplayRange)
    SSD1306_DrawLine                         0x08001f75   Thumb Code   158  ssd1306.o(i.SSD1306_DrawLine)
    SSD1306_DrawPixel                        0x08002015   Thumb Code    96  ssd1306.o(i.SSD1306_DrawPixel)
    SSD1306_DrawRect                         0x08002079   Thumb Code    74  ssd1306.o(i.SSD1306_DrawRect)
    SSD1306_FillRect                         0x080020c3   Thumb Code    86  ssd1306.o(i.SSD1306_FillRect)
    SSD1306_Init                             0x08002175   Thumb Code   210  ssd1306.o(i.SSD1306_Init)
    SSD1306_ShowBitmap                       0x0800238d   Thumb Code    36  ssd1306.o(i.SSD1306_ShowBitmap)
    SSD1306_ShowBitmapRegion                 0x080023b5   Thumb Code   178  ssd1306.o(i.SSD1306_ShowBitmapRegion)
    SSD1306_ShowChar                         0x08002467   Thumb Code   262  ssd1306.o(i.SSD1306_ShowChar)
    SSD1306_ShowNum                          0x0800256d   Thumb Code    84  ssd1306.o(i.SSD1306_ShowNum)
    SSD1306_ShowString                       0x080025c1   Thumb Code   126  ssd1306.o(i.SSD1306_ShowString)
    SVC_Handler                              0x0800267f   Thumb Code     2  stm32f10x_it.o(i.SVC_Handler)
    Snake_Run                                0x0800279d   Thumb Code   186  gamesnake.o(i.Snake_Run)
    SysTick_Handler                          0x08002991   Thumb Code    12  stm32f10x_it.o(i.SysTick_Handler)
    SystemInit                               0x080029a1   Thumb Code    78  system_stm32f10x.o(i.SystemInit)
    USART1_IRQHandler                        0x08002a01   Thumb Code   330  gamepad.o(i.USART1_IRQHandler)
    USART_Cmd                                0x08002b89   Thumb Code    24  stm32f10x_usart.o(i.USART_Cmd)
    USART_GetITStatus                        0x08002ba1   Thumb Code    84  stm32f10x_usart.o(i.USART_GetITStatus)
    USART_ITConfig                           0x08002bf5   Thumb Code    74  stm32f10x_usart.o(i.USART_ITConfig)
    USART_Init                               0x08002c41   Thumb Code   210  stm32f10x_usart.o(i.USART_Init)
    USART_ReceiveData                        0x08002d19   Thumb Code    10  stm32f10x_usart.o(i.USART_ReceiveData)
    USART_StructInit                         0x08002d23   Thumb Code    24  stm32f10x_usart.o(i.USART_StructInit)
    UsageFault_Handler                       0x08002d3b   Thumb Code     4  stm32f10x_it.o(i.UsageFault_Handler)
    Video_Run                                0x08002ee1   Thumb Code   476  video.o(i.Video_Run)
    __mathlib_flt_infnan                     0x0800321d   Thumb Code     6  funder.o(i.__mathlib_flt_infnan)
    __mathlib_flt_invalid                    0x08003223   Thumb Code     8  funder.o(i.__mathlib_flt_invalid)
    __mathlib_rredf2                         0x0800322d   Thumb Code   344  rredf.o(i.__mathlib_rredf2)
    bsp_delay_init                           0x08003395   Thumb Code   104  bsp_delay.o(i.bsp_delay_init)
    bsp_delay_ms                             0x0800340d   Thumb Code    18  bsp_delay.o(i.bsp_delay_ms)
    bsp_delay_us                             0x08003425   Thumb Code    34  bsp_delay.o(i.bsp_delay_us)
    cosf                                     0x08003551   Thumb Code   328  cosf.o(i.cosf)
    disk_initialize                          0x08003dbf   Thumb Code    24  diskio.o(i.disk_initialize)
    disk_ioctl                               0x08003dd7   Thumb Code    78  diskio.o(i.disk_ioctl)
    disk_read                                0x08003e25   Thumb Code    54  diskio.o(i.disk_read)
    disk_status                              0x08003e5b   Thumb Code    14  diskio.o(i.disk_status)
    disk_write                               0x08003e69   Thumb Code    54  diskio.o(i.disk_write)
    f_close                                  0x08003e9f   Thumb Code    34  ff.o(i.f_close)
    f_closedir                               0x08003ec1   Thumb Code    24  ff.o(i.f_closedir)
    f_lseek                                  0x08003ed9   Thumb Code   388  ff.o(i.f_lseek)
    f_mkdir                                  0x0800405d   Thumb Code   256  ff.o(i.f_mkdir)
    f_mkfs                                   0x08004161   Thumb Code  1654  ff.o(i.f_mkfs)
    f_mount                                  0x0800480d   Thumb Code    80  ff.o(i.f_mount)
    f_open                                   0x08004861   Thumb Code   492  ff.o(i.f_open)
    f_opendir                                0x08004a51   Thumb Code   108  ff.o(i.f_opendir)
    f_read                                   0x08004abd   Thumb Code   412  ff.o(i.f_read)
    f_readdir                                0x08004c59   Thumb Code    78  ff.o(i.f_readdir)
    f_stat                                   0x08004ca7   Thumb Code    62  ff.o(i.f_stat)
    f_sync                                   0x08004ce5   Thumb Code   156  ff.o(i.f_sync)
    f_write                                  0x08004d85   Thumb Code   478  ff.o(i.f_write)
    main                                     0x080053e5   Thumb Code   184  main.o(i.main)
    __aeabi_fadd                             0x08005b71   Thumb Code     0  faddsub_clz.o(x$fpl$fadd)
    _fadd                                    0x08005b71   Thumb Code   196  faddsub_clz.o(x$fpl$fadd)
    __fpl_fcheck_NaN1                        0x08005c35   Thumb Code     6  fcheck1.o(x$fpl$fcheck1)
    __aeabi_fdiv                             0x08005c41   Thumb Code     0  fdiv.o(x$fpl$fdiv)
    _fdiv                                    0x08005c41   Thumb Code   384  fdiv.o(x$fpl$fdiv)
    __aeabi_f2iz                             0x08005dc5   Thumb Code     0  ffix.o(x$fpl$ffix)
    _ffix                                    0x08005dc5   Thumb Code    54  ffix.o(x$fpl$ffix)
    __aeabi_i2f                              0x08005dfd   Thumb Code     0  fflt_clz.o(x$fpl$fflt)
    _fflt                                    0x08005dfd   Thumb Code    48  fflt_clz.o(x$fpl$fflt)
    __aeabi_ui2f                             0x08005e2d   Thumb Code     0  fflt_clz.o(x$fpl$ffltu)
    _ffltu                                   0x08005e2d   Thumb Code    38  fflt_clz.o(x$fpl$ffltu)
    __aeabi_fmul                             0x08005e55   Thumb Code     0  fmul.o(x$fpl$fmul)
    _fmul                                    0x08005e55   Thumb Code   258  fmul.o(x$fpl$fmul)
    __fpl_fnaninf                            0x08005f57   Thumb Code   140  fnaninf.o(x$fpl$fnaninf)
    __fpl_fretinf                            0x08005fe3   Thumb Code    10  fretinf.o(x$fpl$fretinf)
    _frnd                                    0x08005fed   Thumb Code    96  frnd.o(x$fpl$frnd)
    __aeabi_frsub                            0x0800604d   Thumb Code     0  faddsub_clz.o(x$fpl$frsb)
    _frsb                                    0x0800604d   Thumb Code    20  faddsub_clz.o(x$fpl$frsb)
    __aeabi_fsub                             0x08006061   Thumb Code     0  faddsub_clz.o(x$fpl$fsub)
    _fsub                                    0x08006061   Thumb Code   234  faddsub_clz.o(x$fpl$fsub)
    __fpl_return_NaN                         0x0800614b   Thumb Code   100  retnan.o(x$fpl$retnan)
    __ARM_scalbnf                            0x080061af   Thumb Code    76  scalbnf.o(x$fpl$scalbnf)
    __fpl_cmpreturn                          0x080061fb   Thumb Code    48  trapv.o(x$fpl$trapveneer)
    __I$use$fp                               0x0800622a   Number         0  usenofp.o(x$fpl$usenofp)
    font_8x16                                0x08007246   Data        1520  fonts.o(.constdata)
    font_8x8                                 0x08007836   Data         760  fonts.o(.constdata)
    Region$$Table$$Base                      0x08007c24   Number         0  anon$$obj.o(Region$$Table)
    Region$$Table$$Limit                     0x08007c44   Number         0  anon$$obj.o(Region$$Table)
    SystemCoreClock                          0x20000000   Data           4  system_stm32f10x.o(.data)
    AHBPrescTable                            0x20000004   Data          16  system_stm32f10x.o(.data)
    g_tick_ms                                0x200000ac   Data           4  bsp_delay.o(.data)
    __libspace_start                         0x20002f30   Data          96  libspace.o(.bss)
    __temporary_stack_top$libspace           0x20002f90   Data           0  libspace.o(.bss)



==============================================================================

Memory Map of the image

  Image Entry point : 0x080000ed

  Load Region LR_IROM1 (Base: 0x08000000, Size: 0x00007d18, Max: 0x00010000, ABSOLUTE)

    Execution Region ER_IROM1 (Exec base: 0x08000000, Load base: 0x08000000, Size: 0x00007c44, Max: 0x00010000, ABSOLUTE)

    Exec Addr    Load Addr    Size         Type   Attr      Idx    E Section Name        Object

    0x08000000   0x08000000   0x000000ec   Data   RO            3    RESET               startup_stm32f10x_md.o
    0x080000ec   0x080000ec   0x00000008   Code   RO         4342  * !!!main             c_w.l(__main.o)
    0x080000f4   0x080000f4   0x00000034   Code   RO         4578    !!!scatter          c_w.l(__scatter.o)
    0x08000128   0x08000128   0x0000001a   Code   RO         4580    !!handler_copy      c_w.l(__scatter_copy.o)
    0x08000142   0x08000142   0x00000002   PAD
    0x08000144   0x08000144   0x0000001c   Code   RO         4582    !!handler_zi        c_w.l(__scatter_zi.o)
    0x08000160   0x08000160   0x00000002   Code   RO         4445    .ARM.Collect$$libinit$$00000000  c_w.l(libinit.o)
    0x08000162   0x08000162   0x00000000   Code   RO         4451    .ARM.Collect$$libinit$$00000002  c_w.l(libinit2.o)
    0x08000162   0x08000162   0x00000000   Code   RO         4453    .ARM.Collect$$libinit$$00000004  c_w.l(libinit2.o)
    0x08000162   0x08000162   0x00000000   Code   RO         4456    .ARM.Collect$$libinit$$0000000A  c_w.l(libinit2.o)
    0x08000162   0x08000162   0x00000000   Code   RO         4458    .ARM.Collect$$libinit$$0000000C  c_w.l(libinit2.o)
    0x08000162   0x08000162   0x00000000   Code   RO         4460    .ARM.Collect$$libinit$$0000000E  c_w.l(libinit2.o)
    0x08000162   0x08000162   0x00000000   Code   RO         4463    .ARM.Collect$$libinit$$00000011  c_w.l(libinit2.o)
    0x08000162   0x08000162   0x00000000   Code   RO         4465    .ARM.Collect$$libinit$$00000013  c_w.l(libinit2.o)
    0x08000162   0x08000162   0x00000000   Code   RO         4467    .ARM.Collect$$libinit$$00000015  c_w.l(libinit2.o)
    0x08000162   0x08000162   0x00000000   Code   RO         4469    .ARM.Collect$$libinit$$00000017  c_w.l(libinit2.o)
    0x08000162   0x08000162   0x00000000   Code   RO         4471    .ARM.Collect$$libinit$$00000019  c_w.l(libinit2.o)
    0x08000162   0x08000162   0x00000000   Code   RO         4473    .ARM.Collect$$libinit$$0000001B  c_w.l(libinit2.o)
    0x08000162   0x08000162   0x00000000   Code   RO         4475    .ARM.Collect$$libinit$$0000001D  c_w.l(libinit2.o)
    0x08000162   0x08000162   0x00000000   Code   RO         4477    .ARM.Collect$$libinit$$0000001F  c_w.l(libinit2.o)
    0x08000162   0x08000162   0x00000000   Code   RO         4479    .ARM.Collect$$libinit$$00000021  c_w.l(libinit2.o)
    0x08000162   0x08000162   0x00000000   Code   RO         4481    .ARM.Collect$$libinit$$00000023  c_w.l(libinit2.o)
    0x08000162   0x08000162   0x00000000   Code   RO         4483    .ARM.Collect$$libinit$$00000025  c_w.l(libinit2.o)
    0x08000162   0x08000162   0x00000000   Code   RO         4487    .ARM.Collect$$libinit$$0000002C  c_w.l(libinit2.o)
    0x08000162   0x08000162   0x00000000   Code   RO         4489    .ARM.Collect$$libinit$$0000002E  c_w.l(libinit2.o)
    0x08000162   0x08000162   0x00000000   Code   RO         4491    .ARM.Collect$$libinit$$00000030  c_w.l(libinit2.o)
    0x08000162   0x08000162   0x00000000   Code   RO         4493    .ARM.Collect$$libinit$$00000032  c_w.l(libinit2.o)
    0x08000162   0x08000162   0x00000002   Code   RO         4494    .ARM.Collect$$libinit$$00000033  c_w.l(libinit2.o)
    0x08000164   0x08000164   0x00000002   Code   RO         4518    .ARM.Collect$$libshutdown$$00000000  c_w.l(libshutdown.o)
    0x08000166   0x08000166   0x00000000   Code   RO         4531    .ARM.Collect$$libshutdown$$00000002  c_w.l(libshutdown2.o)
    0x08000166   0x08000166   0x00000000   Code   RO         4533    .ARM.Collect$$libshutdown$$00000004  c_w.l(libshutdown2.o)
    0x08000166   0x08000166   0x00000000   Code   RO         4536    .ARM.Collect$$libshutdown$$00000007  c_w.l(libshutdown2.o)
    0x08000166   0x08000166   0x00000000   Code   RO         4539    .ARM.Collect$$libshutdown$$0000000A  c_w.l(libshutdown2.o)
    0x08000166   0x08000166   0x00000000   Code   RO         4541    .ARM.Collect$$libshutdown$$0000000C  c_w.l(libshutdown2.o)
    0x08000166   0x08000166   0x00000000   Code   RO         4544    .ARM.Collect$$libshutdown$$0000000F  c_w.l(libshutdown2.o)
    0x08000166   0x08000166   0x00000002   Code   RO         4545    .ARM.Collect$$libshutdown$$00000010  c_w.l(libshutdown2.o)
    0x08000168   0x08000168   0x00000000   Code   RO         4382    .ARM.Collect$$rtentry$$00000000  c_w.l(__rtentry.o)
    0x08000168   0x08000168   0x00000000   Code   RO         4412    .ARM.Collect$$rtentry$$00000002  c_w.l(__rtentry2.o)
    0x08000168   0x08000168   0x00000006   Code   RO         4424    .ARM.Collect$$rtentry$$00000004  c_w.l(__rtentry4.o)
    0x0800016e   0x0800016e   0x00000000   Code   RO         4414    .ARM.Collect$$rtentry$$00000009  c_w.l(__rtentry2.o)
    0x0800016e   0x0800016e   0x00000004   Code   RO         4415    .ARM.Collect$$rtentry$$0000000A  c_w.l(__rtentry2.o)
    0x08000172   0x08000172   0x00000000   Code   RO         4417    .ARM.Collect$$rtentry$$0000000C  c_w.l(__rtentry2.o)
    0x08000172   0x08000172   0x00000008   Code   RO         4418    .ARM.Collect$$rtentry$$0000000D  c_w.l(__rtentry2.o)
    0x0800017a   0x0800017a   0x00000002   Code   RO         4448    .ARM.Collect$$rtexit$$00000000  c_w.l(rtexit.o)
    0x0800017c   0x0800017c   0x00000000   Code   RO         4498    .ARM.Collect$$rtexit$$00000002  c_w.l(rtexit2.o)
    0x0800017c   0x0800017c   0x00000004   Code   RO         4499    .ARM.Collect$$rtexit$$00000003  c_w.l(rtexit2.o)
    0x08000180   0x08000180   0x00000006   Code   RO         4500    .ARM.Collect$$rtexit$$00000004  c_w.l(rtexit2.o)
    0x08000186   0x08000186   0x00000002   PAD
    0x08000188   0x08000188   0x00000040   Code   RO            4    .text               startup_stm32f10x_md.o
    0x080001c8   0x080001c8   0x00000014   Code   RO         4326    .text               c_w.l(strchr.o)
    0x080001dc   0x080001dc   0x00000058   Code   RO         4328    .text               c_w.l(memcmp.o)
    0x08000234   0x08000234   0x0000008a   Code   RO         4330    .text               c_w.l(rt_memcpy_v6.o)
    0x080002be   0x080002be   0x00000064   Code   RO         4332    .text               c_w.l(rt_memcpy_w.o)
    0x08000322   0x08000322   0x00000010   Code   RO         4334    .text               c_w.l(aeabi_memset.o)
    0x08000332   0x08000332   0x00000044   Code   RO         4336    .text               c_w.l(rt_memclr.o)
    0x08000376   0x08000376   0x0000004e   Code   RO         4338    .text               c_w.l(rt_memclr_w.o)
    0x080003c4   0x080003c4   0x00000006   Code   RO         4340    .text               c_w.l(heapauxi.o)
    0x080003ca   0x080003ca   0x00000016   Code   RO         4383    .text               c_w.l(_rserrno.o)
    0x080003e0   0x080003e0   0x00000008   Code   RO         4429    .text               c_w.l(rt_errno_addr_intlibspace.o)
    0x080003e8   0x080003e8   0x00000008   Code   RO         4433    .text               c_w.l(libspace.o)
    0x080003f0   0x080003f0   0x0000004a   Code   RO         4436    .text               c_w.l(sys_stackheap_outer.o)
    0x0800043a   0x0800043a   0x00000012   Code   RO         4438    .text               c_w.l(exit.o)
    0x0800044c   0x0800044c   0x0000000c   Code   RO         4510    .text               c_w.l(sys_exit.o)
    0x08000458   0x08000458   0x00000002   Code   RO         4521    .text               c_w.l(use_no_semi.o)
    0x0800045a   0x0800045a   0x00000000   Code   RO         4523    .text               c_w.l(indicate_semi.o)
    0x0800045a   0x0800045a   0x0000004a   Code   RO         3956    i.Album_IsBin       album.o
    0x080004a4   0x080004a4   0x000000a8   Code   RO         3957    i.Album_Load        album.o
    0x0800054c   0x0800054c   0x00000120   Code   RO         3958    i.Album_Run         album.o
    0x0800066c   0x0800066c   0x000000a0   Code   RO         3959    i.Album_Scan        album.o
    0x0800070c   0x0800070c   0x00000044   Code   RO         3960    i.Album_Show        album.o
    0x08000750   0x08000750   0x00000100   Code   RO         3196    i.App_Game          main.o
    0x08000850   0x08000850   0x00000004   Code   RO         3513    i.BusFault_Handler  stm32f10x_it.o
    0x08000854   0x08000854   0x00000002   Code   RO         3514    i.DebugMon_Handler  stm32f10x_it.o
    0x08000856   0x08000856   0x00000002   PAD
    0x08000858   0x08000858   0x00000064   Code   RO         3333    i.Dino_Collide      gamedino.o
    0x080008bc   0x080008bc   0x00000074   Code   RO         3334    i.Dino_Draw         gamedino.o
    0x08000930   0x08000930   0x000000a0   Code   RO         3335    i.Dino_DrawDino     gamedino.o
    0x080009d0   0x080009d0   0x00000078   Code   RO         3336    i.Dino_DrawGameOver  gamedino.o
    0x08000a48   0x08000a48   0x00000022   Code   RO         3337    i.Dino_DrawObs      gamedino.o
    0x08000a6a   0x08000a6a   0x00000002   PAD
    0x08000a6c   0x08000a6c   0x0000005c   Code   RO         3338    i.Dino_GameInit     gamedino.o
    0x08000ac8   0x08000ac8   0x00000034   Code   RO         3339    i.Dino_Input        gamedino.o
    0x08000afc   0x08000afc   0x000000a0   Code   RO         3340    i.Dino_Obstacles    gamedino.o
    0x08000b9c   0x08000b9c   0x00000048   Code   RO         3341    i.Dino_Physics      gamedino.o
    0x08000be4   0x08000be4   0x00000130   Code   RO         3342    i.Dino_Run          gamedino.o
    0x08000d14   0x08000d14   0x00000090   Code   RO         3343    i.Dino_Spawn        gamedino.o
    0x08000da4   0x08000da4   0x00000116   Code   RO         1347    i.GPIO_Init         stm32f10x_gpio.o
    0x08000eba   0x08000eba   0x00000004   Code   RO         1354    i.GPIO_ResetBits    stm32f10x_gpio.o
    0x08000ebe   0x08000ebe   0x00000004   Code   RO         1355    i.GPIO_SetBits      stm32f10x_gpio.o
    0x08000ec2   0x08000ec2   0x00000002   PAD
    0x08000ec4   0x08000ec4   0x000000d8   Code   RO         3278    i.GameDraw          gamesnake.o
    0x08000f9c   0x08000f9c   0x00000054   Code   RO         3279    i.GameInit          gamesnake.o
    0x08000ff0   0x08000ff0   0x00000078   Code   RO         3280    i.GameOverDraw      gamesnake.o
    0x08001068   0x08001068   0x00000148   Code   RO         3281    i.GameStep          gamesnake.o
    0x080011b0   0x080011b0   0x00000028   Code   RO         3444    i.Gamepad_ButtonPressed  gamepad.o
    0x080011d8   0x080011d8   0x0000000c   Code   RO         3447    i.Gamepad_GetDPad   gamepad.o
    0x080011e4   0x080011e4   0x00000088   Code   RO         3448    i.Gamepad_GetDir    gamepad.o
    0x0800126c   0x0800126c   0x0000000c   Code   RO         3450    i.Gamepad_GetLT     gamepad.o
    0x08001278   0x08001278   0x0000000c   Code   RO         3451    i.Gamepad_GetRT     gamepad.o
    0x08001284   0x08001284   0x000000d0   Code   RO         3452    i.Gamepad_Init      gamepad.o
    0x08001354   0x08001354   0x00000004   Code   RO         3515    i.HardFault_Handler  stm32f10x_it.o
    0x08001358   0x08001358   0x00000004   Code   RO         3516    i.MemManage_Handler  stm32f10x_it.o
    0x0800135c   0x0800135c   0x0000004c   Code   RO         3913    i.Menu_BuildList    menu.o
    0x080013a8   0x080013a8   0x000000ec   Code   RO         3914    i.Menu_DrawList     menu.o
    0x08001494   0x08001494   0x0000004c   Code   RO         3915    i.Menu_DrawPageAt   menu.o
    0x080014e0   0x080014e0   0x00000030   Code   RO         3916    i.Menu_EaseInOutSine  menu.o
    0x08001510   0x08001510   0x00000124   Code   RO         3917    i.Menu_Run          menu.o
    0x08001634   0x08001634   0x0000007c   Code   RO         3918    i.Menu_UpdateAnim   menu.o
    0x080016b0   0x080016b0   0x00000002   Code   RO         3517    i.NMI_Handler       stm32f10x_it.o
    0x080016b2   0x080016b2   0x00000002   PAD
    0x080016b4   0x080016b4   0x00000070   Code   RO          137    i.NVIC_Init         misc.o
    0x08001724   0x08001724   0x00000078   Code   RO         3282    i.PauseScreen       gamesnake.o
    0x0800179c   0x0800179c   0x00000002   Code   RO         3518    i.PendSV_Handler    stm32f10x_it.o
    0x0800179e   0x0800179e   0x00000002   PAD
    0x080017a0   0x080017a0   0x00000020   Code   RO         1777    i.RCC_APB2PeriphClockCmd  stm32f10x_rcc.o
    0x080017c0   0x080017c0   0x000000d4   Code   RO         1785    i.RCC_GetClocksFreq  stm32f10x_rcc.o
    0x08001894   0x08001894   0x0000000c   Code   RO         3845    i.SD_GetSectorCount  sd_spi.o
    0x080018a0   0x080018a0   0x00000120   Code   RO         3846    i.SD_Init           sd_spi.o
    0x080019c0   0x080019c0   0x0000000a   Code   RO         3847    i.SD_ReadByte       sd_spi.o
    0x080019ca   0x080019ca   0x00000002   PAD
    0x080019cc   0x080019cc   0x00000114   Code   RO         3848    i.SD_ReadCSD        sd_spi.o
    0x08001ae0   0x08001ae0   0x00000098   Code   RO         3849    i.SD_ReadSector     sd_spi.o
    0x08001b78   0x08001b78   0x00000060   Code   RO         3850    i.SD_SendCmd        sd_spi.o
    0x08001bd8   0x08001bd8   0x000000b0   Code   RO         3851    i.SD_SpiInit        sd_spi.o
    0x08001c88   0x08001c88   0x00000038   Code   RO         3852    i.SD_SpiTransfer    sd_spi.o
    0x08001cc0   0x08001cc0   0x00000020   Code   RO         3853    i.SD_WaitToken      sd_spi.o
    0x08001ce0   0x08001ce0   0x0000000c   Code   RO         3854    i.SD_WriteByte      sd_spi.o
    0x08001cec   0x08001cec   0x000000d0   Code   RO         3855    i.SD_WriteSector    sd_spi.o
    0x08001dbc   0x08001dbc   0x00000018   Code   RO         2263    i.SPI_Cmd           stm32f10x_spi.o
    0x08001dd4   0x08001dd4   0x00000012   Code   RO         2271    i.SPI_I2S_GetFlagStatus  stm32f10x_spi.o
    0x08001de6   0x08001de6   0x00000006   Code   RO         2274    i.SPI_I2S_ReceiveData  stm32f10x_spi.o
    0x08001dec   0x08001dec   0x00000004   Code   RO         2275    i.SPI_I2S_SendData  stm32f10x_spi.o
    0x08001df0   0x08001df0   0x0000003c   Code   RO         2276    i.SPI_Init          stm32f10x_spi.o
    0x08001e2c   0x08001e2c   0x00000018   Code   RO         2279    i.SPI_StructInit    stm32f10x_spi.o
    0x08001e44   0x08001e44   0x00000014   Code   RO         3622    i.SSD1306_CS_High   ssd1306.o
    0x08001e58   0x08001e58   0x00000014   Code   RO         3623    i.SSD1306_CS_Low    ssd1306.o
    0x08001e6c   0x08001e6c   0x0000001c   Code   RO         3624    i.SSD1306_Clear     ssd1306.o
    0x08001e88   0x08001e88   0x00000014   Code   RO         3625    i.SSD1306_DC_High   ssd1306.o
    0x08001e9c   0x08001e9c   0x00000014   Code   RO         3626    i.SSD1306_DC_Low    ssd1306.o
    0x08001eb0   0x08001eb0   0x00000044   Code   RO         3627    i.SSD1306_Display   ssd1306.o
    0x08001ef4   0x08001ef4   0x00000080   Code   RO         3628    i.SSD1306_DisplayRange  ssd1306.o
    0x08001f74   0x08001f74   0x0000009e   Code   RO         3630    i.SSD1306_DrawLine  ssd1306.o
    0x08002012   0x08002012   0x00000002   PAD
    0x08002014   0x08002014   0x00000064   Code   RO         3631    i.SSD1306_DrawPixel  ssd1306.o
    0x08002078   0x08002078   0x0000004a   Code   RO         3632    i.SSD1306_DrawRect  ssd1306.o
    0x080020c2   0x080020c2   0x00000056   Code   RO         3634    i.SSD1306_FillRect  ssd1306.o
    0x08002118   0x08002118   0x00000018   Code   RO         3635    i.SSD1306_FontAdvance  ssd1306.o
    0x08002130   0x08002130   0x00000044   Code   RO         3636    i.SSD1306_GetFont   ssd1306.o
    0x08002174   0x08002174   0x000000d2   Code   RO         3637    i.SSD1306_Init      ssd1306.o
    0x08002246   0x08002246   0x00000002   PAD
    0x08002248   0x08002248   0x00000014   Code   RO         3639    i.SSD1306_MOSI_High  ssd1306.o
    0x0800225c   0x0800225c   0x00000014   Code   RO         3640    i.SSD1306_MOSI_Low  ssd1306.o
    0x08002270   0x08002270   0x00000014   Code   RO         3641    i.SSD1306_RES_High  ssd1306.o
    0x08002284   0x08002284   0x00000014   Code   RO         3642    i.SSD1306_RES_Low   ssd1306.o
    0x08002298   0x08002298   0x00000014   Code   RO         3643    i.SSD1306_SCK_High  ssd1306.o
    0x080022ac   0x080022ac   0x00000014   Code   RO         3644    i.SSD1306_SCK_Low   ssd1306.o
    0x080022c0   0x080022c0   0x0000000a   Code   RO         3645    i.SSD1306_SPI_Delay  ssd1306.o
    0x080022ca   0x080022ca   0x00000002   PAD
    0x080022cc   0x080022cc   0x00000060   Code   RO         3646    i.SSD1306_SPI_Init  ssd1306.o
    0x0800232c   0x0800232c   0x0000003a   Code   RO         3647    i.SSD1306_SPI_SendByte  ssd1306.o
    0x08002366   0x08002366   0x00000026   Code   RO         3649    i.SSD1306_SetPos    ssd1306.o
    0x0800238c   0x0800238c   0x00000028   Code   RO         3650    i.SSD1306_ShowBitmap  ssd1306.o
    0x080023b4   0x080023b4   0x000000b2   Code   RO         3651    i.SSD1306_ShowBitmapRegion  ssd1306.o
    0x08002466   0x08002466   0x00000106   Code   RO         3652    i.SSD1306_ShowChar  ssd1306.o
    0x0800256c   0x0800256c   0x00000054   Code   RO         3656    i.SSD1306_ShowNum   ssd1306.o
    0x080025c0   0x080025c0   0x0000007e   Code   RO         3657    i.SSD1306_ShowString  ssd1306.o
    0x0800263e   0x0800263e   0x00000018   Code   RO         3658    i.SSD1306_WriteCmd  ssd1306.o
    0x08002656   0x08002656   0x00000028   Code   RO         3659    i.SSD1306_WriteData  ssd1306.o
    0x0800267e   0x0800267e   0x00000002   Code   RO         3519    i.SVC_Handler       stm32f10x_it.o
    0x08002680   0x08002680   0x00000034   Code   RO         3283    i.SetDir            gamesnake.o
    0x080026b4   0x080026b4   0x00000008   Code   RO           24    i.SetSysClock       system_stm32f10x.o
    0x080026bc   0x080026bc   0x000000e0   Code   RO           25    i.SetSysClockTo72   system_stm32f10x.o
    0x0800279c   0x0800279c   0x000000c4   Code   RO         3284    i.Snake_Run         gamesnake.o
    0x08002860   0x08002860   0x0000008c   Code   RO         3285    i.SpawnFood         gamesnake.o
    0x080028ec   0x080028ec   0x000000a4   Code   RO         3286    i.StartScreen       gamesnake.o
    0x08002990   0x08002990   0x00000010   Code   RO         3520    i.SysTick_Handler   stm32f10x_it.o
    0x080029a0   0x080029a0   0x00000060   Code   RO           27    i.SystemInit        system_stm32f10x.o
    0x08002a00   0x08002a00   0x00000188   Code   RO         3453    i.USART1_IRQHandler  gamepad.o
    0x08002b88   0x08002b88   0x00000018   Code   RO         2960    i.USART_Cmd         stm32f10x_usart.o
    0x08002ba0   0x08002ba0   0x00000054   Code   RO         2964    i.USART_GetITStatus  stm32f10x_usart.o
    0x08002bf4   0x08002bf4   0x0000004a   Code   RO         2966    i.USART_ITConfig    stm32f10x_usart.o
    0x08002c3e   0x08002c3e   0x00000002   PAD
    0x08002c40   0x08002c40   0x000000d8   Code   RO         2967    i.USART_Init        stm32f10x_usart.o
    0x08002d18   0x08002d18   0x0000000a   Code   RO         2974    i.USART_ReceiveData  stm32f10x_usart.o
    0x08002d22   0x08002d22   0x00000018   Code   RO         2983    i.USART_StructInit  stm32f10x_usart.o
    0x08002d3a   0x08002d3a   0x00000004   Code   RO         3521    i.UsageFault_Handler  stm32f10x_it.o
    0x08002d3e   0x08002d3e   0x00000002   PAD
    0x08002d40   0x08002d40   0x000000a4   Code   RO         3398    i.Video_DrawList    video.o
    0x08002de4   0x08002de4   0x0000004a   Code   RO         3399    i.Video_IsBin       video.o
    0x08002e2e   0x08002e2e   0x00000002   PAD
    0x08002e30   0x08002e30   0x00000074   Code   RO         3400    i.Video_Open        video.o
    0x08002ea4   0x08002ea4   0x0000003c   Code   RO         3401    i.Video_ParseFps    video.o
    0x08002ee0   0x08002ee0   0x00000240   Code   RO         3402    i.Video_Run         video.o
    0x08003120   0x08003120   0x000000b8   Code   RO         3403    i.Video_Scan        video.o
    0x080031d8   0x080031d8   0x00000044   Code   RO         3404    i.Video_ShowFrame   video.o
    0x0800321c   0x0800321c   0x00000006   Code   RO         4395    i.__mathlib_flt_infnan  m_ws.l(funder.o)
    0x08003222   0x08003222   0x00000008   Code   RO         4397    i.__mathlib_flt_invalid  m_ws.l(funder.o)
    0x0800322a   0x0800322a   0x00000002   PAD
    0x0800322c   0x0800322c   0x00000168   Code   RO         4408    i.__mathlib_rredf2  m_ws.l(rredf.o)
    0x08003394   0x08003394   0x00000078   Code   RO         3576    i.bsp_delay_init    bsp_delay.o
    0x0800340c   0x0800340c   0x00000018   Code   RO         3577    i.bsp_delay_ms      bsp_delay.o
    0x08003424   0x08003424   0x00000030   Code   RO         3578    i.bsp_delay_us      bsp_delay.o
    0x08003454   0x08003454   0x000000e0   Code   RO         3991    i.check_fs          ff.o
    0x08003534   0x08003534   0x0000001a   Code   RO         3992    i.clst2sect         ff.o
    0x0800354e   0x0800354e   0x00000002   PAD
    0x08003550   0x08003550   0x0000017c   Code   RO         4375    i.cosf              m_ws.l(cosf.o)
    0x080036cc   0x080036cc   0x00000120   Code   RO         3993    i.create_chain      ff.o
    0x080037ec   0x080037ec   0x0000011c   Code   RO         3994    i.create_name       ff.o
    0x08003908   0x08003908   0x0000015a   Code   RO         3995    i.create_partition  ff.o
    0x08003a62   0x08003a62   0x0000000c   Code   RO         3996    i.dbc_1st           ff.o
    0x08003a6e   0x08003a6e   0x0000000c   Code   RO         3997    i.dbc_2nd           ff.o
    0x08003a7a   0x08003a7a   0x00000060   Code   RO         3998    i.dir_alloc         ff.o
    0x08003ada   0x08003ada   0x0000005e   Code   RO         3999    i.dir_clear         ff.o
    0x08003b38   0x08003b38   0x0000006c   Code   RO         4000    i.dir_find          ff.o
    0x08003ba4   0x08003ba4   0x000000ca   Code   RO         4001    i.dir_next          ff.o
    0x08003c6e   0x08003c6e   0x00000074   Code   RO         4002    i.dir_read          ff.o
    0x08003ce2   0x08003ce2   0x00000042   Code   RO         4003    i.dir_register      ff.o
    0x08003d24   0x08003d24   0x0000009a   Code   RO         4005    i.dir_sdi           ff.o
    0x08003dbe   0x08003dbe   0x00000018   Code   RO         4285    i.disk_initialize   diskio.o
    0x08003dd6   0x08003dd6   0x0000004e   Code   RO         4286    i.disk_ioctl        diskio.o
    0x08003e24   0x08003e24   0x00000036   Code   RO         4287    i.disk_read         diskio.o
    0x08003e5a   0x08003e5a   0x0000000e   Code   RO         4288    i.disk_status       diskio.o
    0x08003e68   0x08003e68   0x00000036   Code   RO         4289    i.disk_write        diskio.o
    0x08003e9e   0x08003e9e   0x00000022   Code   RO         4006    i.f_close           ff.o
    0x08003ec0   0x08003ec0   0x00000018   Code   RO         4007    i.f_closedir        ff.o
    0x08003ed8   0x08003ed8   0x00000184   Code   RO         4009    i.f_lseek           ff.o
    0x0800405c   0x0800405c   0x00000104   Code   RO         4010    i.f_mkdir           ff.o
    0x08004160   0x08004160   0x000006ac   Code   RO         4011    i.f_mkfs            ff.o
    0x0800480c   0x0800480c   0x00000054   Code   RO         4012    i.f_mount           ff.o
    0x08004860   0x08004860   0x000001f0   Code   RO         4013    i.f_open            ff.o
    0x08004a50   0x08004a50   0x0000006c   Code   RO         4014    i.f_opendir         ff.o
    0x08004abc   0x08004abc   0x0000019c   Code   RO         4015    i.f_read            ff.o
    0x08004c58   0x08004c58   0x0000004e   Code   RO         4016    i.f_readdir         ff.o
    0x08004ca6   0x08004ca6   0x0000003e   Code   RO         4018    i.f_stat            ff.o
    0x08004ce4   0x08004ce4   0x000000a0   Code   RO         4019    i.f_sync            ff.o
    0x08004d84   0x08004d84   0x000001de   Code   RO         4022    i.f_write           ff.o
    0x08004f62   0x08004f62   0x00000078   Code   RO         4023    i.find_volume       ff.o
    0x08004fda   0x08004fda   0x0000009e   Code   RO         4024    i.follow_path       ff.o
    0x08005078   0x08005078   0x000000e0   Code   RO         4025    i.get_fat           ff.o
    0x08005158   0x08005158   0x00000092   Code   RO         4026    i.get_fileinfo      ff.o
    0x080051ea   0x080051ea   0x0000004e   Code   RO         4027    i.get_ldnumber      ff.o
    0x08005238   0x08005238   0x000000b0   Code   RO         3197    i.img_to_page       main.o
    0x080052e8   0x080052e8   0x00000050   Code   RO         3198    i.img_write_all     main.o
    0x08005338   0x08005338   0x00000060   Code   RO         3199    i.img_write_file    main.o
    0x08005398   0x08005398   0x00000026   Code   RO         4028    i.ld_clust          ff.o
    0x080053be   0x080053be   0x00000018   Code   RO         4029    i.ld_dword          ff.o
    0x080053d6   0x080053d6   0x0000000c   Code   RO         4030    i.ld_word           ff.o
    0x080053e2   0x080053e2   0x00000002   PAD
    0x080053e4   0x080053e4   0x0000010c   Code   RO         3200    i.main              main.o
    0x080054f0   0x080054f0   0x000002a8   Code   RO         4031    i.mount_volume      ff.o
    0x08005798   0x08005798   0x00000034   Code   RO         4032    i.move_window       ff.o
    0x080057cc   0x080057cc   0x00000138   Code   RO         4033    i.put_fat           ff.o
    0x08005904   0x08005904   0x0000009a   Code   RO         4034    i.remove_chain      ff.o
    0x0800599e   0x0800599e   0x00000002   PAD
    0x080059a0   0x080059a0   0x00000074   Code   RO         3201    i.sd_fs_init        main.o
    0x08005a14   0x08005a14   0x00000024   Code   RO         4035    i.st_clust          ff.o
    0x08005a38   0x08005a38   0x00000018   Code   RO         4036    i.st_dword          ff.o
    0x08005a50   0x08005a50   0x0000000c   Code   RO         4037    i.st_word           ff.o
    0x08005a5c   0x08005a5c   0x0000008c   Code   RO         4038    i.sync_fs           ff.o
    0x08005ae8   0x08005ae8   0x0000004a   Code   RO         4039    i.sync_window       ff.o
    0x08005b32   0x08005b32   0x0000003c   Code   RO         4040    i.validate          ff.o
    0x08005b6e   0x08005b6e   0x00000002   PAD
    0x08005b70   0x08005b70   0x000000c4   Code   RO         4344    x$fpl$fadd          fz_ws.l(faddsub_clz.o)
    0x08005c34   0x08005c34   0x0000000c   Code   RO         4446    x$fpl$fcheck1       fz_ws.l(fcheck1.o)
    0x08005c40   0x08005c40   0x00000184   Code   RO         4351    x$fpl$fdiv          fz_ws.l(fdiv.o)
    0x08005dc4   0x08005dc4   0x00000036   Code   RO         4354    x$fpl$ffix          fz_ws.l(ffix.o)
    0x08005dfa   0x08005dfa   0x00000002   PAD
    0x08005dfc   0x08005dfc   0x00000030   Code   RO         4363    x$fpl$fflt          fz_ws.l(fflt_clz.o)
    0x08005e2c   0x08005e2c   0x00000026   Code   RO         4362    x$fpl$ffltu         fz_ws.l(fflt_clz.o)
    0x08005e52   0x08005e52   0x00000002   PAD
    0x08005e54   0x08005e54   0x00000102   Code   RO         4370    x$fpl$fmul          fz_ws.l(fmul.o)
    0x08005f56   0x08005f56   0x0000008c   Code   RO         4387    x$fpl$fnaninf       fz_ws.l(fnaninf.o)
    0x08005fe2   0x08005fe2   0x0000000a   Code   RO         4389    x$fpl$fretinf       fz_ws.l(fretinf.o)
    0x08005fec   0x08005fec   0x00000060   Code   RO         4391    x$fpl$frnd          fz_ws.l(frnd.o)
    0x0800604c   0x0800604c   0x00000014   Code   RO         4345    x$fpl$frsb          fz_ws.l(faddsub_clz.o)
    0x08006060   0x08006060   0x000000ea   Code   RO         4346    x$fpl$fsub          fz_ws.l(faddsub_clz.o)
    0x0800614a   0x0800614a   0x00000064   Code   RO         4495    x$fpl$retnan        fz_ws.l(retnan.o)
    0x080061ae   0x080061ae   0x0000004c   Code   RO         4431    x$fpl$scalbnf       fz_ws.l(scalbnf.o)
    0x080061fa   0x080061fa   0x00000030   Code   RO         4508    x$fpl$trapveneer    fz_ws.l(trapv.o)
    0x0800622a   0x0800622a   0x00000000   Code   RO         4393    x$fpl$usenofp       fz_ws.l(usenofp.o)
    0x0800622a   0x0800622a   0x00000002   PAD
    0x0800622c   0x0800622c   0x00001010   Data   RO         3203    .constdata          main.o
    0x0800723c   0x0800723c   0x0000000a   Data   RO         3406    .constdata          video.o
    0x08007246   0x08007246   0x000008e8   Data   RO         3610    .constdata          fonts.o
    0x08007b2e   0x08007b2e   0x00000002   PAD
    0x08007b30   0x08007b30   0x000000ac   Data   RO         4041    .constdata          ff.o
    0x08007bdc   0x08007bdc   0x00000020   Data   RO         4409    .constdata          m_ws.l(rredf.o)
    0x08007bfc   0x08007bfc   0x00000027   Data   RO         3204    .conststring        main.o
    0x08007c23   0x08007c23   0x00000001   PAD
    0x08007c24   0x08007c24   0x00000020   Data   RO         4576    Region$$Table       anon$$obj.o


    Execution Region RW_IRAM1 (Exec base: 0x20000000, Load base: 0x08007c44, Size: 0x00003590, Max: 0x00005000, ABSOLUTE)

    Exec Addr    Load Addr    Size         Type   Attr      Idx    E Section Name        Object

    0x20000000   0x08007c44   0x00000014   Data   RW           28    .data               system_stm32f10x.o
    0x20000014   0x08007c58   0x00000014   Data   RW         1805    .data               stm32f10x_rcc.o
    0x20000028   0x08007c6c   0x00000040   Data   RW         3205    .data               main.o
    0x20000068   0x08007cac   0x0000000d   Data   RW         3288    .data               gamesnake.o
    0x20000075   0x08007cb9   0x00000003   PAD
    0x20000078   0x08007cbc   0x00000010   Data   RW         3345    .data               gamedino.o
    0x20000088   0x08007ccc   0x0000000a   Data   RW         3407    .data               video.o
    0x20000092   0x08007cd6   0x00000017   Data   RW         3455    .data               gamepad.o
    0x200000a9   0x08007ced   0x00000003   PAD
    0x200000ac   0x08007cf0   0x00000004   Data   RW         3579    .data               bsp_delay.o
    0x200000b0   0x08007cf4   0x00000008   Data   RW         3856    .data               sd_spi.o
    0x200000b8   0x08007cfc   0x00000010   Data   RW         3919    .data               menu.o
    0x200000c8   0x08007d0c   0x00000002   Data   RW         3962    .data               album.o
    0x200000ca   0x08007d0e   0x00000002   PAD
    0x200000cc   0x08007d10   0x00000006   Data   RW         4042    .data               ff.o
    0x200000d2   0x08007d16   0x00000002   PAD
    0x200000d4        -       0x00001a30   Zero   RW         3202    .bss                main.o
    0x20001b04        -       0x000000e0   Zero   RW         3287    .bss                gamesnake.o
    0x20001be4        -       0x00000010   Zero   RW         3344    .bss                gamedino.o
    0x20001bf4        -       0x000006a8   Zero   RW         3405    .bss                video.o
    0x2000229c        -       0x00000012   Zero   RW         3454    .bss                gamepad.o
    0x200022ae        -       0x00000800   Zero   RW         3660    .bss                ssd1306.o
    0x20002aae        -       0x00000480   Zero   RW         3961    .bss                album.o
    0x20002f2e   0x08007d16   0x00000002   PAD
    0x20002f30        -       0x00000060   Zero   RW         4434    .bss                c_w.l(libspace.o)
    0x20002f90        -       0x00000200   Zero   RW            2    HEAP                startup_stm32f10x_md.o
    0x20003190        -       0x00000400   Zero   RW            1    STACK               startup_stm32f10x_md.o


==============================================================================

Image component sizes


      Code (inc. data)   RO Data    RW Data    ZI Data      Debug   Object Name

       758        106          0          2       1152       3836   album.o
       192         36          0          4          0      17298   bsp_delay.o
         0          0          0          0          0       4572   core_cm3.o
       224          0          0          0          0       3538   diskio.o
      8664        170        172          6          0      54496   ff.o
         0          0       2280          0          0        549   fonts.o
      1354        206          0         16         16       6411   gamedino.o
       812        126          0         23         18       4758   gamepad.o
      1420        258          0         13        224       5844   gamesnake.o
       992        194       4151         64       6704       8127   main.o
       852        104          0         16          0       4355   menu.o
       112         12          0          0          0     204324   misc.o
      1318         78          0          8          0       7848   sd_spi.o
      2100        110          0          0       2048      18683   ssd1306.o
        64         26        236          0       1536        828   startup_stm32f10x_md.o
         0          0          0          0          0       1660   stm32f10x_adc.o
       286          0          0          0          0      11220   stm32f10x_gpio.o
        40          4          0          0          0       3782   stm32f10x_it.o
       244         26          0         20          0      12457   stm32f10x_rcc.o
       136          0          0          0          0      11003   stm32f10x_spi.o
       432          6          0          0          0      11301   stm32f10x_usart.o
       328         28          0         20          0      32097   system_stm32f10x.o
      1242        194         10         10       1704       5592   video.o

    ----------------------------------------------------------------------
     21602       1684       6884        212      13404     434579   Object Totals
         0          0         32          0          0          0   (incl. Generated)
        32          0          3         10          2          0   (incl. Padding)

    ----------------------------------------------------------------------

      Code (inc. data)   RO Data    RW Data    ZI Data      Debug   Library Member Name

         8          0          0          0          0         68   __main.o
         0          0          0          0          0          0   __rtentry.o
        12          0          0          0          0          0   __rtentry2.o
         6          0          0          0          0          0   __rtentry4.o
        52          8          0          0          0          0   __scatter.o
        26          0          0          0          0          0   __scatter_copy.o
        28          0          0          0          0          0   __scatter_zi.o
        22          0          0          0          0        100   _rserrno.o
        16          0          0          0          0         68   aeabi_memset.o
        18          0          0          0          0         80   exit.o
         6          0          0          0          0        152   heapauxi.o
         0          0          0          0          0          0   indicate_semi.o
         2          0          0          0          0          0   libinit.o
         2          0          0          0          0          0   libinit2.o
         2          0          0          0          0          0   libshutdown.o
         2          0          0          0          0          0   libshutdown2.o
         8          4          0          0         96         68   libspace.o
        88          0          0          0          0         76   memcmp.o
         8          4          0          0          0         68   rt_errno_addr_intlibspace.o
        68          0          0          0          0         68   rt_memclr.o
        78          0          0          0          0         80   rt_memclr_w.o
       138          0          0          0          0         68   rt_memcpy_v6.o
       100          0          0          0          0         80   rt_memcpy_w.o
         2          0          0          0          0          0   rtexit.o
        10          0          0          0          0          0   rtexit2.o
        20          0          0          0          0         68   strchr.o
        12          4          0          0          0         68   sys_exit.o
        74          0          0          0          0         80   sys_stackheap_outer.o
         2          0          0          0          0         68   use_no_semi.o
       450          8          0          0          0        236   faddsub_clz.o
        12          4          0          0          0         68   fcheck1.o
       388         76          0          0          0         96   fdiv.o
        54          4          0          0          0         84   ffix.o
        86          0          0          0          0        136   fflt_clz.o
       258          4          0          0          0         84   fmul.o
       140          4          0          0          0         84   fnaninf.o
        10          0          0          0          0         68   fretinf.o
        96          4          0          0          0         76   frnd.o
       100          0          0          0          0         68   retnan.o
        76          0          0          0          0         68   scalbnf.o
        48          0          0          0          0         68   trapv.o
         0          0          0          0          0          0   usenofp.o
       380         52          0          0          0        124   cosf.o
        14          0          0          0          0        136   funder.o
       360         16         32          0          0         88   rredf.o

    ----------------------------------------------------------------------
      3294        192         32          0         96       2744   Library Totals
        12          0          0          0          0          0   (incl. Padding)

    ----------------------------------------------------------------------

      Code (inc. data)   RO Data    RW Data    ZI Data      Debug   Library Name

       810         20          0          0         96       1260   c_w.l
      1718        104          0          0          0       1136   fz_ws.l
       754         68         32          0          0        348   m_ws.l

    ----------------------------------------------------------------------
      3294        192         32          0         96       2744   Library Totals

    ----------------------------------------------------------------------

==============================================================================


      Code (inc. data)   RO Data    RW Data    ZI Data      Debug   

     24896       1876       6916        212      13500     426815   Grand Totals
     24896       1876       6916        212      13500     426815   ELF Image Totals
     24896       1876       6916        212          0          0   ROM Totals

==============================================================================

    Total RO  Size (Code + RO Data)                31812 (  31.07kB)
    Total RW  Size (RW Data + ZI Data)             13712 (  13.39kB)
    Total ROM Size (Code + RO Data + RW Data)      32024 (  31.27kB)

==============================================================================

